<!doctype html public "-//w3c//dtd html 4.0 transitional//en">
<html><head>
<title>Static Call Graph - [..\Output\STM32F429.axf]</title></head>
<body><HR>
<H1>Static Call Graph for image ..\Output\STM32F429.axf</H1><HR>
<BR><P>#&#060CALLGRAPH&#062# ARM Linker, 5060750: Last Updated: Wed Mar 03 20:42:11 2021
<BR><P>
<H3>Maximum Stack Usage =        176 bytes + Unknown(Functions without stacksize, Cycles, Untraceable Function Pointers)</H3><H3>
Call chain for Maximum Stack Depth:</H3>
main &rArr; SystemClock_Config &rArr; HAL_RCC_ClockConfig &rArr; HAL_RCC_GetSysClockFreq &rArr; __aeabi_uldivmod
<P>
<H3>
Functions with no stack information
</H3><UL>
 <LI><a href="#[10f]">GL_SetDefault</a>
 <LI><a href="#[22d]">GUICC_M1555I_SetCustColorConv</a>
 <LI><a href="#[22f]">GUICC_M4444I_SetCustColorConv</a>
 <LI><a href="#[22e]">GUICC_M565_SetCustColorConv</a>
 <LI><a href="#[231]">GUICC_M8888I_SetCustColorConv</a>
 <LI><a href="#[230]">GUICC_M888_SetCustColorConv</a>
 <LI><a href="#[eb]">GUIMONO_DispChar</a>
 <LI><a href="#[ec]">GUIMONO_GetCharDistX</a>
 <LI><a href="#[ed]">GUIMONO_GetFontInfo</a>
 <LI><a href="#[ee]">GUIMONO_IsInFont</a>
 <LI><a href="#[cf]">GUIPROP_DispChar</a>
 <LI><a href="#[d0]">GUIPROP_GetCharDistX</a>
 <LI><a href="#[d1]">GUIPROP_GetFontInfo</a>
 <LI><a href="#[d2]">GUIPROP_IsInFont</a>
 <LI><a href="#[118]">GUI_ALLOC_AllocNoInit</a>
 <LI><a href="#[11a]">GUI_ALLOC_AllocZero</a>
 <LI><a href="#[1f5]">GUI_ALLOC_AssignMemory</a>
 <LI><a href="#[11b]">GUI_ALLOC_Free</a>
 <LI><a href="#[135]">GUI_ALLOC_FreeFixedBlock</a>
 <LI><a href="#[11d]">GUI_ALLOC_GetFixedBlock</a>
 <LI><a href="#[120]">GUI_ALLOC_GetMaxSize</a>
 <LI><a href="#[156]">GUI_ALLOC_LockH</a>
 <LI><a href="#[121]">GUI_ALLOC_RequestSize</a>
 <LI><a href="#[157]">GUI_ALLOC_UnlockH</a>
 <LI><a href="#[177]">GUI_ALLOC_h2p</a>
 <LI><a href="#[122]">GUI_CURSOR_SelectEx</a>
 <LI><a href="#[12e]">GUI_CURSOR_Show</a>
 <LI><a href="#[1e6]">GUI_CalcColorDist</a>
 <LI><a href="#[128]">GUI_Clear</a>
 <LI><a href="#[187]">GUI_DCACHE_Clear</a>
 <LI><a href="#[132]">GUI_DEVICE_Create</a>
 <LI><a href="#[133]">GUI_DEVICE_CreateAndLink</a>
 <LI><a href="#[134]">GUI_DEVICE_Delete</a>
 <LI><a href="#[15c]">GUI_DEVICE_Link</a>
 <LI><a href="#[18e]">GUI_DEVICE_Unlink</a>
 <LI><a href="#[163]">GUI_DEVICE__GetpDriver</a>
 <LI><a href="#[136]">GUI_Delay</a>
 <LI><a href="#[13a]">GUI_DispString</a>
 <LI><a href="#[129]">GUI_DrawBitmap</a>
 <LI><a href="#[138]">GUI_Exec</a>
 <LI><a href="#[1e9]">GUI_GetBitmapPixelIndex</a>
 <LI><a href="#[1e8]">GUI_GetBitmapPixelIndexEx</a>
 <LI><a href="#[17f]">GUI_GetBitsPerPixelEx</a>
 <LI><a href="#[116]">GUI_GetBkColor</a>
 <LI><a href="#[1a5]">GUI_GetCharDistX</a>
 <LI><a href="#[1a6]">GUI_GetCharDistXEx</a>
 <LI><a href="#[115]">GUI_GetColor</a>
 <LI><a href="#[123]">GUI_GetCursorLayer</a>
 <LI><a href="#[255]">GUI_GetDrawMode</a>
 <LI><a href="#[13c]">GUI_GetFontDistY</a>
 <LI><a href="#[147]">GUI_GetLayerPosEx</a>
 <LI><a href="#[169]">GUI_GetOrg</a>
 <LI><a href="#[19e]">GUI_GetVersionString</a>
 <LI><a href="#[13d]">GUI_GetYAdjust</a>
 <LI><a href="#[181]">GUI_GetpfColor2IndexEx</a>
 <LI><a href="#[180]">GUI_GetpfIndex2ColorEx</a>
 <LI><a href="#[12f]">GUI_GotoXY</a>
 <LI><a href="#[149]">GUI_Init</a>
 <LI><a href="#[155]">GUI_MEMDEV_Clear</a>
 <LI><a href="#[158]">GUI_MEMDEV_CopyToLCD</a>
 <LI><a href="#[161]">GUI_MEMDEV_CreateEx</a>
 <LI><a href="#[164]">GUI_MEMDEV_Delete</a>
 <LI><a href="#[166]">GUI_MEMDEV_Draw</a>
 <LI><a href="#[171]">GUI_MEMDEV_GetBitsPerPixel</a>
 <LI><a href="#[173]">GUI_MEMDEV_GetDataPtr</a>
 <LI><a href="#[16a]">GUI_MEMDEV_GetYSize</a>
 <LI><a href="#[72]">GUI_MEMDEV_Paint1Static</a>
 <LI><a href="#[16c]">GUI_MEMDEV_ReduceYSize</a>
 <LI><a href="#[16b]">GUI_MEMDEV_Select</a>
 <LI><a href="#[16d]">GUI_MEMDEV_SetOrg</a>
 <LI><a href="#[178]">GUI_MEMDEV_Write</a>
 <LI><a href="#[162]">GUI_MEMDEV__CreateFixed</a>
 <LI><a href="#[84]">GUI_MEMDEV__WriteToActiveAlpha</a>
 <LI><a href="#[17c]">GUI_MEMDEV__WriteToActiveAt</a>
 <LI><a href="#[15f]">GUI_MEMDEV__WriteToActiveOpaque</a>
 <LI><a href="#[184]">GUI_MULTIBUF_BeginEx</a>
 <LI><a href="#[185]">GUI_MULTIBUF_ConfigEx</a>
 <LI><a href="#[240]">GUI_MULTIBUF_ConfirmEx</a>
 <LI><a href="#[186]">GUI_MULTIBUF_EndEx</a>
 <LI><a href="#[1da]">GUI_MergeRect</a>
 <LI><a href="#[1d1]">GUI_MoveRect</a>
 <LI><a href="#[188]">GUI_PollKeyMsg</a>
 <LI><a href="#[18a]">GUI_ReadRectEx</a>
 <LI><a href="#[1e1]">GUI_RectsIntersect</a>
 <LI><a href="#[18c]">GUI_RestoreContext</a>
 <LI><a href="#[12d]">GUI_SPRITE_Delete</a>
 <LI><a href="#[12c]">GUI_SPRITE_Show</a>
 <LI><a href="#[124]">GUI_SPRITE__CreateEx</a>
 <LI><a href="#[191]">GUI_SaveContext_W</a>
 <LI><a href="#[160]">GUI_SelectLCD</a>
 <LI><a href="#[126]">GUI_SelectLayer</a>
 <LI><a href="#[127]">GUI_SetBkColor</a>
 <LI><a href="#[117]">GUI_SetColor</a>
 <LI><a href="#[142]">GUI_SetDrawMode</a>
 <LI><a href="#[242]">GUI_SetFont</a>
 <LI><a href="#[232]">GUI_SetFuncAlphaBlending</a>
 <LI><a href="#[233]">GUI_SetFuncGetpPalConvTable</a>
 <LI><a href="#[234]">GUI_SetFuncMixColors</a>
 <LI><a href="#[235]">GUI_SetFuncMixColorsBulk</a>
 <LI><a href="#[12a]">GUI_SetLayerSizeEx</a>
 <LI><a href="#[12b]">GUI_SetLayerVisEx</a>
 <LI><a href="#[153]">GUI_SetOrg</a>
 <LI><a href="#[196]">GUI_SignalEvent</a>
 <LI><a href="#[195]">GUI_StoreKey</a>
 <LI><a href="#[197]">GUI_TIMER_Delete</a>
 <LI><a href="#[198]">GUI_TIMER_GetFlag</a>
 <LI><a href="#[199]">GUI_TIMER__GetFirstTimer</a>
 <LI><a href="#[19a]">GUI_TIMER__GetNextTimerLin</a>
 <LI><a href="#[1a4]">GUI_UC__GetCharCodeInc</a>
 <LI><a href="#[141]">GUI_UC__NumChars2NumBytes</a>
 <LI><a href="#[1ea]">GUI_USAGE_AddRect</a>
 <LI><a href="#[17d]">GUI_USAGE_BM_Create</a>
 <LI><a href="#[165]">GUI_USAGE_DecUseCnt</a>
 <LI><a href="#[19b]">GUI__AllocAlphaBuffer</a>
 <LI><a href="#[175]">GUI__AlphaPreserveTrans</a>
 <LI><a href="#[182]">GUI__CompactPixelIndices</a>
 <LI><a href="#[1f1]">GUI__CompactPixelIndicesEx</a>
 <LI><a href="#[14a]">GUI__Config</a>
 <LI><a href="#[140]">GUI__DispLine</a>
 <LI><a href="#[1a2]">GUI__DoAlphaBlending</a>
 <LI><a href="#[1a3]">GUI__ExpandPixelIndicesEx</a>
 <LI><a href="#[13f]">GUI__GetLineDistX</a>
 <LI><a href="#[13e]">GUI__GetLineNumChars</a>
 <LI><a href="#[1cc]">GUI__IntersectRect</a>
 <LI><a href="#[1b7]">GUI__IntersectRects</a>
 <LI><a href="#[1a7]">GUI__ManageCache</a>
 <LI><a href="#[101]">GUI__MixColors</a>
 <LI><a href="#[102]">GUI__MixColorsBulk</a>
 <LI><a href="#[125]">GUI__RegisterExit</a>
 <LI><a href="#[1a8]">GUI__memset</a>
 <LI><a href="#[106]">LCD_AA_MixColors16</a>
 <LI><a href="#[19d]">LCD_AA_SetOrMask</a>
 <LI><a href="#[1b2]">LCD_Color2Index</a>
 <LI><a href="#[9f]">LCD_Color2Index_8666</a>
 <LI><a href="#[113]">LCD_DrawBitmap</a>
 <LI><a href="#[be]">LCD_DrawHLine</a>
 <LI><a href="#[bf]">LCD_DrawPixel</a>
 <LI><a href="#[114]">LCD_FillRect</a>
 <LI><a href="#[1a9]">LCD_GetBitsPerPixelEx</a>
 <LI><a href="#[144]">LCD_GetBkColorIndex</a>
 <LI><a href="#[146]">LCD_GetColorIndex</a>
 <LI><a href="#[256]">LCD_GetDevFunc</a>
 <LI><a href="#[1aa]">LCD_GetMirrorXEx</a>
 <LI><a href="#[1ab]">LCD_GetMirrorYEx</a>
 <LI><a href="#[1ac]">LCD_GetNumColors</a>
 <LI><a href="#[1ad]">LCD_GetNumColorsEx</a>
 <LI><a href="#[1ae]">LCD_GetNumLayers</a>
 <LI><a href="#[1af]">LCD_GetPalette</a>
 <LI><a href="#[148]">LCD_GetPosEx</a>
 <LI><a href="#[1b0]">LCD_GetSwapXYEx</a>
 <LI><a href="#[16f]">LCD_GetVXSizeEx</a>
 <LI><a href="#[19c]">LCD_GetVXSizeMax</a>
 <LI><a href="#[170]">LCD_GetVYSizeEx</a>
 <LI><a href="#[179]">LCD_GetXSize</a>
 <LI><a href="#[14e]">LCD_GetXSizeDisplay</a>
 <LI><a href="#[167]">LCD_GetXSizeEx</a>
 <LI><a href="#[150]">LCD_GetXSizeMax</a>
 <LI><a href="#[17a]">LCD_GetYSize</a>
 <LI><a href="#[14f]">LCD_GetYSizeDisplay</a>
 <LI><a href="#[168]">LCD_GetYSizeEx</a>
 <LI><a href="#[151]">LCD_GetYSizeMax</a>
 <LI><a href="#[1b1]">LCD_GetpPalConvTable</a>
 <LI><a href="#[100]">LCD_GetpPalConvTableBM</a>
 <LI><a href="#[145]">LCD_Index2Color</a>
 <LI><a href="#[a0]">LCD_Index2Color_8666</a>
 <LI><a href="#[b6]">LCD_Index2Color_M565</a>
 <LI><a href="#[6c]">LCD_Index2Color_M888</a>
 <LI><a href="#[6b]">LCD_Index2Color_M8888I</a>
 <LI><a href="#[1b3]">LCD_InitColors</a>
 <LI><a href="#[1b4]">LCD_InitLUT</a>
 <LI><a href="#[192]">LCD_SelectLCD</a>
 <LI><a href="#[110]">LCD_SetBkColor</a>
 <LI><a href="#[1bc]">LCD_SetBkColorIndex</a>
 <LI><a href="#[1b6]">LCD_SetClipRectEx</a>
 <LI><a href="#[15e]">LCD_SetClipRectMax</a>
 <LI><a href="#[111]">LCD_SetColor</a>
 <LI><a href="#[1bb]">LCD_SetColorIndex</a>
 <LI><a href="#[1b8]">LCD_SetDevFunc</a>
 <LI><a href="#[152]">LCD_SetDisplaySize</a>
 <LI><a href="#[112]">LCD_SetDrawMode</a>
 <LI><a href="#[1b5]">LCD_SetLUTEntryEx</a>
 <LI><a href="#[193]">LCD_SetSizeEx</a>
 <LI><a href="#[1b9]">LCD_SetVRAMAddrEx</a>
 <LI><a href="#[1ba]">LCD_SetVSizeEx</a>
 <LI><a href="#[194]">LCD_SetVisEx</a>
 <LI><a href="#[15d]">LCD_UpdateColorIndices</a>
 <LI><a href="#[183]">LCD__DrawBitmap_1bpp</a>
 <LI><a href="#[172]">LCD__GetBPPDevice</a>
 <LI><a href="#[15a]">WM_Activate</a>
 <LI><a href="#[1bd]">WM_BringToBottom</a>
 <LI><a href="#[1c0]">WM_CreateWindowAsChild</a>
 <LI><a href="#[15b]">WM_Deactivate</a>
 <LI><a href="#[1c4]">WM_DefaultProc</a>
 <LI><a href="#[143]">WM_Exec</a>
 <LI><a href="#[174]">WM_GetDesktopWindow</a>
 <LI><a href="#[1ce]">WM_GetFirstChild</a>
 <LI><a href="#[1cf]">WM_GetParent</a>
 <LI><a href="#[176]">WM_GetWindowOrgX</a>
 <LI><a href="#[154]">WM_Init</a>
 <LI><a href="#[1d4]">WM_InvalidateWindowAndDescsEx</a>
 <LI><a href="#[260]">WM_MULTIBUF_Enable</a>
 <LI><a href="#[1d5]">WM_MoveWindow</a>
 <LI><a href="#[1c9]">WM_NotifyParent</a>
 <LI><a href="#[189]">WM_OnKey</a>
 <LI><a href="#[1d8]">WM_ResizeWindow</a>
 <LI><a href="#[1dd]">WM_SendMessageNoPara</a>
 <LI><a href="#[1c6]">WM_SendToParent</a>
 <LI><a href="#[17b]">WM_SetSize</a>
 <LI><a href="#[1de]">WM__ActivateClipRect</a>
 <LI><a href="#[1d0]">WM__AddCriticalHandle</a>
 <LI><a href="#[1c8]">WM__DeleteAssocTimer</a>
 <LI><a href="#[1c5]">WM__GetClientRectEx</a>
 <LI><a href="#[1df]">WM__GetClientRectWin</a>
 <LI><a href="#[131]">WM__GetNextIVR</a>
 <LI><a href="#[1be]">WM__GetPrevSibling</a>
 <LI><a href="#[130]">WM__InitIVRSearch</a>
 <LI><a href="#[1c1]">WM__InsertWindowIntoList</a>
 <LI><a href="#[1d3]">WM__InvalidateDrawAndDescs</a>
 <LI><a href="#[1d7]">WM__InvalidateParent</a>
 <LI><a href="#[1ca]">WM__InvalidateRect</a>
 <LI><a href="#[1bf]">WM__InvalidateRectEx</a>
 <LI><a href="#[71]">WM__Paint1</a>
 <LI><a href="#[1c2]">WM__SendMessage</a>
 <LI><a href="#[16e]">WM__SendMessageNoPara</a>
 <LI><a href="#[1dc]">WM__SendMsgNoData</a>
 <LI><a href="#[1db]">WM__UpdateChildPositions</a>
 <LI><a href="#[14d]">emWin_LCD_Init</a>
 <LI><a href="#[9a]">_Color2Index_1616I</a>
 <LI><a href="#[9b]">_Index2Color_1616I</a>
 <LI><a href="#[9c]">_GetIndexMask_1616I</a>
 <LI><a href="#[9d]">_Color2IndexBulk_1616I</a>
 <LI><a href="#[9e]">_Index2ColorBulk_1616I</a>
 <LI><a href="#[a1]">_GetIndexMask_8666</a>
 <LI><a href="#[a2]">_Color2Index_88666I</a>
 <LI><a href="#[a3]">_Index2Color_88666I</a>
 <LI><a href="#[a4]">_GetIndexMask_88666I</a>
 <LI><a href="#[a5]">_Color2IndexBulk_88666I</a>
 <LI><a href="#[a6]">_Index2ColorBulk_88666I</a>
 <LI><a href="#[a7]">_Color2Index_M1555I</a>
 <LI><a href="#[a8]">_Index2Color_M1555I</a>
 <LI><a href="#[a9]">_GetIndexMask_M1555I</a>
 <LI><a href="#[aa]">_Color2IndexBulk_M1555I</a>
 <LI><a href="#[ab]">_Index2ColorBulk_M1555I</a>
 <LI><a href="#[ac]">_Color2Index_M4444I</a>
 <LI><a href="#[ad]">_Index2Color_M4444I</a>
 <LI><a href="#[ae]">_GetIndexMask_M4444I</a>
 <LI><a href="#[af]">_Color2IndexBulk_M4444I</a>
 <LI><a href="#[b0]">_Index2ColorBulk_M4444I</a>
 <LI><a href="#[b1]">_Color2Index_M8888I</a>
 <LI><a href="#[b2]">_GetIndexMask_M8888I</a>
 <LI><a href="#[b3]">_Color2IndexBulk_M8888I</a>
 <LI><a href="#[b4]">_Index2ColorBulk_M8888I</a>
 <LI><a href="#[b5]">_Color2Index_M565</a>
 <LI><a href="#[b7]">_GetIndexMask_M565</a>
 <LI><a href="#[b8]">_Color2IndexBulk</a>
 <LI><a href="#[b9]">_Index2ColorBulk</a>
 <LI><a href="#[ba]">_Color2Index_M888</a>
 <LI><a href="#[bb]">_GetIndexMask_M888</a>
 <LI><a href="#[bc]">_Color2IndexBulk</a>
 <LI><a href="#[bd]">_Index2ColorBulk</a>
 <LI><a href="#[11c]">_AddFreeMemory</a>
 <LI><a href="#[11f]">_RemoveHoles</a>
 <LI><a href="#[119]">_Alloc</a>
 <LI><a href="#[11e]">_EnlargeBlocks</a>
 <LI><a href="#[14c]">_InitContext</a>
 <LI><a href="#[6a]">_OnExit</a>
 <LI><a href="#[67]">_OnExit</a>
 <LI><a href="#[13b]">GUI_DispString.part.0</a>
 <LI><a href="#[68]">_OnExit</a>
 <LI><a href="#[69]">_OnExit</a>
 <LI><a href="#[c1]">_SetBkColor</a>
 <LI><a href="#[c0]">_SetColor</a>
 <LI><a href="#[c2]">_SetDrawMode</a>
 <LI><a href="#[6d]">_OnExit</a>
 <LI><a href="#[ce]">_GetRect</a>
 <LI><a href="#[c8]">_SetPixelIndex</a>
 <LI><a href="#[c7]">_GetPixelIndex</a>
 <LI><a href="#[cc]">_GetDevProp</a>
 <LI><a href="#[cd]">_GetDevData</a>
 <LI><a href="#[cb]">_GetDevFunc</a>
 <LI><a href="#[73]">_SetVRAMAddr</a>
 <LI><a href="#[74]">_SetVis</a>
 <LI><a href="#[75]">_GetPos</a>
 <LI><a href="#[76]">_SetPos</a>
 <LI><a href="#[77]">_SetAlpha</a>
 <LI><a href="#[78]">_SetVRAM_BufferPTR</a>
 <LI><a href="#[79]">_ShowBuffer</a>
 <LI><a href="#[7a]">_CopyBuffer</a>
 <LI><a href="#[7b]">_SetDevFunc</a>
 <LI><a href="#[7c]">_SetChroma</a>
 <LI><a href="#[7d]">_SetChromaMode</a>
 <LI><a href="#[7e]">_SetAlphaMode</a>
 <LI><a href="#[7f]">_Off</a>
 <LI><a href="#[80]">_On</a>
 <LI><a href="#[81]">_Init</a>
 <LI><a href="#[82]">_SetSize</a>
 <LI><a href="#[83]">_SetVSize</a>
 <LI><a href="#[ca]">_SetOrg</a>
 <LI><a href="#[c6]">_FillRect</a>
 <LI><a href="#[c4]">_DrawHLine</a>
 <LI><a href="#[c5]">_DrawVLine</a>
 <LI><a href="#[c3]">_DrawBitmap</a>
 <LI><a href="#[c9]">_XorPixel</a>
 <LI><a href="#[d4]">_MULTIBUF_End</a>
 <LI><a href="#[d3]">_MULTIBUF_Begin</a>
 <LI><a href="#[d5]">_Color2Index_16</a>
 <LI><a href="#[d6]">_Index2Color_16</a>
 <LI><a href="#[d7]">_GetIndexMask_16</a>
 <LI><a href="#[da]">_GetIndexMask_0</a>
 <LI><a href="#[d9]">_Index2Color_0</a>
 <LI><a href="#[d8]">_Color2Index_0</a>
 <LI><a href="#[103]">_Log2VisBuffered</a>
 <LI><a href="#[1a1]">_DispLine</a>
 <LI><a href="#[e5]">_GetDevData</a>
 <LI><a href="#[e2]">_SetOrg</a>
 <LI><a href="#[e3]">_GetDevFunc</a>
 <LI><a href="#[e4]">_GetDevProp</a>
 <LI><a href="#[e6]">_GetRect</a>
 <LI><a href="#[e1]">_XorPixel</a>
 <LI><a href="#[de]">_FillRect</a>
 <LI><a href="#[190]">_DoColorConversion.isra.3</a>
 <LI><a href="#[1e7]">_CreateBuffer.isra.4</a>
 <LI><a href="#[1f0]">_SetBkIndexBuffered</a>
 <LI><a href="#[1ee]">_ReleaseBuffer.isra.7</a>
 <LI><a href="#[df]">_GetPixelIndex</a>
 <LI><a href="#[e0]">_SetPixelIndex</a>
 <LI><a href="#[18d]">_Undraw</a>
 <LI><a href="#[18f]">_SpriteDraw</a>
 <LI><a href="#[dd]">_DrawVLine</a>
 <LI><a href="#[dc]">_DrawHLine</a>
 <LI><a href="#[db]">_DrawBitmap</a>
 <LI><a href="#[e7]">_GetCharCode</a>
 <LI><a href="#[e8]">_GetCharSize</a>
 <LI><a href="#[e9]">_CalcSizeOfChar</a>
 <LI><a href="#[ea]">_Encode</a>
 <LI><a href="#[18b]">LCD_ReadRectEx</a>
 <LI><a href="#[f9]">_GetDevData</a>
 <LI><a href="#[f7]">_GetDevFunc</a>
 <LI><a href="#[f8]">_GetDevProp</a>
 <LI><a href="#[f6]">_SetOrg</a>
 <LI><a href="#[fa]">_GetRect</a>
 <LI><a href="#[ef]">_DrawBitmap</a>
 <LI><a href="#[f3]">_GetPixelIndex</a>
 <LI><a href="#[f4]">_SetPixelIndex</a>
 <LI><a href="#[f5]">_XorPixel</a>
 <LI><a href="#[f2]">_FillRect</a>
 <LI><a href="#[f0]">_DrawHLine</a>
 <LI><a href="#[f1]">_DrawVLine</a>
 <LI><a href="#[6f]">_OnExit</a>
 <LI><a href="#[1ec]">_Findy1</a>
 <LI><a href="#[1eb]">_Findx0</a>
 <LI><a href="#[1e2]">_Findx1</a>
 <LI><a href="#[1e5]">_Paint1Trans</a>
 <LI><a href="#[1e4]">_PaintTransChildren</a>
 <LI><a href="#[1e0]">_Findx0.constprop.10</a>
 <LI><a href="#[1e3]">_Findy1.constprop.11</a>
 <LI><a href="#[1cd]">WM__PaintWinAndOverlays</a>
 <LI><a href="#[6e]">_cbPaintMemDev</a>
 <LI><a href="#[1d2]">_Invalidate1Abs</a>
 <LI><a href="#[1c3]">WM_InvalidateRect.part.2</a>
 <LI><a href="#[70]">_cbBackWin</a>
 <LI><a href="#[1c7]">WM_DeleteWindow.part.3</a>
 <LI><a href="#[1cb]">_Exec1Input</a>
 <LI><a href="#[1d9]">WM_ResizeWindow.part.11</a>
 <LI><a href="#[159]">GUI_MEMDEV_CopyToLCDAt.part.0</a>
 <LI><a href="#[17e]">_WriteToActiveAlpha</a>
 <LI><a href="#[1d6]">_MoveDescendents</a>
 <LI><a href="#[fb]">GUI_USAGE_BM_AddPixel</a>
 <LI><a href="#[ff]">GUI_USAGE_BM_GetNextDirty</a>
 <LI><a href="#[fe]">_GUI_USAGE_BM_Delete</a>
 <LI><a href="#[fd]">GUI_USAGE_BM_Clear</a>
 <LI><a href="#[fc]">GUI_USAGE_BM_AddHLine</a>
</UL>
</UL>
<P>
<H3>
Mutually Recursive functions
</H3> <LI><a href="#[1c]">ADC_IRQHandler</a>&nbsp;&nbsp;&nbsp;&rArr;&nbsp;&nbsp;&nbsp;<a href="#[1c]">ADC_IRQHandler</a><BR>
 <LI><a href="#[1ec]">_Findy1</a>&nbsp;&nbsp;&nbsp;&rArr;&nbsp;&nbsp;&nbsp;<a href="#[1ec]">_Findy1</a><BR>
 <LI><a href="#[1eb]">_Findx0</a>&nbsp;&nbsp;&nbsp;&rArr;&nbsp;&nbsp;&nbsp;<a href="#[1eb]">_Findx0</a><BR>
 <LI><a href="#[1e2]">_Findx1</a>&nbsp;&nbsp;&nbsp;&rArr;&nbsp;&nbsp;&nbsp;<a href="#[1e2]">_Findx1</a><BR>
 <LI><a href="#[119]">_Alloc</a>&nbsp;&nbsp;&nbsp;&rArr;&nbsp;&nbsp;&nbsp;<a href="#[11e]">_EnlargeBlocks</a><BR>
 <LI><a href="#[1d8]">WM_ResizeWindow</a>&nbsp;&nbsp;&nbsp;&rArr;&nbsp;&nbsp;&nbsp;<a href="#[1d9]">WM_ResizeWindow.part.11</a><BR>
 <LI><a href="#[1d6]">_MoveDescendents</a>&nbsp;&nbsp;&nbsp;&rArr;&nbsp;&nbsp;&nbsp;<a href="#[1d6]">_MoveDescendents</a><BR>
 <LI><a href="#[1c6]">WM_SendToParent</a>&nbsp;&nbsp;&nbsp;&rArr;&nbsp;&nbsp;&nbsp;<a href="#[1c2]">WM__SendMessage</a><BR>
 <LI><a href="#[1ca]">WM__InvalidateRect</a>&nbsp;&nbsp;&nbsp;&rArr;&nbsp;&nbsp;&nbsp;<a href="#[1ca]">WM__InvalidateRect</a><BR>
 <LI><a href="#[1d4]">WM_InvalidateWindowAndDescsEx</a>&nbsp;&nbsp;&nbsp;&rArr;&nbsp;&nbsp;&nbsp;<a href="#[1d4]">WM_InvalidateWindowAndDescsEx</a><BR>
 <LI><a href="#[1d3]">WM__InvalidateDrawAndDescs</a>&nbsp;&nbsp;&nbsp;&rArr;&nbsp;&nbsp;&nbsp;<a href="#[1d3]">WM__InvalidateDrawAndDescs</a><BR>
 <LI><a href="#[1c7]">WM_DeleteWindow.part.3</a>&nbsp;&nbsp;&nbsp;&rArr;&nbsp;&nbsp;&nbsp;<a href="#[1c7]">WM_DeleteWindow.part.3</a><BR>
 <LI><a href="#[1e4]">_PaintTransChildren</a>&nbsp;&nbsp;&nbsp;&rArr;&nbsp;&nbsp;&nbsp;<a href="#[1e4]">_PaintTransChildren</a><BR>
</UL>
<P>
<H3>
Function Pointers
</H3><UL>
 <LI><a href="#[1c]">ADC_IRQHandler</a> from startup_stm32f429xx.o(.text) referenced from startup_stm32f429xx.o(RESET)
 <LI><a href="#[4]">BusFault_Handler</a> from stm32f4xx_it.o(i.BusFault_Handler) referenced from startup_stm32f429xx.o(RESET)
 <LI><a href="#[1e]">CAN1_RX0_IRQHandler</a> from startup_stm32f429xx.o(.text) referenced from startup_stm32f429xx.o(RESET)
 <LI><a href="#[1f]">CAN1_RX1_IRQHandler</a> from startup_stm32f429xx.o(.text) referenced from startup_stm32f429xx.o(RESET)
 <LI><a href="#[20]">CAN1_SCE_IRQHandler</a> from startup_stm32f429xx.o(.text) referenced from startup_stm32f429xx.o(RESET)
 <LI><a href="#[1d]">CAN1_TX_IRQHandler</a> from startup_stm32f429xx.o(.text) referenced from startup_stm32f429xx.o(RESET)
 <LI><a href="#[4a]">CAN2_RX0_IRQHandler</a> from startup_stm32f429xx.o(.text) referenced from startup_stm32f429xx.o(RESET)
 <LI><a href="#[4b]">CAN2_RX1_IRQHandler</a> from startup_stm32f429xx.o(.text) referenced from startup_stm32f429xx.o(RESET)
 <LI><a href="#[4c]">CAN2_SCE_IRQHandler</a> from startup_stm32f429xx.o(.text) referenced from startup_stm32f429xx.o(RESET)
 <LI><a href="#[49]">CAN2_TX_IRQHandler</a> from startup_stm32f429xx.o(.text) referenced from startup_stm32f429xx.o(RESET)
 <LI><a href="#[58]">DCMI_IRQHandler</a> from startup_stm32f429xx.o(.text) referenced from startup_stm32f429xx.o(RESET)
 <LI><a href="#[15]">DMA1_Stream0_IRQHandler</a> from startup_stm32f429xx.o(.text) referenced from startup_stm32f429xx.o(RESET)
 <LI><a href="#[16]">DMA1_Stream1_IRQHandler</a> from startup_stm32f429xx.o(.text) referenced from startup_stm32f429xx.o(RESET)
 <LI><a href="#[17]">DMA1_Stream2_IRQHandler</a> from startup_stm32f429xx.o(.text) referenced from startup_stm32f429xx.o(RESET)
 <LI><a href="#[18]">DMA1_Stream3_IRQHandler</a> from startup_stm32f429xx.o(.text) referenced from startup_stm32f429xx.o(RESET)
 <LI><a href="#[19]">DMA1_Stream4_IRQHandler</a> from startup_stm32f429xx.o(.text) referenced from startup_stm32f429xx.o(RESET)
 <LI><a href="#[1a]">DMA1_Stream5_IRQHandler</a> from startup_stm32f429xx.o(.text) referenced from startup_stm32f429xx.o(RESET)
 <LI><a href="#[1b]">DMA1_Stream6_IRQHandler</a> from startup_stm32f429xx.o(.text) referenced from startup_stm32f429xx.o(RESET)
 <LI><a href="#[39]">DMA1_Stream7_IRQHandler</a> from startup_stm32f429xx.o(.text) referenced from startup_stm32f429xx.o(RESET)
 <LI><a href="#[63]">DMA2D_IRQHandler</a> from stm32f4xx_it.o(i.DMA2D_IRQHandler) referenced from startup_stm32f429xx.o(RESET)
 <LI><a href="#[42]">DMA2_Stream0_IRQHandler</a> from startup_stm32f429xx.o(.text) referenced from startup_stm32f429xx.o(RESET)
 <LI><a href="#[43]">DMA2_Stream1_IRQHandler</a> from startup_stm32f429xx.o(.text) referenced from startup_stm32f429xx.o(RESET)
 <LI><a href="#[44]">DMA2_Stream2_IRQHandler</a> from startup_stm32f429xx.o(.text) referenced from startup_stm32f429xx.o(RESET)
 <LI><a href="#[45]">DMA2_Stream3_IRQHandler</a> from startup_stm32f429xx.o(.text) referenced from startup_stm32f429xx.o(RESET)
 <LI><a href="#[46]">DMA2_Stream4_IRQHandler</a> from startup_stm32f429xx.o(.text) referenced from startup_stm32f429xx.o(RESET)
 <LI><a href="#[4e]">DMA2_Stream5_IRQHandler</a> from startup_stm32f429xx.o(.text) referenced from startup_stm32f429xx.o(RESET)
 <LI><a href="#[4f]">DMA2_Stream6_IRQHandler</a> from startup_stm32f429xx.o(.text) referenced from startup_stm32f429xx.o(RESET)
 <LI><a href="#[50]">DMA2_Stream7_IRQHandler</a> from startup_stm32f429xx.o(.text) referenced from startup_stm32f429xx.o(RESET)
 <LI><a href="#[7]">DebugMon_Handler</a> from stm32f4xx_it.o(i.DebugMon_Handler) referenced from startup_stm32f429xx.o(RESET)
 <LI><a href="#[47]">ETH_IRQHandler</a> from startup_stm32f429xx.o(.text) referenced from startup_stm32f429xx.o(RESET)
 <LI><a href="#[48]">ETH_WKUP_IRQHandler</a> from startup_stm32f429xx.o(.text) referenced from startup_stm32f429xx.o(RESET)
 <LI><a href="#[10]">EXTI0_IRQHandler</a> from exti.o(i.EXTI0_IRQHandler) referenced from startup_stm32f429xx.o(RESET)
 <LI><a href="#[32]">EXTI15_10_IRQHandler</a> from exti.o(i.EXTI15_10_IRQHandler) referenced from startup_stm32f429xx.o(RESET)
 <LI><a href="#[11]">EXTI1_IRQHandler</a> from startup_stm32f429xx.o(.text) referenced from startup_stm32f429xx.o(RESET)
 <LI><a href="#[12]">EXTI2_IRQHandler</a> from startup_stm32f429xx.o(.text) referenced from startup_stm32f429xx.o(RESET)
 <LI><a href="#[13]">EXTI3_IRQHandler</a> from startup_stm32f429xx.o(.text) referenced from startup_stm32f429xx.o(RESET)
 <LI><a href="#[14]">EXTI4_IRQHandler</a> from startup_stm32f429xx.o(.text) referenced from startup_stm32f429xx.o(RESET)
 <LI><a href="#[21]">EXTI9_5_IRQHandler</a> from startup_stm32f429xx.o(.text) referenced from startup_stm32f429xx.o(RESET)
 <LI><a href="#[e]">FLASH_IRQHandler</a> from startup_stm32f429xx.o(.text) referenced from startup_stm32f429xx.o(RESET)
 <LI><a href="#[3a]">FMC_IRQHandler</a> from startup_stm32f429xx.o(.text) referenced from startup_stm32f429xx.o(RESET)
 <LI><a href="#[5a]">FPU_IRQHandler</a> from startup_stm32f429xx.o(.text) referenced from startup_stm32f429xx.o(RESET)
 <LI><a href="#[eb]">GUIMONO_DispChar</a> from GUI_CharM.o(.text.GUIMONO_DispChar) referenced 2 times from F6x8.o(.rodata)
 <LI><a href="#[ec]">GUIMONO_GetCharDistX</a> from GUI_CharM.o(.text.GUIMONO_GetCharDistX) referenced 2 times from F6x8.o(.rodata)
 <LI><a href="#[ed]">GUIMONO_GetFontInfo</a> from GUI_CharM.o(.text.GUIMONO_GetFontInfo) referenced 2 times from F6x8.o(.rodata)
 <LI><a href="#[ee]">GUIMONO_IsInFont</a> from GUI_CharM.o(.text.GUIMONO_IsInFont) referenced 2 times from F6x8.o(.rodata)
 <LI><a href="#[cf]">GUIPROP_DispChar</a> from GUI_CharP.o(.text.GUIPROP_DispChar) referenced 2 times from F24_1.o(.rodata)
 <LI><a href="#[d0]">GUIPROP_GetCharDistX</a> from GUI_CharP.o(.text.GUIPROP_GetCharDistX) referenced 2 times from F24_1.o(.rodata)
 <LI><a href="#[d1]">GUIPROP_GetFontInfo</a> from GUI_CharP.o(.text.GUIPROP_GetFontInfo) referenced 2 times from F24_1.o(.rodata)
 <LI><a href="#[d2]">GUIPROP_IsInFont</a> from GUI_CharP.o(.text.GUIPROP_IsInFont) referenced 2 times from F24_1.o(.rodata)
 <LI><a href="#[72]">GUI_MEMDEV_Paint1Static</a> from GUIDEV_StaticDevices.o(.text.GUI_MEMDEV_Paint1Static) referenced from WM.o(.text.WM__PaintWinAndOverlays)
 <LI><a href="#[72]">GUI_MEMDEV_Paint1Static</a> from GUIDEV_StaticDevices.o(.text.GUI_MEMDEV_Paint1Static) referenced from WM.o(.text._Paint1Trans)
 <LI><a href="#[84]">GUI_MEMDEV__WriteToActiveAlpha</a> from GUIDEV_WriteToActiveAlpha.o(.text.GUI_MEMDEV__WriteToActiveAlpha) referenced from GUIDEV_32.o(.text._GetDevFunc)
 <LI><a href="#[fc]">GUI_USAGE_BM_AddHLine</a> from GUIDEV_UsageBM.o(.text.GUI_USAGE_BM_AddHLine) referenced from GUIDEV_UsageBM.o(.rodata)
 <LI><a href="#[fb]">GUI_USAGE_BM_AddPixel</a> from GUIDEV_UsageBM.o(.text.GUI_USAGE_BM_AddPixel) referenced from GUIDEV_UsageBM.o(.rodata)
 <LI><a href="#[fd]">GUI_USAGE_BM_Clear</a> from GUIDEV_UsageBM.o(.text.GUI_USAGE_BM_Clear) referenced from GUIDEV_UsageBM.o(.rodata)
 <LI><a href="#[ff]">GUI_USAGE_BM_GetNextDirty</a> from GUIDEV_UsageBM.o(.text.GUI_USAGE_BM_GetNextDirty) referenced from GUIDEV_UsageBM.o(.rodata)
 <LI><a href="#[101]">GUI__MixColors</a> from GUI__Alpha.o(.text.GUI__MixColors) referenced from GUI__Alpha.o(.data)
 <LI><a href="#[102]">GUI__MixColorsBulk</a> from GUI__Alpha.o(.text.GUI__MixColorsBulk) referenced from GUI__Alpha.o(.data)
 <LI><a href="#[59]">HASH_RNG_IRQHandler</a> from startup_stm32f429xx.o(.text) referenced from startup_stm32f429xx.o(RESET)
 <LI><a href="#[2]">HardFault_Handler</a> from stm32f4xx_it.o(i.HardFault_Handler) referenced from startup_stm32f429xx.o(RESET)
 <LI><a href="#[2a]">I2C1_ER_IRQHandler</a> from startup_stm32f429xx.o(.text) referenced from startup_stm32f429xx.o(RESET)
 <LI><a href="#[29]">I2C1_EV_IRQHandler</a> from startup_stm32f429xx.o(.text) referenced from startup_stm32f429xx.o(RESET)
 <LI><a href="#[2c]">I2C2_ER_IRQHandler</a> from startup_stm32f429xx.o(.text) referenced from startup_stm32f429xx.o(RESET)
 <LI><a href="#[2b]">I2C2_EV_IRQHandler</a> from startup_stm32f429xx.o(.text) referenced from startup_stm32f429xx.o(RESET)
 <LI><a href="#[53]">I2C3_ER_IRQHandler</a> from startup_stm32f429xx.o(.text) referenced from startup_stm32f429xx.o(RESET)
 <LI><a href="#[52]">I2C3_EV_IRQHandler</a> from startup_stm32f429xx.o(.text) referenced from startup_stm32f429xx.o(RESET)
 <LI><a href="#[106]">LCD_AA_MixColors16</a> from LCD_AA.o(.text.LCD_AA_MixColors16) referenced from LCD_AA.o(.data)
 <LI><a href="#[9f]">LCD_Color2Index_8666</a> from GUICC_8666.o(.text.LCD_Color2Index_8666) referenced from GUICC_8666.o(.rodata)
 <LI><a href="#[be]">LCD_DrawHLine</a> from LCD.o(.text.LCD_DrawHLine) referenced from GUI_Core.o(.rodata)
 <LI><a href="#[bf]">LCD_DrawPixel</a> from LCD.o(.text.LCD_DrawPixel) referenced from GUI_Core.o(.rodata)
 <LI><a href="#[100]">LCD_GetpPalConvTableBM</a> from LCD_Color.o(.text.LCD_GetpPalConvTableBM) referenced from GUI_Core.o(.data)
 <LI><a href="#[a0]">LCD_Index2Color_8666</a> from GUICC_8666.o(.text.LCD_Index2Color_8666) referenced from GUICC_8666.o(.rodata)
 <LI><a href="#[b6]">LCD_Index2Color_M565</a> from GUICC_M565.o(.text.LCD_Index2Color_M565) referenced from GUICC_M565.o(.rodata)
 <LI><a href="#[6c]">LCD_Index2Color_M888</a> from GUICC_M888_Index2Color.o(.text.LCD_Index2Color_M888) referenced from GUICC_M888.o(.rodata)
 <LI><a href="#[6c]">LCD_Index2Color_M888</a> from GUICC_M888_Index2Color.o(.text.LCD_Index2Color_M888) referenced from GUI__Alpha.o(.text.GUI__DoAlphaBlending)
 <LI><a href="#[6b]">LCD_Index2Color_M8888I</a> from GUICC_M8888I_Index2Color.o(.text.LCD_Index2Color_M8888I) referenced from GUICC_M8888I.o(.rodata)
 <LI><a href="#[6b]">LCD_Index2Color_M8888I</a> from GUICC_M8888I_Index2Color.o(.text.LCD_Index2Color_M8888I) referenced from GUI__Alpha.o(.text.GUI__DoAlphaBlending)
 <LI><a href="#[6b]">LCD_Index2Color_M8888I</a> from GUICC_M8888I_Index2Color.o(.text.LCD_Index2Color_M8888I) referenced from GUIDEV_WriteToActiveAlpha.o(.text._WriteToActiveAlpha)
 <LI><a href="#[62]">LTDC_ER_IRQHandler</a> from startup_stm32f429xx.o(.text) referenced from startup_stm32f429xx.o(RESET)
 <LI><a href="#[61]">LTDC_IRQHandler</a> from stm32f4xx_it.o(i.LTDC_IRQHandler) referenced from startup_stm32f429xx.o(RESET)
 <LI><a href="#[3]">MemManage_Handler</a> from stm32f4xx_it.o(i.MemManage_Handler) referenced from startup_stm32f429xx.o(RESET)
 <LI><a href="#[1]">NMI_Handler</a> from stm32f4xx_it.o(i.NMI_Handler) referenced from startup_stm32f429xx.o(RESET)
 <LI><a href="#[4d]">OTG_FS_IRQHandler</a> from startup_stm32f429xx.o(.text) referenced from startup_stm32f429xx.o(RESET)
 <LI><a href="#[34]">OTG_FS_WKUP_IRQHandler</a> from startup_stm32f429xx.o(.text) referenced from startup_stm32f429xx.o(RESET)
 <LI><a href="#[55]">OTG_HS_EP1_IN_IRQHandler</a> from startup_stm32f429xx.o(.text) referenced from startup_stm32f429xx.o(RESET)
 <LI><a href="#[54]">OTG_HS_EP1_OUT_IRQHandler</a> from startup_stm32f429xx.o(.text) referenced from startup_stm32f429xx.o(RESET)
 <LI><a href="#[57]">OTG_HS_IRQHandler</a> from startup_stm32f429xx.o(.text) referenced from startup_stm32f429xx.o(RESET)
 <LI><a href="#[56]">OTG_HS_WKUP_IRQHandler</a> from startup_stm32f429xx.o(.text) referenced from startup_stm32f429xx.o(RESET)
 <LI><a href="#[b]">PVD_IRQHandler</a> from startup_stm32f429xx.o(.text) referenced from startup_stm32f429xx.o(RESET)
 <LI><a href="#[8]">PendSV_Handler</a> from stm32f4xx_it.o(i.PendSV_Handler) referenced from startup_stm32f429xx.o(RESET)
 <LI><a href="#[f]">RCC_IRQHandler</a> from startup_stm32f429xx.o(.text) referenced from startup_stm32f429xx.o(RESET)
 <LI><a href="#[33]">RTC_Alarm_IRQHandler</a> from startup_stm32f429xx.o(.text) referenced from startup_stm32f429xx.o(RESET)
 <LI><a href="#[d]">RTC_WKUP_IRQHandler</a> from startup_stm32f429xx.o(.text) referenced from startup_stm32f429xx.o(RESET)
 <LI><a href="#[0]">Reset_Handler</a> from startup_stm32f429xx.o(.text) referenced from startup_stm32f429xx.o(RESET)
 <LI><a href="#[60]">SAI1_IRQHandler</a> from startup_stm32f429xx.o(.text) referenced from startup_stm32f429xx.o(RESET)
 <LI><a href="#[3b]">SDIO_IRQHandler</a> from startup_stm32f429xx.o(.text) referenced from startup_stm32f429xx.o(RESET)
 <LI><a href="#[2d]">SPI1_IRQHandler</a> from startup_stm32f429xx.o(.text) referenced from startup_stm32f429xx.o(RESET)
 <LI><a href="#[2e]">SPI2_IRQHandler</a> from startup_stm32f429xx.o(.text) referenced from startup_stm32f429xx.o(RESET)
 <LI><a href="#[3d]">SPI3_IRQHandler</a> from startup_stm32f429xx.o(.text) referenced from startup_stm32f429xx.o(RESET)
 <LI><a href="#[5d]">SPI4_IRQHandler</a> from startup_stm32f429xx.o(.text) referenced from startup_stm32f429xx.o(RESET)
 <LI><a href="#[5e]">SPI5_IRQHandler</a> from startup_stm32f429xx.o(.text) referenced from startup_stm32f429xx.o(RESET)
 <LI><a href="#[5f]">SPI6_IRQHandler</a> from startup_stm32f429xx.o(.text) referenced from startup_stm32f429xx.o(RESET)
 <LI><a href="#[6]">SVC_Handler</a> from stm32f4xx_it.o(i.SVC_Handler) referenced from startup_stm32f429xx.o(RESET)
 <LI><a href="#[9]">SysTick_Handler</a> from stm32f4xx_it.o(i.SysTick_Handler) referenced from startup_stm32f429xx.o(RESET)
 <LI><a href="#[65]">SystemInit</a> from system_stm32f4xx.o(i.SystemInit) referenced from startup_stm32f429xx.o(.text)
 <LI><a href="#[c]">TAMP_STAMP_IRQHandler</a> from startup_stm32f429xx.o(.text) referenced from startup_stm32f429xx.o(RESET)
 <LI><a href="#[22]">TIM1_BRK_TIM9_IRQHandler</a> from startup_stm32f429xx.o(.text) referenced from startup_stm32f429xx.o(RESET)
 <LI><a href="#[25]">TIM1_CC_IRQHandler</a> from startup_stm32f429xx.o(.text) referenced from startup_stm32f429xx.o(RESET)
 <LI><a href="#[24]">TIM1_TRG_COM_TIM11_IRQHandler</a> from startup_stm32f429xx.o(.text) referenced from startup_stm32f429xx.o(RESET)
 <LI><a href="#[23]">TIM1_UP_TIM10_IRQHandler</a> from startup_stm32f429xx.o(.text) referenced from startup_stm32f429xx.o(RESET)
 <LI><a href="#[26]">TIM2_IRQHandler</a> from startup_stm32f429xx.o(.text) referenced from startup_stm32f429xx.o(RESET)
 <LI><a href="#[27]">TIM3_IRQHandler</a> from startup_stm32f429xx.o(.text) referenced from startup_stm32f429xx.o(RESET)
 <LI><a href="#[28]">TIM4_IRQHandler</a> from startup_stm32f429xx.o(.text) referenced from startup_stm32f429xx.o(RESET)
 <LI><a href="#[3c]">TIM5_IRQHandler</a> from startup_stm32f429xx.o(.text) referenced from startup_stm32f429xx.o(RESET)
 <LI><a href="#[40]">TIM6_DAC_IRQHandler</a> from timer.o(i.TIM6_DAC_IRQHandler) referenced from startup_stm32f429xx.o(RESET)
 <LI><a href="#[41]">TIM7_IRQHandler</a> from startup_stm32f429xx.o(.text) referenced from startup_stm32f429xx.o(RESET)
 <LI><a href="#[35]">TIM8_BRK_TIM12_IRQHandler</a> from startup_stm32f429xx.o(.text) referenced from startup_stm32f429xx.o(RESET)
 <LI><a href="#[38]">TIM8_CC_IRQHandler</a> from advancedtimer.o(i.TIM8_CC_IRQHandler) referenced from startup_stm32f429xx.o(RESET)
 <LI><a href="#[37]">TIM8_TRG_COM_TIM14_IRQHandler</a> from startup_stm32f429xx.o(.text) referenced from startup_stm32f429xx.o(RESET)
 <LI><a href="#[36]">TIM8_UP_TIM13_IRQHandler</a> from startup_stm32f429xx.o(.text) referenced from startup_stm32f429xx.o(RESET)
 <LI><a href="#[3e]">UART4_IRQHandler</a> from startup_stm32f429xx.o(.text) referenced from startup_stm32f429xx.o(RESET)
 <LI><a href="#[3f]">UART5_IRQHandler</a> from startup_stm32f429xx.o(.text) referenced from startup_stm32f429xx.o(RESET)
 <LI><a href="#[5b]">UART7_IRQHandler</a> from startup_stm32f429xx.o(.text) referenced from startup_stm32f429xx.o(RESET)
 <LI><a href="#[5c]">UART8_IRQHandler</a> from startup_stm32f429xx.o(.text) referenced from startup_stm32f429xx.o(RESET)
 <LI><a href="#[2f]">USART1_IRQHandler</a> from uart.o(i.USART1_IRQHandler) referenced from startup_stm32f429xx.o(RESET)
 <LI><a href="#[30]">USART2_IRQHandler</a> from startup_stm32f429xx.o(.text) referenced from startup_stm32f429xx.o(RESET)
 <LI><a href="#[31]">USART3_IRQHandler</a> from startup_stm32f429xx.o(.text) referenced from startup_stm32f429xx.o(RESET)
 <LI><a href="#[51]">USART6_IRQHandler</a> from startup_stm32f429xx.o(.text) referenced from startup_stm32f429xx.o(RESET)
 <LI><a href="#[5]">UsageFault_Handler</a> from stm32f4xx_it.o(i.UsageFault_Handler) referenced from startup_stm32f429xx.o(RESET)
 <LI><a href="#[71]">WM__Paint1</a> from WM.o(.text.WM__Paint1) referenced from WM.o(.text.WM__PaintWinAndOverlays)
 <LI><a href="#[71]">WM__Paint1</a> from WM.o(.text.WM__Paint1) referenced from WM.o(.text._Paint1Trans)
 <LI><a href="#[a]">WWDG_IRQHandler</a> from wwdg.o(i.WWDG_IRQHandler) referenced from startup_stm32f429xx.o(RESET)
 <LI><a href="#[e9]">_CalcSizeOfChar</a> from GUI_UC_EncodeNone.o(.text._CalcSizeOfChar) referenced from GUI_UC_EncodeNone.o(.rodata)
 <LI><a href="#[b8]">_Color2IndexBulk</a> from GUICC_M565.o(.text._Color2IndexBulk) referenced 2 times from GUICC_M565.o(.rodata)
 <LI><a href="#[9d]">_Color2IndexBulk_1616I</a> from GUICC_1616I.o(.text._Color2IndexBulk_1616I) referenced from GUICC_1616I.o(.rodata)
 <LI><a href="#[a5]">_Color2IndexBulk_88666I</a> from GUICC_88666I.o(.text._Color2IndexBulk_88666I) referenced from GUICC_88666I.o(.rodata)
 <LI><a href="#[aa]">_Color2IndexBulk_M1555I</a> from GUICC_M1555I.o(.text._Color2IndexBulk_M1555I) referenced from GUICC_M1555I.o(.rodata)
 <LI><a href="#[8c]">_Color2IndexBulk_M1555I_DMA2D</a> from guidrv_wf.o(i._Color2IndexBulk_M1555I_DMA2D) referenced from guidrv_wf.o(i.LCD_X_Config)
 <LI><a href="#[af]">_Color2IndexBulk_M4444I</a> from GUICC_M4444I.o(.text._Color2IndexBulk_M4444I) referenced from GUICC_M4444I.o(.rodata)
 <LI><a href="#[90]">_Color2IndexBulk_M4444I_DMA2D</a> from guidrv_wf.o(i._Color2IndexBulk_M4444I_DMA2D) referenced from guidrv_wf.o(i.LCD_X_Config)
 <LI><a href="#[8e]">_Color2IndexBulk_M565_DMA2D</a> from guidrv_wf.o(i._Color2IndexBulk_M565_DMA2D) referenced from guidrv_wf.o(i.LCD_X_Config)
 <LI><a href="#[b3]">_Color2IndexBulk_M8888I</a> from GUICC_M8888I.o(.text._Color2IndexBulk_M8888I) referenced from GUICC_M8888I.o(.rodata)
 <LI><a href="#[94]">_Color2IndexBulk_M8888I_DMA2D</a> from guidrv_wf.o(i._Color2IndexBulk_M8888I_DMA2D) referenced from guidrv_wf.o(i.LCD_X_Config)
 <LI><a href="#[92]">_Color2IndexBulk_M888_DMA2D</a> from guidrv_wf.o(i._Color2IndexBulk_M888_DMA2D) referenced from guidrv_wf.o(i.LCD_X_Config)
 <LI><a href="#[d8]">_Color2Index_0</a> from GUICC_0.o(.text._Color2Index_0) referenced from GUICC_0.o(.rodata)
 <LI><a href="#[d5]">_Color2Index_16</a> from GUICC_16.o(.text._Color2Index_16) referenced from GUICC_16.o(.rodata)
 <LI><a href="#[9a]">_Color2Index_1616I</a> from GUICC_1616I.o(.text._Color2Index_1616I) referenced from GUICC_1616I.o(.rodata)
 <LI><a href="#[a2]">_Color2Index_88666I</a> from GUICC_88666I.o(.text._Color2Index_88666I) referenced from GUICC_88666I.o(.rodata)
 <LI><a href="#[a7]">_Color2Index_M1555I</a> from GUICC_M1555I.o(.text._Color2Index_M1555I) referenced from GUICC_M1555I.o(.rodata)
 <LI><a href="#[ac]">_Color2Index_M4444I</a> from GUICC_M4444I.o(.text._Color2Index_M4444I) referenced from GUICC_M4444I.o(.rodata)
 <LI><a href="#[b5]">_Color2Index_M565</a> from GUICC_M565.o(.text._Color2Index_M565) referenced from GUICC_M565.o(.rodata)
 <LI><a href="#[ba]">_Color2Index_M888</a> from GUICC_M888.o(.text._Color2Index_M888) referenced from GUICC_M888.o(.rodata)
 <LI><a href="#[b1]">_Color2Index_M8888I</a> from GUICC_M8888I.o(.text._Color2Index_M8888I) referenced from GUICC_M8888I.o(.rodata)
 <LI><a href="#[7a]">_CopyBuffer</a> from GUIDRV_Lin_24.o(.text._CopyBuffer) referenced from GUIDRV_Lin_24.o(.text._GetDevFunc)
 <LI><a href="#[95]">_DMA_AlphaBlendingBulk</a> from guidrv_wf.o(i._DMA_AlphaBlendingBulk) referenced from guidrv_wf.o(i.LCD_X_Config)
 <LI><a href="#[97]">_DMA_MixColors</a> from guidrv_wf.o(i._DMA_MixColors) referenced from guidrv_wf.o(i.LCD_X_Config)
 <LI><a href="#[c3]">_DrawBitmap</a> from GUIDRV_Lin_24.o(.text._DrawBitmap) referenced 3 times from GUIDRV_Lin_24.o(.rodata)
 <LI><a href="#[c4]">_DrawHLine</a> from GUIDRV_Lin_24.o(.text._DrawHLine) referenced 3 times from GUIDRV_Lin_24.o(.rodata)
 <LI><a href="#[c5]">_DrawVLine</a> from GUIDRV_Lin_24.o(.text._DrawVLine) referenced 3 times from GUIDRV_Lin_24.o(.rodata)
 <LI><a href="#[ea]">_Encode</a> from GUI_UC_EncodeNone.o(.text._Encode) referenced from GUI_UC_EncodeNone.o(.rodata)
 <LI><a href="#[c6]">_FillRect</a> from GUIDRV_Lin_24.o(.text._FillRect) referenced 3 times from GUIDRV_Lin_24.o(.rodata)
 <LI><a href="#[fe]">_GUI_USAGE_BM_Delete</a> from GUIDEV_UsageBM.o(.text._GUI_USAGE_BM_Delete) referenced from GUIDEV_UsageBM.o(.rodata)
 <LI><a href="#[e7]">_GetCharCode</a> from GUI_UC_EncodeNone.o(.text._GetCharCode) referenced from GUI_UC_EncodeNone.o(.rodata)
 <LI><a href="#[e8]">_GetCharSize</a> from GUI_UC_EncodeNone.o(.text._GetCharSize) referenced from GUI_UC_EncodeNone.o(.rodata)
 <LI><a href="#[cd]">_GetDevData</a> from GUIDRV_Lin_24.o(.text._GetDevData) referenced 3 times from GUIDRV_Lin_24.o(.rodata)
 <LI><a href="#[cb]">_GetDevFunc</a> from GUIDRV_Lin_24.o(.text._GetDevFunc) referenced 3 times from GUIDRV_Lin_24.o(.rodata)
 <LI><a href="#[cc]">_GetDevProp</a> from GUIDRV_Lin_24.o(.text._GetDevProp) referenced 3 times from GUIDRV_Lin_24.o(.rodata)
 <LI><a href="#[da]">_GetIndexMask_0</a> from GUICC_0.o(.text._GetIndexMask_0) referenced from GUICC_0.o(.rodata)
 <LI><a href="#[d7]">_GetIndexMask_16</a> from GUICC_16.o(.text._GetIndexMask_16) referenced from GUICC_16.o(.rodata)
 <LI><a href="#[9c]">_GetIndexMask_1616I</a> from GUICC_1616I.o(.text._GetIndexMask_1616I) referenced from GUICC_1616I.o(.rodata)
 <LI><a href="#[a1]">_GetIndexMask_8666</a> from GUICC_8666.o(.text._GetIndexMask_8666) referenced from GUICC_8666.o(.rodata)
 <LI><a href="#[a4]">_GetIndexMask_88666I</a> from GUICC_88666I.o(.text._GetIndexMask_88666I) referenced from GUICC_88666I.o(.rodata)
 <LI><a href="#[a9]">_GetIndexMask_M1555I</a> from GUICC_M1555I.o(.text._GetIndexMask_M1555I) referenced from GUICC_M1555I.o(.rodata)
 <LI><a href="#[ae]">_GetIndexMask_M4444I</a> from GUICC_M4444I.o(.text._GetIndexMask_M4444I) referenced from GUICC_M4444I.o(.rodata)
 <LI><a href="#[b7]">_GetIndexMask_M565</a> from GUICC_M565.o(.text._GetIndexMask_M565) referenced from GUICC_M565.o(.rodata)
 <LI><a href="#[bb]">_GetIndexMask_M888</a> from GUICC_M888.o(.text._GetIndexMask_M888) referenced from GUICC_M888.o(.rodata)
 <LI><a href="#[b2]">_GetIndexMask_M8888I</a> from GUICC_M8888I.o(.text._GetIndexMask_M8888I) referenced from GUICC_M8888I.o(.rodata)
 <LI><a href="#[c7]">_GetPixelIndex</a> from GUIDRV_Lin_24.o(.text._GetPixelIndex) referenced 3 times from GUIDRV_Lin_24.o(.rodata)
 <LI><a href="#[75]">_GetPos</a> from GUIDRV_Lin_24.o(.text._GetPos) referenced from GUIDRV_Lin_24.o(.text._GetDevFunc)
 <LI><a href="#[ce]">_GetRect</a> from GUIDRV_Lin_24.o(.text._GetRect) referenced 3 times from GUIDRV_Lin_24.o(.rodata)
 <LI><a href="#[b9]">_Index2ColorBulk</a> from GUICC_M565.o(.text._Index2ColorBulk) referenced 2 times from GUICC_M565.o(.rodata)
 <LI><a href="#[9e]">_Index2ColorBulk_1616I</a> from GUICC_1616I.o(.text._Index2ColorBulk_1616I) referenced from GUICC_1616I.o(.rodata)
 <LI><a href="#[a6]">_Index2ColorBulk_88666I</a> from GUICC_88666I.o(.text._Index2ColorBulk_88666I) referenced from GUICC_88666I.o(.rodata)
 <LI><a href="#[ab]">_Index2ColorBulk_M1555I</a> from GUICC_M1555I.o(.text._Index2ColorBulk_M1555I) referenced from GUICC_M1555I.o(.rodata)
 <LI><a href="#[8b]">_Index2ColorBulk_M1555I_DMA2D</a> from guidrv_wf.o(i._Index2ColorBulk_M1555I_DMA2D) referenced from guidrv_wf.o(i.LCD_X_Config)
 <LI><a href="#[b0]">_Index2ColorBulk_M4444I</a> from GUICC_M4444I.o(.text._Index2ColorBulk_M4444I) referenced from GUICC_M4444I.o(.rodata)
 <LI><a href="#[8f]">_Index2ColorBulk_M4444I_DMA2D</a> from guidrv_wf.o(i._Index2ColorBulk_M4444I_DMA2D) referenced from guidrv_wf.o(i.LCD_X_Config)
 <LI><a href="#[8d]">_Index2ColorBulk_M565_DMA2D</a> from guidrv_wf.o(i._Index2ColorBulk_M565_DMA2D) referenced from guidrv_wf.o(i.LCD_X_Config)
 <LI><a href="#[b4]">_Index2ColorBulk_M8888I</a> from GUICC_M8888I.o(.text._Index2ColorBulk_M8888I) referenced from GUICC_M8888I.o(.rodata)
 <LI><a href="#[93]">_Index2ColorBulk_M8888I_DMA2D</a> from guidrv_wf.o(i._Index2ColorBulk_M8888I_DMA2D) referenced from guidrv_wf.o(i.LCD_X_Config)
 <LI><a href="#[91]">_Index2ColorBulk_M888_DMA2D</a> from guidrv_wf.o(i._Index2ColorBulk_M888_DMA2D) referenced from guidrv_wf.o(i.LCD_X_Config)
 <LI><a href="#[d9]">_Index2Color_0</a> from GUICC_0.o(.text._Index2Color_0) referenced from GUICC_0.o(.rodata)
 <LI><a href="#[d6]">_Index2Color_16</a> from GUICC_16.o(.text._Index2Color_16) referenced from GUICC_16.o(.rodata)
 <LI><a href="#[9b]">_Index2Color_1616I</a> from GUICC_1616I.o(.text._Index2Color_1616I) referenced from GUICC_1616I.o(.rodata)
 <LI><a href="#[a3]">_Index2Color_88666I</a> from GUICC_88666I.o(.text._Index2Color_88666I) referenced from GUICC_88666I.o(.rodata)
 <LI><a href="#[a8]">_Index2Color_M1555I</a> from GUICC_M1555I.o(.text._Index2Color_M1555I) referenced from GUICC_M1555I.o(.rodata)
 <LI><a href="#[ad]">_Index2Color_M4444I</a> from GUICC_M4444I.o(.text._Index2Color_M4444I) referenced from GUICC_M4444I.o(.rodata)
 <LI><a href="#[81]">_Init</a> from GUIDRV_Lin_24.o(.text._Init) referenced from GUIDRV_Lin_24.o(.text._GetDevFunc)
 <LI><a href="#[85]">_LCD_CopyBuffer</a> from guidrv_wf.o(i._LCD_CopyBuffer) referenced from guidrv_wf.o(i.LCD_X_Config)
 <LI><a href="#[86]">_LCD_CopyRect</a> from guidrv_wf.o(i._LCD_CopyRect) referenced from guidrv_wf.o(i.LCD_X_Config)
 <LI><a href="#[89]">_LCD_DrawBitmap16bpp</a> from guidrv_wf.o(i._LCD_DrawBitmap16bpp) referenced from guidrv_wf.o(i.LCD_X_Config)
 <LI><a href="#[8a]">_LCD_DrawBitmap32bpp</a> from guidrv_wf.o(i._LCD_DrawBitmap32bpp) referenced from guidrv_wf.o(i.LCD_X_Config)
 <LI><a href="#[88]">_LCD_DrawBitmap8bpp</a> from guidrv_wf.o(i._LCD_DrawBitmap8bpp) referenced from guidrv_wf.o(i.LCD_X_Config)
 <LI><a href="#[87]">_LCD_FillRect</a> from guidrv_wf.o(i._LCD_FillRect) referenced from guidrv_wf.o(i.LCD_X_Config)
 <LI><a href="#[87]">_LCD_FillRect</a> from guidrv_wf.o(i._LCD_FillRect) referenced from guidrv_wf.o(i._LCD_FillRect)
 <LI><a href="#[96]">_LCD_GetpPalConvTable</a> from guidrv_wf.o(i._LCD_GetpPalConvTable) referenced from guidrv_wf.o(i.LCD_X_Config)
 <LI><a href="#[98]">_LCD_MixColorsBulk</a> from guidrv_wf.o(i._LCD_MixColorsBulk) referenced from guidrv_wf.o(i.LCD_X_Config)
 <LI><a href="#[103]">_Log2VisBuffered</a> from GUI_CharLine.o(.text._Log2VisBuffered) referenced from GUI_CharLine.o(.data)
 <LI><a href="#[d3]">_MULTIBUF_Begin</a> from WM_MULTIBUF.o(.text._MULTIBUF_Begin) referenced from WM_MULTIBUF.o(.rodata)
 <LI><a href="#[d4]">_MULTIBUF_End</a> from WM_MULTIBUF.o(.text._MULTIBUF_End) referenced from WM_MULTIBUF.o(.rodata)
 <LI><a href="#[7f]">_Off</a> from GUIDRV_Lin_24.o(.text._Off) referenced from GUIDRV_Lin_24.o(.text._GetDevFunc)
 <LI><a href="#[80]">_On</a> from GUIDRV_Lin_24.o(.text._On) referenced from GUIDRV_Lin_24.o(.text._GetDevFunc)
 <LI><a href="#[67]">_OnExit</a> from GUI_Cursor.o(.text._OnExit) referenced from GUI_Cursor.o(.text.GUI_CURSOR_SelectEx)
 <LI><a href="#[68]">_OnExit</a> from GUI_MULTIBUF.o(.text._OnExit) referenced from GUI_MULTIBUF.o(.text.GUI_MULTIBUF_ConfigEx)
 <LI><a href="#[69]">_OnExit</a> from GUI__Alpha.o(.text._OnExit) referenced from GUI__Alpha.o(.text.GUI__AllocAlphaBuffer)
 <LI><a href="#[6a]">_OnExit</a> from GUI_Core.o(.text._OnExit) referenced from GUI_Core.o(.text.GUI__Config)
 <LI><a href="#[69]">_OnExit</a> from GUI__Alpha.o(.text._OnExit) referenced from GUI__Alpha.o(.text.GUI__DoAlphaBlending)
 <LI><a href="#[6d]">_OnExit</a> from LCD_Color.o(.text._OnExit) referenced from LCD_Color.o(.text.LCD_InitColors)
 <LI><a href="#[6f]">_OnExit</a> from WM.o(.text._OnExit) referenced from WM.o(.text.WM_Init)
 <LI><a href="#[77]">_SetAlpha</a> from GUIDRV_Lin_24.o(.text._SetAlpha) referenced from GUIDRV_Lin_24.o(.text._GetDevFunc)
 <LI><a href="#[7e]">_SetAlphaMode</a> from GUIDRV_Lin_24.o(.text._SetAlphaMode) referenced from GUIDRV_Lin_24.o(.text._GetDevFunc)
 <LI><a href="#[c1]">_SetBkColor</a> from LCD.o(.text._SetBkColor) referenced from LCD.o(.rodata)
 <LI><a href="#[7c]">_SetChroma</a> from GUIDRV_Lin_24.o(.text._SetChroma) referenced from GUIDRV_Lin_24.o(.text._GetDevFunc)
 <LI><a href="#[7d]">_SetChromaMode</a> from GUIDRV_Lin_24.o(.text._SetChromaMode) referenced from GUIDRV_Lin_24.o(.text._GetDevFunc)
 <LI><a href="#[c0]">_SetColor</a> from LCD.o(.text._SetColor) referenced from LCD.o(.rodata)
 <LI><a href="#[7b]">_SetDevFunc</a> from GUIDRV_Lin_24.o(.text._SetDevFunc) referenced from GUIDRV_Lin_24.o(.text._GetDevFunc)
 <LI><a href="#[c2]">_SetDrawMode</a> from LCD.o(.text._SetDrawMode) referenced from LCD.o(.rodata)
 <LI><a href="#[ca]">_SetOrg</a> from GUIDRV_Lin_24.o(.text._SetOrg) referenced 3 times from GUIDRV_Lin_24.o(.rodata)
 <LI><a href="#[c8]">_SetPixelIndex</a> from GUIDRV_Lin_24.o(.text._SetPixelIndex) referenced 3 times from GUIDRV_Lin_24.o(.rodata)
 <LI><a href="#[76]">_SetPos</a> from GUIDRV_Lin_24.o(.text._SetPos) referenced from GUIDRV_Lin_24.o(.text._GetDevFunc)
 <LI><a href="#[82]">_SetSize</a> from GUIDRV_Lin_24.o(.text._SetSize) referenced from GUIDRV_Lin_24.o(.text._GetDevFunc)
 <LI><a href="#[73]">_SetVRAMAddr</a> from GUIDRV_Lin_24.o(.text._SetVRAMAddr) referenced from GUIDRV_Lin_24.o(.text._GetDevFunc)
 <LI><a href="#[78]">_SetVRAM_BufferPTR</a> from GUIDRV_Lin_24.o(.text._SetVRAM_BufferPTR) referenced from GUIDRV_Lin_24.o(.text._GetDevFunc)
 <LI><a href="#[83]">_SetVSize</a> from GUIDRV_Lin_24.o(.text._SetVSize) referenced from GUIDRV_Lin_24.o(.text._GetDevFunc)
 <LI><a href="#[74]">_SetVis</a> from GUIDRV_Lin_24.o(.text._SetVis) referenced from GUIDRV_Lin_24.o(.text._GetDevFunc)
 <LI><a href="#[79]">_ShowBuffer</a> from GUIDRV_Lin_24.o(.text._ShowBuffer) referenced from GUIDRV_Lin_24.o(.text._GetDevFunc)
 <LI><a href="#[c9]">_XorPixel</a> from GUIDRV_Lin_24.o(.text._XorPixel) referenced 3 times from GUIDRV_Lin_24.o(.rodata)
 <LI><a href="#[66]">__main</a> from entry.o(.ARM.Collect$$$$00000000) referenced from startup_stm32f429xx.o(.text)
 <LI><a href="#[70]">_cbBackWin</a> from WM.o(.text._cbBackWin) referenced from WM.o(.text.WM_Init)
 <LI><a href="#[6e]">_cbPaintMemDev</a> from WM.o(.text._cbPaintMemDev) referenced from WM.o(.text.WM_Exec)
 <LI><a href="#[99]">fputc</a> from uart.o(i.fputc) referenced from printf8.o(i.__0printf$8)
 <LI><a href="#[64]">main</a> from main.o(i.main) referenced from entry9a.o(.ARM.Collect$$$$0000000B)
 <LI><a href="#[104]">memcpy</a> from memmove.o(.text) referenced from GUI__Private.o(.data)
 <LI><a href="#[105]">memset</a> from memseta.o(.text) referenced from GUI__Private.o(.data)
</UL>
<P>
<H3>
Global Symbols
</H3>
<P><STRONG><a name="[66]"></a>__main</STRONG> (Thumb, 0 bytes, Stack size unknown bytes, entry.o(.ARM.Collect$$$$00000000))
<BR>[Address Reference Count : 1]<UL><LI> startup_stm32f429xx.o(.text)
</UL>
<P><STRONG><a name="[261]"></a>_main_stk</STRONG> (Thumb, 0 bytes, Stack size unknown bytes, entry2.o(.ARM.Collect$$$$00000001))

<P><STRONG><a name="[107]"></a>_main_scatterload</STRONG> (Thumb, 0 bytes, Stack size unknown bytes, entry5.o(.ARM.Collect$$$$00000004))
<BR><BR>[Calls]<UL><LI><a href="#[108]">&gt;&gt;</a>&nbsp;&nbsp;&nbsp;__scatterload
</UL>

<P><STRONG><a name="[10e]"></a>__main_after_scatterload</STRONG> (Thumb, 0 bytes, Stack size unknown bytes, entry5.o(.ARM.Collect$$$$00000004))
<BR><BR>[Called By]<UL><LI><a href="#[108]">&gt;&gt;</a>&nbsp;&nbsp;&nbsp;__scatterload
</UL>

<P><STRONG><a name="[262]"></a>_main_clock</STRONG> (Thumb, 0 bytes, Stack size unknown bytes, entry7b.o(.ARM.Collect$$$$00000008))

<P><STRONG><a name="[263]"></a>_main_cpp_init</STRONG> (Thumb, 0 bytes, Stack size unknown bytes, entry8b.o(.ARM.Collect$$$$0000000A))

<P><STRONG><a name="[264]"></a>_main_init</STRONG> (Thumb, 0 bytes, Stack size unknown bytes, entry9a.o(.ARM.Collect$$$$0000000B))

<P><STRONG><a name="[265]"></a>__rt_final_cpp</STRONG> (Thumb, 0 bytes, Stack size unknown bytes, entry10a.o(.ARM.Collect$$$$0000000D))

<P><STRONG><a name="[266]"></a>__rt_final_exit</STRONG> (Thumb, 0 bytes, Stack size unknown bytes, entry11a.o(.ARM.Collect$$$$0000000F))

<P><STRONG><a name="[0]"></a>Reset_Handler</STRONG> (Thumb, 8 bytes, Stack size 0 bytes, startup_stm32f429xx.o(.text))
<BR>[Address Reference Count : 1]<UL><LI> startup_stm32f429xx.o(RESET)
</UL>
<P><STRONG><a name="[1c]"></a>ADC_IRQHandler</STRONG> (Thumb, 0 bytes, Stack size 0 bytes, startup_stm32f429xx.o(.text))
<BR><BR>[Calls]<UL><LI><a href="#[1c]">&gt;&gt;</a>&nbsp;&nbsp;&nbsp;ADC_IRQHandler
</UL>
<BR>[Called By]<UL><LI><a href="#[1c]">&gt;&gt;</a>&nbsp;&nbsp;&nbsp;ADC_IRQHandler
</UL>
<BR>[Address Reference Count : 1]<UL><LI> startup_stm32f429xx.o(RESET)
</UL>
<P><STRONG><a name="[1e]"></a>CAN1_RX0_IRQHandler</STRONG> (Thumb, 0 bytes, Stack size 0 bytes, startup_stm32f429xx.o(.text))
<BR>[Address Reference Count : 1]<UL><LI> startup_stm32f429xx.o(RESET)
</UL>
<P><STRONG><a name="[1f]"></a>CAN1_RX1_IRQHandler</STRONG> (Thumb, 0 bytes, Stack size 0 bytes, startup_stm32f429xx.o(.text))
<BR>[Address Reference Count : 1]<UL><LI> startup_stm32f429xx.o(RESET)
</UL>
<P><STRONG><a name="[20]"></a>CAN1_SCE_IRQHandler</STRONG> (Thumb, 0 bytes, Stack size 0 bytes, startup_stm32f429xx.o(.text))
<BR>[Address Reference Count : 1]<UL><LI> startup_stm32f429xx.o(RESET)
</UL>
<P><STRONG><a name="[1d]"></a>CAN1_TX_IRQHandler</STRONG> (Thumb, 0 bytes, Stack size 0 bytes, startup_stm32f429xx.o(.text))
<BR>[Address Reference Count : 1]<UL><LI> startup_stm32f429xx.o(RESET)
</UL>
<P><STRONG><a name="[4a]"></a>CAN2_RX0_IRQHandler</STRONG> (Thumb, 0 bytes, Stack size 0 bytes, startup_stm32f429xx.o(.text))
<BR>[Address Reference Count : 1]<UL><LI> startup_stm32f429xx.o(RESET)
</UL>
<P><STRONG><a name="[4b]"></a>CAN2_RX1_IRQHandler</STRONG> (Thumb, 0 bytes, Stack size 0 bytes, startup_stm32f429xx.o(.text))
<BR>[Address Reference Count : 1]<UL><LI> startup_stm32f429xx.o(RESET)
</UL>
<P><STRONG><a name="[4c]"></a>CAN2_SCE_IRQHandler</STRONG> (Thumb, 0 bytes, Stack size 0 bytes, startup_stm32f429xx.o(.text))
<BR>[Address Reference Count : 1]<UL><LI> startup_stm32f429xx.o(RESET)
</UL>
<P><STRONG><a name="[49]"></a>CAN2_TX_IRQHandler</STRONG> (Thumb, 0 bytes, Stack size 0 bytes, startup_stm32f429xx.o(.text))
<BR>[Address Reference Count : 1]<UL><LI> startup_stm32f429xx.o(RESET)
</UL>
<P><STRONG><a name="[58]"></a>DCMI_IRQHandler</STRONG> (Thumb, 0 bytes, Stack size 0 bytes, startup_stm32f429xx.o(.text))
<BR>[Address Reference Count : 1]<UL><LI> startup_stm32f429xx.o(RESET)
</UL>
<P><STRONG><a name="[15]"></a>DMA1_Stream0_IRQHandler</STRONG> (Thumb, 0 bytes, Stack size 0 bytes, startup_stm32f429xx.o(.text))
<BR>[Address Reference Count : 1]<UL><LI> startup_stm32f429xx.o(RESET)
</UL>
<P><STRONG><a name="[16]"></a>DMA1_Stream1_IRQHandler</STRONG> (Thumb, 0 bytes, Stack size 0 bytes, startup_stm32f429xx.o(.text))
<BR>[Address Reference Count : 1]<UL><LI> startup_stm32f429xx.o(RESET)
</UL>
<P><STRONG><a name="[17]"></a>DMA1_Stream2_IRQHandler</STRONG> (Thumb, 0 bytes, Stack size 0 bytes, startup_stm32f429xx.o(.text))
<BR>[Address Reference Count : 1]<UL><LI> startup_stm32f429xx.o(RESET)
</UL>
<P><STRONG><a name="[18]"></a>DMA1_Stream3_IRQHandler</STRONG> (Thumb, 0 bytes, Stack size 0 bytes, startup_stm32f429xx.o(.text))
<BR>[Address Reference Count : 1]<UL><LI> startup_stm32f429xx.o(RESET)
</UL>
<P><STRONG><a name="[19]"></a>DMA1_Stream4_IRQHandler</STRONG> (Thumb, 0 bytes, Stack size 0 bytes, startup_stm32f429xx.o(.text))
<BR>[Address Reference Count : 1]<UL><LI> startup_stm32f429xx.o(RESET)
</UL>
<P><STRONG><a name="[1a]"></a>DMA1_Stream5_IRQHandler</STRONG> (Thumb, 0 bytes, Stack size 0 bytes, startup_stm32f429xx.o(.text))
<BR>[Address Reference Count : 1]<UL><LI> startup_stm32f429xx.o(RESET)
</UL>
<P><STRONG><a name="[1b]"></a>DMA1_Stream6_IRQHandler</STRONG> (Thumb, 0 bytes, Stack size 0 bytes, startup_stm32f429xx.o(.text))
<BR>[Address Reference Count : 1]<UL><LI> startup_stm32f429xx.o(RESET)
</UL>
<P><STRONG><a name="[39]"></a>DMA1_Stream7_IRQHandler</STRONG> (Thumb, 0 bytes, Stack size 0 bytes, startup_stm32f429xx.o(.text))
<BR>[Address Reference Count : 1]<UL><LI> startup_stm32f429xx.o(RESET)
</UL>
<P><STRONG><a name="[42]"></a>DMA2_Stream0_IRQHandler</STRONG> (Thumb, 0 bytes, Stack size 0 bytes, startup_stm32f429xx.o(.text))
<BR>[Address Reference Count : 1]<UL><LI> startup_stm32f429xx.o(RESET)
</UL>
<P><STRONG><a name="[43]"></a>DMA2_Stream1_IRQHandler</STRONG> (Thumb, 0 bytes, Stack size 0 bytes, startup_stm32f429xx.o(.text))
<BR>[Address Reference Count : 1]<UL><LI> startup_stm32f429xx.o(RESET)
</UL>
<P><STRONG><a name="[44]"></a>DMA2_Stream2_IRQHandler</STRONG> (Thumb, 0 bytes, Stack size 0 bytes, startup_stm32f429xx.o(.text))
<BR>[Address Reference Count : 1]<UL><LI> startup_stm32f429xx.o(RESET)
</UL>
<P><STRONG><a name="[45]"></a>DMA2_Stream3_IRQHandler</STRONG> (Thumb, 0 bytes, Stack size 0 bytes, startup_stm32f429xx.o(.text))
<BR>[Address Reference Count : 1]<UL><LI> startup_stm32f429xx.o(RESET)
</UL>
<P><STRONG><a name="[46]"></a>DMA2_Stream4_IRQHandler</STRONG> (Thumb, 0 bytes, Stack size 0 bytes, startup_stm32f429xx.o(.text))
<BR>[Address Reference Count : 1]<UL><LI> startup_stm32f429xx.o(RESET)
</UL>
<P><STRONG><a name="[4e]"></a>DMA2_Stream5_IRQHandler</STRONG> (Thumb, 0 bytes, Stack size 0 bytes, startup_stm32f429xx.o(.text))
<BR>[Address Reference Count : 1]<UL><LI> startup_stm32f429xx.o(RESET)
</UL>
<P><STRONG><a name="[4f]"></a>DMA2_Stream6_IRQHandler</STRONG> (Thumb, 0 bytes, Stack size 0 bytes, startup_stm32f429xx.o(.text))
<BR>[Address Reference Count : 1]<UL><LI> startup_stm32f429xx.o(RESET)
</UL>
<P><STRONG><a name="[50]"></a>DMA2_Stream7_IRQHandler</STRONG> (Thumb, 0 bytes, Stack size 0 bytes, startup_stm32f429xx.o(.text))
<BR>[Address Reference Count : 1]<UL><LI> startup_stm32f429xx.o(RESET)
</UL>
<P><STRONG><a name="[47]"></a>ETH_IRQHandler</STRONG> (Thumb, 0 bytes, Stack size 0 bytes, startup_stm32f429xx.o(.text))
<BR>[Address Reference Count : 1]<UL><LI> startup_stm32f429xx.o(RESET)
</UL>
<P><STRONG><a name="[48]"></a>ETH_WKUP_IRQHandler</STRONG> (Thumb, 0 bytes, Stack size 0 bytes, startup_stm32f429xx.o(.text))
<BR>[Address Reference Count : 1]<UL><LI> startup_stm32f429xx.o(RESET)
</UL>
<P><STRONG><a name="[11]"></a>EXTI1_IRQHandler</STRONG> (Thumb, 0 bytes, Stack size 0 bytes, startup_stm32f429xx.o(.text))
<BR>[Address Reference Count : 1]<UL><LI> startup_stm32f429xx.o(RESET)
</UL>
<P><STRONG><a name="[12]"></a>EXTI2_IRQHandler</STRONG> (Thumb, 0 bytes, Stack size 0 bytes, startup_stm32f429xx.o(.text))
<BR>[Address Reference Count : 1]<UL><LI> startup_stm32f429xx.o(RESET)
</UL>
<P><STRONG><a name="[13]"></a>EXTI3_IRQHandler</STRONG> (Thumb, 0 bytes, Stack size 0 bytes, startup_stm32f429xx.o(.text))
<BR>[Address Reference Count : 1]<UL><LI> startup_stm32f429xx.o(RESET)
</UL>
<P><STRONG><a name="[14]"></a>EXTI4_IRQHandler</STRONG> (Thumb, 0 bytes, Stack size 0 bytes, startup_stm32f429xx.o(.text))
<BR>[Address Reference Count : 1]<UL><LI> startup_stm32f429xx.o(RESET)
</UL>
<P><STRONG><a name="[21]"></a>EXTI9_5_IRQHandler</STRONG> (Thumb, 0 bytes, Stack size 0 bytes, startup_stm32f429xx.o(.text))
<BR>[Address Reference Count : 1]<UL><LI> startup_stm32f429xx.o(RESET)
</UL>
<P><STRONG><a name="[e]"></a>FLASH_IRQHandler</STRONG> (Thumb, 0 bytes, Stack size 0 bytes, startup_stm32f429xx.o(.text))
<BR>[Address Reference Count : 1]<UL><LI> startup_stm32f429xx.o(RESET)
</UL>
<P><STRONG><a name="[3a]"></a>FMC_IRQHandler</STRONG> (Thumb, 0 bytes, Stack size 0 bytes, startup_stm32f429xx.o(.text))
<BR>[Address Reference Count : 1]<UL><LI> startup_stm32f429xx.o(RESET)
</UL>
<P><STRONG><a name="[5a]"></a>FPU_IRQHandler</STRONG> (Thumb, 0 bytes, Stack size 0 bytes, startup_stm32f429xx.o(.text))
<BR>[Address Reference Count : 1]<UL><LI> startup_stm32f429xx.o(RESET)
</UL>
<P><STRONG><a name="[59]"></a>HASH_RNG_IRQHandler</STRONG> (Thumb, 0 bytes, Stack size 0 bytes, startup_stm32f429xx.o(.text))
<BR>[Address Reference Count : 1]<UL><LI> startup_stm32f429xx.o(RESET)
</UL>
<P><STRONG><a name="[2a]"></a>I2C1_ER_IRQHandler</STRONG> (Thumb, 0 bytes, Stack size 0 bytes, startup_stm32f429xx.o(.text))
<BR>[Address Reference Count : 1]<UL><LI> startup_stm32f429xx.o(RESET)
</UL>
<P><STRONG><a name="[29]"></a>I2C1_EV_IRQHandler</STRONG> (Thumb, 0 bytes, Stack size 0 bytes, startup_stm32f429xx.o(.text))
<BR>[Address Reference Count : 1]<UL><LI> startup_stm32f429xx.o(RESET)
</UL>
<P><STRONG><a name="[2c]"></a>I2C2_ER_IRQHandler</STRONG> (Thumb, 0 bytes, Stack size 0 bytes, startup_stm32f429xx.o(.text))
<BR>[Address Reference Count : 1]<UL><LI> startup_stm32f429xx.o(RESET)
</UL>
<P><STRONG><a name="[2b]"></a>I2C2_EV_IRQHandler</STRONG> (Thumb, 0 bytes, Stack size 0 bytes, startup_stm32f429xx.o(.text))
<BR>[Address Reference Count : 1]<UL><LI> startup_stm32f429xx.o(RESET)
</UL>
<P><STRONG><a name="[53]"></a>I2C3_ER_IRQHandler</STRONG> (Thumb, 0 bytes, Stack size 0 bytes, startup_stm32f429xx.o(.text))
<BR>[Address Reference Count : 1]<UL><LI> startup_stm32f429xx.o(RESET)
</UL>
<P><STRONG><a name="[52]"></a>I2C3_EV_IRQHandler</STRONG> (Thumb, 0 bytes, Stack size 0 bytes, startup_stm32f429xx.o(.text))
<BR>[Address Reference Count : 1]<UL><LI> startup_stm32f429xx.o(RESET)
</UL>
<P><STRONG><a name="[62]"></a>LTDC_ER_IRQHandler</STRONG> (Thumb, 0 bytes, Stack size 0 bytes, startup_stm32f429xx.o(.text))
<BR>[Address Reference Count : 1]<UL><LI> startup_stm32f429xx.o(RESET)
</UL>
<P><STRONG><a name="[4d]"></a>OTG_FS_IRQHandler</STRONG> (Thumb, 0 bytes, Stack size 0 bytes, startup_stm32f429xx.o(.text))
<BR>[Address Reference Count : 1]<UL><LI> startup_stm32f429xx.o(RESET)
</UL>
<P><STRONG><a name="[34]"></a>OTG_FS_WKUP_IRQHandler</STRONG> (Thumb, 0 bytes, Stack size 0 bytes, startup_stm32f429xx.o(.text))
<BR>[Address Reference Count : 1]<UL><LI> startup_stm32f429xx.o(RESET)
</UL>
<P><STRONG><a name="[55]"></a>OTG_HS_EP1_IN_IRQHandler</STRONG> (Thumb, 0 bytes, Stack size 0 bytes, startup_stm32f429xx.o(.text))
<BR>[Address Reference Count : 1]<UL><LI> startup_stm32f429xx.o(RESET)
</UL>
<P><STRONG><a name="[54]"></a>OTG_HS_EP1_OUT_IRQHandler</STRONG> (Thumb, 0 bytes, Stack size 0 bytes, startup_stm32f429xx.o(.text))
<BR>[Address Reference Count : 1]<UL><LI> startup_stm32f429xx.o(RESET)
</UL>
<P><STRONG><a name="[57]"></a>OTG_HS_IRQHandler</STRONG> (Thumb, 0 bytes, Stack size 0 bytes, startup_stm32f429xx.o(.text))
<BR>[Address Reference Count : 1]<UL><LI> startup_stm32f429xx.o(RESET)
</UL>
<P><STRONG><a name="[56]"></a>OTG_HS_WKUP_IRQHandler</STRONG> (Thumb, 0 bytes, Stack size 0 bytes, startup_stm32f429xx.o(.text))
<BR>[Address Reference Count : 1]<UL><LI> startup_stm32f429xx.o(RESET)
</UL>
<P><STRONG><a name="[b]"></a>PVD_IRQHandler</STRONG> (Thumb, 0 bytes, Stack size 0 bytes, startup_stm32f429xx.o(.text))
<BR>[Address Reference Count : 1]<UL><LI> startup_stm32f429xx.o(RESET)
</UL>
<P><STRONG><a name="[f]"></a>RCC_IRQHandler</STRONG> (Thumb, 0 bytes, Stack size 0 bytes, startup_stm32f429xx.o(.text))
<BR>[Address Reference Count : 1]<UL><LI> startup_stm32f429xx.o(RESET)
</UL>
<P><STRONG><a name="[33]"></a>RTC_Alarm_IRQHandler</STRONG> (Thumb, 0 bytes, Stack size 0 bytes, startup_stm32f429xx.o(.text))
<BR>[Address Reference Count : 1]<UL><LI> startup_stm32f429xx.o(RESET)
</UL>
<P><STRONG><a name="[d]"></a>RTC_WKUP_IRQHandler</STRONG> (Thumb, 0 bytes, Stack size 0 bytes, startup_stm32f429xx.o(.text))
<BR>[Address Reference Count : 1]<UL><LI> startup_stm32f429xx.o(RESET)
</UL>
<P><STRONG><a name="[60]"></a>SAI1_IRQHandler</STRONG> (Thumb, 0 bytes, Stack size 0 bytes, startup_stm32f429xx.o(.text))
<BR>[Address Reference Count : 1]<UL><LI> startup_stm32f429xx.o(RESET)
</UL>
<P><STRONG><a name="[3b]"></a>SDIO_IRQHandler</STRONG> (Thumb, 0 bytes, Stack size 0 bytes, startup_stm32f429xx.o(.text))
<BR>[Address Reference Count : 1]<UL><LI> startup_stm32f429xx.o(RESET)
</UL>
<P><STRONG><a name="[2d]"></a>SPI1_IRQHandler</STRONG> (Thumb, 0 bytes, Stack size 0 bytes, startup_stm32f429xx.o(.text))
<BR>[Address Reference Count : 1]<UL><LI> startup_stm32f429xx.o(RESET)
</UL>
<P><STRONG><a name="[2e]"></a>SPI2_IRQHandler</STRONG> (Thumb, 0 bytes, Stack size 0 bytes, startup_stm32f429xx.o(.text))
<BR>[Address Reference Count : 1]<UL><LI> startup_stm32f429xx.o(RESET)
</UL>
<P><STRONG><a name="[3d]"></a>SPI3_IRQHandler</STRONG> (Thumb, 0 bytes, Stack size 0 bytes, startup_stm32f429xx.o(.text))
<BR>[Address Reference Count : 1]<UL><LI> startup_stm32f429xx.o(RESET)
</UL>
<P><STRONG><a name="[5d]"></a>SPI4_IRQHandler</STRONG> (Thumb, 0 bytes, Stack size 0 bytes, startup_stm32f429xx.o(.text))
<BR>[Address Reference Count : 1]<UL><LI> startup_stm32f429xx.o(RESET)
</UL>
<P><STRONG><a name="[5e]"></a>SPI5_IRQHandler</STRONG> (Thumb, 0 bytes, Stack size 0 bytes, startup_stm32f429xx.o(.text))
<BR>[Address Reference Count : 1]<UL><LI> startup_stm32f429xx.o(RESET)
</UL>
<P><STRONG><a name="[5f]"></a>SPI6_IRQHandler</STRONG> (Thumb, 0 bytes, Stack size 0 bytes, startup_stm32f429xx.o(.text))
<BR>[Address Reference Count : 1]<UL><LI> startup_stm32f429xx.o(RESET)
</UL>
<P><STRONG><a name="[c]"></a>TAMP_STAMP_IRQHandler</STRONG> (Thumb, 0 bytes, Stack size 0 bytes, startup_stm32f429xx.o(.text))
<BR>[Address Reference Count : 1]<UL><LI> startup_stm32f429xx.o(RESET)
</UL>
<P><STRONG><a name="[22]"></a>TIM1_BRK_TIM9_IRQHandler</STRONG> (Thumb, 0 bytes, Stack size 0 bytes, startup_stm32f429xx.o(.text))
<BR>[Address Reference Count : 1]<UL><LI> startup_stm32f429xx.o(RESET)
</UL>
<P><STRONG><a name="[25]"></a>TIM1_CC_IRQHandler</STRONG> (Thumb, 0 bytes, Stack size 0 bytes, startup_stm32f429xx.o(.text))
<BR>[Address Reference Count : 1]<UL><LI> startup_stm32f429xx.o(RESET)
</UL>
<P><STRONG><a name="[24]"></a>TIM1_TRG_COM_TIM11_IRQHandler</STRONG> (Thumb, 0 bytes, Stack size 0 bytes, startup_stm32f429xx.o(.text))
<BR>[Address Reference Count : 1]<UL><LI> startup_stm32f429xx.o(RESET)
</UL>
<P><STRONG><a name="[23]"></a>TIM1_UP_TIM10_IRQHandler</STRONG> (Thumb, 0 bytes, Stack size 0 bytes, startup_stm32f429xx.o(.text))
<BR>[Address Reference Count : 1]<UL><LI> startup_stm32f429xx.o(RESET)
</UL>
<P><STRONG><a name="[26]"></a>TIM2_IRQHandler</STRONG> (Thumb, 0 bytes, Stack size 0 bytes, startup_stm32f429xx.o(.text))
<BR>[Address Reference Count : 1]<UL><LI> startup_stm32f429xx.o(RESET)
</UL>
<P><STRONG><a name="[27]"></a>TIM3_IRQHandler</STRONG> (Thumb, 0 bytes, Stack size 0 bytes, startup_stm32f429xx.o(.text))
<BR>[Address Reference Count : 1]<UL><LI> startup_stm32f429xx.o(RESET)
</UL>
<P><STRONG><a name="[28]"></a>TIM4_IRQHandler</STRONG> (Thumb, 0 bytes, Stack size 0 bytes, startup_stm32f429xx.o(.text))
<BR>[Address Reference Count : 1]<UL><LI> startup_stm32f429xx.o(RESET)
</UL>
<P><STRONG><a name="[3c]"></a>TIM5_IRQHandler</STRONG> (Thumb, 0 bytes, Stack size 0 bytes, startup_stm32f429xx.o(.text))
<BR>[Address Reference Count : 1]<UL><LI> startup_stm32f429xx.o(RESET)
</UL>
<P><STRONG><a name="[41]"></a>TIM7_IRQHandler</STRONG> (Thumb, 0 bytes, Stack size 0 bytes, startup_stm32f429xx.o(.text))
<BR>[Address Reference Count : 1]<UL><LI> startup_stm32f429xx.o(RESET)
</UL>
<P><STRONG><a name="[35]"></a>TIM8_BRK_TIM12_IRQHandler</STRONG> (Thumb, 0 bytes, Stack size 0 bytes, startup_stm32f429xx.o(.text))
<BR>[Address Reference Count : 1]<UL><LI> startup_stm32f429xx.o(RESET)
</UL>
<P><STRONG><a name="[37]"></a>TIM8_TRG_COM_TIM14_IRQHandler</STRONG> (Thumb, 0 bytes, Stack size 0 bytes, startup_stm32f429xx.o(.text))
<BR>[Address Reference Count : 1]<UL><LI> startup_stm32f429xx.o(RESET)
</UL>
<P><STRONG><a name="[36]"></a>TIM8_UP_TIM13_IRQHandler</STRONG> (Thumb, 0 bytes, Stack size 0 bytes, startup_stm32f429xx.o(.text))
<BR>[Address Reference Count : 1]<UL><LI> startup_stm32f429xx.o(RESET)
</UL>
<P><STRONG><a name="[3e]"></a>UART4_IRQHandler</STRONG> (Thumb, 0 bytes, Stack size 0 bytes, startup_stm32f429xx.o(.text))
<BR>[Address Reference Count : 1]<UL><LI> startup_stm32f429xx.o(RESET)
</UL>
<P><STRONG><a name="[3f]"></a>UART5_IRQHandler</STRONG> (Thumb, 0 bytes, Stack size 0 bytes, startup_stm32f429xx.o(.text))
<BR>[Address Reference Count : 1]<UL><LI> startup_stm32f429xx.o(RESET)
</UL>
<P><STRONG><a name="[5b]"></a>UART7_IRQHandler</STRONG> (Thumb, 0 bytes, Stack size 0 bytes, startup_stm32f429xx.o(.text))
<BR>[Address Reference Count : 1]<UL><LI> startup_stm32f429xx.o(RESET)
</UL>
<P><STRONG><a name="[5c]"></a>UART8_IRQHandler</STRONG> (Thumb, 0 bytes, Stack size 0 bytes, startup_stm32f429xx.o(.text))
<BR>[Address Reference Count : 1]<UL><LI> startup_stm32f429xx.o(RESET)
</UL>
<P><STRONG><a name="[30]"></a>USART2_IRQHandler</STRONG> (Thumb, 0 bytes, Stack size 0 bytes, startup_stm32f429xx.o(.text))
<BR>[Address Reference Count : 1]<UL><LI> startup_stm32f429xx.o(RESET)
</UL>
<P><STRONG><a name="[31]"></a>USART3_IRQHandler</STRONG> (Thumb, 0 bytes, Stack size 0 bytes, startup_stm32f429xx.o(.text))
<BR>[Address Reference Count : 1]<UL><LI> startup_stm32f429xx.o(RESET)
</UL>
<P><STRONG><a name="[51]"></a>USART6_IRQHandler</STRONG> (Thumb, 0 bytes, Stack size 0 bytes, startup_stm32f429xx.o(.text))
<BR>[Address Reference Count : 1]<UL><LI> startup_stm32f429xx.o(RESET)
</UL>
<P><STRONG><a name="[109]"></a>__aeabi_uldivmod</STRONG> (Thumb, 98 bytes, Stack size 40 bytes, uldiv.o(.text))
<BR><BR>[Stack]<UL><LI>Max Depth = 40<LI>Call Chain = __aeabi_uldivmod
</UL>
<BR>[Calls]<UL><LI><a href="#[10a]">&gt;&gt;</a>&nbsp;&nbsp;&nbsp;__aeabi_llsr
<LI><a href="#[10b]">&gt;&gt;</a>&nbsp;&nbsp;&nbsp;__aeabi_llsl
</UL>
<BR>[Called By]<UL><LI><a href="#[206]">&gt;&gt;</a>&nbsp;&nbsp;&nbsp;HAL_RCC_GetSysClockFreq
<LI><a href="#[221]">&gt;&gt;</a>&nbsp;&nbsp;&nbsp;UART_SetConfig
<LI><a href="#[25a]">&gt;&gt;</a>&nbsp;&nbsp;&nbsp;_printf_core
</UL>

<P><STRONG><a name="[267]"></a>____aeabi_memcpy$ret$move</STRONG> (Thumb, 66 bytes, Stack size 8 bytes, memmove.o(.text), UNUSED)

<P><STRONG><a name="[268]"></a>____aeabi_memcpy8$ret$move</STRONG> (Thumb, 0 bytes, Stack size 8 bytes, memmove.o(.text), UNUSED)

<P><STRONG><a name="[269]"></a>___aeabi_memmove$ret</STRONG> (Thumb, 0 bytes, Stack size 8 bytes, memmove.o(.text), UNUSED)

<P><STRONG><a name="[26a]"></a>___aeabi_memmove4$ret</STRONG> (Thumb, 0 bytes, Stack size 8 bytes, memmove.o(.text), UNUSED)

<P><STRONG><a name="[26b]"></a>___aeabi_memmove8$ret</STRONG> (Thumb, 0 bytes, Stack size 8 bytes, memmove.o(.text), UNUSED)

<P><STRONG><a name="[1fd]"></a>__aeabi_memcpy4</STRONG> (Thumb, 0 bytes, Stack size 8 bytes, memmove.o(.text))
<BR><BR>[Stack]<UL><LI>Max Depth = 8<LI>Call Chain = __aeabi_memcpy4
</UL>
<BR>[Called By]<UL><LI><a href="#[1fc]">&gt;&gt;</a>&nbsp;&nbsp;&nbsp;HAL_LTDC_ConfigLayer
</UL>

<P><STRONG><a name="[104]"></a>memcpy</STRONG> (Thumb, 0 bytes, Stack size 8 bytes, memmove.o(.text))
<BR><BR>[Stack]<UL><LI>Max Depth = 8<LI>Call Chain = memcpy
</UL>
<BR>[Called By]<UL><LI><a href="#[18c]">&gt;&gt;</a>&nbsp;&nbsp;&nbsp;GUI_RestoreContext
<LI><a href="#[191]">&gt;&gt;</a>&nbsp;&nbsp;&nbsp;GUI_SaveContext_W
</UL>
<BR>[Address Reference Count : 1]<UL><LI> GUI__Private.o(.data)
</UL>
<P><STRONG><a name="[1ef]"></a>memmove</STRONG> (Thumb, 0 bytes, Stack size 8 bytes, memmove.o(.text))
<BR><BR>[Stack]<UL><LI>Max Depth = 8<LI>Call Chain = memmove
</UL>
<BR>[Called By]<UL><LI><a href="#[11f]">&gt;&gt;</a>&nbsp;&nbsp;&nbsp;_RemoveHoles
</UL>

<P><STRONG><a name="[10d]"></a>__aeabi_memset</STRONG> (Thumb, 14 bytes, Stack size 0 bytes, memseta.o(.text))
<BR><BR>[Called By]<UL><LI><a href="#[105]">&gt;&gt;</a>&nbsp;&nbsp;&nbsp;memset
<LI><a href="#[10c]">&gt;&gt;</a>&nbsp;&nbsp;&nbsp;__aeabi_memclr
</UL>

<P><STRONG><a name="[26c]"></a>__aeabi_memset4</STRONG> (Thumb, 0 bytes, Stack size 0 bytes, memseta.o(.text), UNUSED)

<P><STRONG><a name="[26d]"></a>__aeabi_memset8</STRONG> (Thumb, 0 bytes, Stack size 0 bytes, memseta.o(.text), UNUSED)

<P><STRONG><a name="[10c]"></a>__aeabi_memclr</STRONG> (Thumb, 4 bytes, Stack size 0 bytes, memseta.o(.text), UNUSED)
<BR><BR>[Calls]<UL><LI><a href="#[10d]">&gt;&gt;</a>&nbsp;&nbsp;&nbsp;__aeabi_memset
</UL>

<P><STRONG><a name="[24b]"></a>__aeabi_memclr4</STRONG> (Thumb, 0 bytes, Stack size 0 bytes, memseta.o(.text))
<BR><BR>[Called By]<UL><LI><a href="#[24a]">&gt;&gt;</a>&nbsp;&nbsp;&nbsp;SystemClock_Config
</UL>

<P><STRONG><a name="[26e]"></a>__aeabi_memclr8</STRONG> (Thumb, 0 bytes, Stack size 0 bytes, memseta.o(.text), UNUSED)

<P><STRONG><a name="[105]"></a>memset</STRONG> (Thumb, 18 bytes, Stack size 8 bytes, memseta.o(.text))
<BR><BR>[Stack]<UL><LI>Max Depth = 8<LI>Call Chain = memset
</UL>
<BR>[Calls]<UL><LI><a href="#[10d]">&gt;&gt;</a>&nbsp;&nbsp;&nbsp;__aeabi_memset
</UL>
<BR>[Called By]<UL><LI><a href="#[1a8]">&gt;&gt;</a>&nbsp;&nbsp;&nbsp;GUI__memset
<LI><a href="#[fc]">&gt;&gt;</a>&nbsp;&nbsp;&nbsp;GUI_USAGE_BM_AddHLine
<LI><a href="#[fd]">&gt;&gt;</a>&nbsp;&nbsp;&nbsp;GUI_USAGE_BM_Clear
</UL>
<BR>[Address Reference Count : 1]<UL><LI> GUI__Private.o(.data)
</UL>
<P><STRONG><a name="[10b]"></a>__aeabi_llsl</STRONG> (Thumb, 30 bytes, Stack size 0 bytes, llshl.o(.text))
<BR><BR>[Called By]<UL><LI><a href="#[109]">&gt;&gt;</a>&nbsp;&nbsp;&nbsp;__aeabi_uldivmod
</UL>

<P><STRONG><a name="[26f]"></a>_ll_shift_l</STRONG> (Thumb, 0 bytes, Stack size 0 bytes, llshl.o(.text), UNUSED)

<P><STRONG><a name="[10a]"></a>__aeabi_llsr</STRONG> (Thumb, 32 bytes, Stack size 0 bytes, llushr.o(.text))
<BR><BR>[Called By]<UL><LI><a href="#[109]">&gt;&gt;</a>&nbsp;&nbsp;&nbsp;__aeabi_uldivmod
</UL>

<P><STRONG><a name="[270]"></a>_ll_ushift_r</STRONG> (Thumb, 0 bytes, Stack size 0 bytes, llushr.o(.text), UNUSED)

<P><STRONG><a name="[108]"></a>__scatterload</STRONG> (Thumb, 28 bytes, Stack size 0 bytes, init.o(.text))
<BR><BR>[Calls]<UL><LI><a href="#[10e]">&gt;&gt;</a>&nbsp;&nbsp;&nbsp;__main_after_scatterload
</UL>
<BR>[Called By]<UL><LI><a href="#[107]">&gt;&gt;</a>&nbsp;&nbsp;&nbsp;_main_scatterload
</UL>

<P><STRONG><a name="[271]"></a>__scatterload_rt2</STRONG> (Thumb, 0 bytes, Stack size 0 bytes, init.o(.text), UNUSED)

<P><STRONG><a name="[10f]"></a>GL_SetDefault</STRONG> (Thumb, 68 bytes, Stack size unknown bytes, GUI_Common.o(.text.GL_SetDefault))
<BR><BR>[Calls]<UL><LI><a href="#[112]">&gt;&gt;</a>&nbsp;&nbsp;&nbsp;LCD_SetDrawMode
<LI><a href="#[111]">&gt;&gt;</a>&nbsp;&nbsp;&nbsp;LCD_SetColor
<LI><a href="#[110]">&gt;&gt;</a>&nbsp;&nbsp;&nbsp;LCD_SetBkColor
</UL>
<BR>[Called By]<UL><LI><a href="#[71]">&gt;&gt;</a>&nbsp;&nbsp;&nbsp;WM__Paint1
</UL>

<P><STRONG><a name="[22d]"></a>GUICC_M1555I_SetCustColorConv</STRONG> (Thumb, 12 bytes, Stack size unknown bytes, GUICC_M1555I.o(.text.GUICC_M1555I_SetCustColorConv))
<BR><BR>[Called By]<UL><LI><a href="#[1a0]">&gt;&gt;</a>&nbsp;&nbsp;&nbsp;LCD_X_Config
</UL>

<P><STRONG><a name="[22f]"></a>GUICC_M4444I_SetCustColorConv</STRONG> (Thumb, 12 bytes, Stack size unknown bytes, GUICC_M4444I.o(.text.GUICC_M4444I_SetCustColorConv))
<BR><BR>[Called By]<UL><LI><a href="#[1a0]">&gt;&gt;</a>&nbsp;&nbsp;&nbsp;LCD_X_Config
</UL>

<P><STRONG><a name="[22e]"></a>GUICC_M565_SetCustColorConv</STRONG> (Thumb, 12 bytes, Stack size unknown bytes, GUICC_M565.o(.text.GUICC_M565_SetCustColorConv))
<BR><BR>[Called By]<UL><LI><a href="#[1a0]">&gt;&gt;</a>&nbsp;&nbsp;&nbsp;LCD_X_Config
</UL>

<P><STRONG><a name="[231]"></a>GUICC_M8888I_SetCustColorConv</STRONG> (Thumb, 2 bytes, Stack size unknown bytes, GUICC_M8888I.o(.text.GUICC_M8888I_SetCustColorConv))
<BR><BR>[Called By]<UL><LI><a href="#[1a0]">&gt;&gt;</a>&nbsp;&nbsp;&nbsp;LCD_X_Config
</UL>

<P><STRONG><a name="[230]"></a>GUICC_M888_SetCustColorConv</STRONG> (Thumb, 2 bytes, Stack size unknown bytes, GUICC_M888.o(.text.GUICC_M888_SetCustColorConv))
<BR><BR>[Called By]<UL><LI><a href="#[1a0]">&gt;&gt;</a>&nbsp;&nbsp;&nbsp;LCD_X_Config
</UL>

<P><STRONG><a name="[eb]"></a>GUIMONO_DispChar</STRONG> (Thumb, 328 bytes, Stack size unknown bytes, GUI_CharM.o(.text.GUIMONO_DispChar))
<BR><BR>[Calls]<UL><LI><a href="#[112]">&gt;&gt;</a>&nbsp;&nbsp;&nbsp;LCD_SetDrawMode
<LI><a href="#[114]">&gt;&gt;</a>&nbsp;&nbsp;&nbsp;LCD_FillRect
<LI><a href="#[113]">&gt;&gt;</a>&nbsp;&nbsp;&nbsp;LCD_DrawBitmap
</UL>
<BR>[Address Reference Count : 1]<UL><LI> F6x8.o(.rodata)
</UL>
<P><STRONG><a name="[ec]"></a>GUIMONO_GetCharDistX</STRONG> (Thumb, 24 bytes, Stack size unknown bytes, GUI_CharM.o(.text.GUIMONO_GetCharDistX))
<BR>[Address Reference Count : 1]<UL><LI> F6x8.o(.rodata)
</UL>
<P><STRONG><a name="[ed]"></a>GUIMONO_GetFontInfo</STRONG> (Thumb, 6 bytes, Stack size unknown bytes, GUI_CharM.o(.text.GUIMONO_GetFontInfo))
<BR>[Address Reference Count : 1]<UL><LI> F6x8.o(.rodata)
</UL>
<P><STRONG><a name="[ee]"></a>GUIMONO_IsInFont</STRONG> (Thumb, 54 bytes, Stack size unknown bytes, GUI_CharM.o(.text.GUIMONO_IsInFont))
<BR>[Address Reference Count : 1]<UL><LI> F6x8.o(.rodata)
</UL>
<P><STRONG><a name="[cf]"></a>GUIPROP_DispChar</STRONG> (Thumb, 260 bytes, Stack size unknown bytes, GUI_CharP.o(.text.GUIPROP_DispChar))
<BR><BR>[Calls]<UL><LI><a href="#[112]">&gt;&gt;</a>&nbsp;&nbsp;&nbsp;LCD_SetDrawMode
<LI><a href="#[115]">&gt;&gt;</a>&nbsp;&nbsp;&nbsp;GUI_GetColor
<LI><a href="#[116]">&gt;&gt;</a>&nbsp;&nbsp;&nbsp;GUI_GetBkColor
<LI><a href="#[117]">&gt;&gt;</a>&nbsp;&nbsp;&nbsp;GUI_SetColor
<LI><a href="#[114]">&gt;&gt;</a>&nbsp;&nbsp;&nbsp;LCD_FillRect
<LI><a href="#[113]">&gt;&gt;</a>&nbsp;&nbsp;&nbsp;LCD_DrawBitmap
</UL>
<BR>[Address Reference Count : 2]<UL><LI> F24_1.o(.rodata)
<LI> F24_ASCII.o(.rodata)
</UL>
<P><STRONG><a name="[d0]"></a>GUIPROP_GetCharDistX</STRONG> (Thumb, 76 bytes, Stack size unknown bytes, GUI_CharP.o(.text.GUIPROP_GetCharDistX))
<BR>[Address Reference Count : 2]<UL><LI> F24_1.o(.rodata)
<LI> F24_ASCII.o(.rodata)
</UL>
<P><STRONG><a name="[d1]"></a>GUIPROP_GetFontInfo</STRONG> (Thumb, 6 bytes, Stack size unknown bytes, GUI_CharP.o(.text.GUIPROP_GetFontInfo))
<BR>[Address Reference Count : 2]<UL><LI> F24_1.o(.rodata)
<LI> F24_ASCII.o(.rodata)
</UL>
<P><STRONG><a name="[d2]"></a>GUIPROP_IsInFont</STRONG> (Thumb, 28 bytes, Stack size unknown bytes, GUI_CharP.o(.text.GUIPROP_IsInFont))
<BR>[Address Reference Count : 2]<UL><LI> F24_1.o(.rodata)
<LI> F24_ASCII.o(.rodata)
</UL>
<P><STRONG><a name="[118]"></a>GUI_ALLOC_AllocNoInit</STRONG> (Thumb, 8 bytes, Stack size unknown bytes, GUI_Alloc.o(.text.GUI_ALLOC_AllocNoInit))
<BR><BR>[Stack]<UL><LI>Max Depth = 8 + Unknown Stack Size
<LI>Call Chain = GUI_ALLOC_AllocNoInit &rArr; _Alloc &rArr;  _EnlargeBlocks (Cycle)
</UL>
<BR>[Calls]<UL><LI><a href="#[119]">&gt;&gt;</a>&nbsp;&nbsp;&nbsp;_Alloc
</UL>
<BR>[Called By]<UL><LI><a href="#[1e7]">&gt;&gt;</a>&nbsp;&nbsp;&nbsp;_CreateBuffer.isra.4
<LI><a href="#[162]">&gt;&gt;</a>&nbsp;&nbsp;&nbsp;GUI_MEMDEV__CreateFixed
<LI><a href="#[15f]">&gt;&gt;</a>&nbsp;&nbsp;&nbsp;GUI_MEMDEV__WriteToActiveOpaque
</UL>

<P><STRONG><a name="[11a]"></a>GUI_ALLOC_AllocZero</STRONG> (Thumb, 112 bytes, Stack size unknown bytes, GUI_Alloc.o(.text.GUI_ALLOC_AllocZero))
<BR><BR>[Stack]<UL><LI>Max Depth = 8 + Unknown Stack Size
<LI>Call Chain = GUI_ALLOC_AllocZero &rArr; _Alloc &rArr;  _EnlargeBlocks (Cycle)
</UL>
<BR>[Calls]<UL><LI><a href="#[119]">&gt;&gt;</a>&nbsp;&nbsp;&nbsp;_Alloc
</UL>
<BR>[Called By]<UL><LI><a href="#[124]">&gt;&gt;</a>&nbsp;&nbsp;&nbsp;GUI_SPRITE__CreateEx
<LI><a href="#[190]">&gt;&gt;</a>&nbsp;&nbsp;&nbsp;_DoColorConversion.isra.3
<LI><a href="#[17d]">&gt;&gt;</a>&nbsp;&nbsp;&nbsp;GUI_USAGE_BM_Create
<LI><a href="#[162]">&gt;&gt;</a>&nbsp;&nbsp;&nbsp;GUI_MEMDEV__CreateFixed
<LI><a href="#[1c0]">&gt;&gt;</a>&nbsp;&nbsp;&nbsp;WM_CreateWindowAsChild
</UL>

<P><STRONG><a name="[1f5]"></a>GUI_ALLOC_AssignMemory</STRONG> (Thumb, 16 bytes, Stack size unknown bytes, GUI_Alloc.o(.text.GUI_ALLOC_AssignMemory))
<BR><BR>[Called By]<UL><LI><a href="#[19f]">&gt;&gt;</a>&nbsp;&nbsp;&nbsp;GUI_X_Config
</UL>

<P><STRONG><a name="[11b]"></a>GUI_ALLOC_Free</STRONG> (Thumb, 52 bytes, Stack size unknown bytes, GUI_Alloc.o(.text.GUI_ALLOC_Free))
<BR><BR>[Calls]<UL><LI><a href="#[11c]">&gt;&gt;</a>&nbsp;&nbsp;&nbsp;_AddFreeMemory
</UL>
<BR>[Called By]<UL><LI><a href="#[12d]">&gt;&gt;</a>&nbsp;&nbsp;&nbsp;GUI_SPRITE_Delete
<LI><a href="#[197]">&gt;&gt;</a>&nbsp;&nbsp;&nbsp;GUI_TIMER_Delete
<LI><a href="#[1ee]">&gt;&gt;</a>&nbsp;&nbsp;&nbsp;_ReleaseBuffer.isra.7
<LI><a href="#[190]">&gt;&gt;</a>&nbsp;&nbsp;&nbsp;_DoColorConversion.isra.3
<LI><a href="#[fe]">&gt;&gt;</a>&nbsp;&nbsp;&nbsp;_GUI_USAGE_BM_Delete
<LI><a href="#[165]">&gt;&gt;</a>&nbsp;&nbsp;&nbsp;GUI_USAGE_DecUseCnt
<LI><a href="#[162]">&gt;&gt;</a>&nbsp;&nbsp;&nbsp;GUI_MEMDEV__CreateFixed
<LI><a href="#[15f]">&gt;&gt;</a>&nbsp;&nbsp;&nbsp;GUI_MEMDEV__WriteToActiveOpaque
<LI><a href="#[1c8]">&gt;&gt;</a>&nbsp;&nbsp;&nbsp;WM__DeleteAssocTimer
<LI><a href="#[164]">&gt;&gt;</a>&nbsp;&nbsp;&nbsp;GUI_MEMDEV_Delete
<LI><a href="#[1c7]">&gt;&gt;</a>&nbsp;&nbsp;&nbsp;WM_DeleteWindow.part.3
</UL>

<P><STRONG><a name="[135]"></a>GUI_ALLOC_FreeFixedBlock</STRONG> (Thumb, 20 bytes, Stack size unknown bytes, GUI_Alloc.o(.text.GUI_ALLOC_FreeFixedBlock))
<BR><BR>[Called By]<UL><LI><a href="#[134]">&gt;&gt;</a>&nbsp;&nbsp;&nbsp;GUI_DEVICE_Delete
<LI><a href="#[12d]">&gt;&gt;</a>&nbsp;&nbsp;&nbsp;GUI_SPRITE_Delete
<LI><a href="#[6d]">&gt;&gt;</a>&nbsp;&nbsp;&nbsp;_OnExit
<LI><a href="#[69]">&gt;&gt;</a>&nbsp;&nbsp;&nbsp;_OnExit
</UL>

<P><STRONG><a name="[11d]"></a>GUI_ALLOC_GetFixedBlock</STRONG> (Thumb, 560 bytes, Stack size unknown bytes, GUI_Alloc.o(.text.GUI_ALLOC_GetFixedBlock))
<BR><BR>[Stack]<UL><LI>Max Depth = 8 + Unknown Stack Size
<LI>Call Chain = GUI_ALLOC_GetFixedBlock &rArr; _EnlargeBlocks &rArr; _Alloc &rArr;  _EnlargeBlocks (Cycle)
[...]
<BR>[Address Reference Count : 1]<UL><LI> GUIDEV_32.o(.rodata)
</UL>
<P><STRONG><a name="[f6]"></a>_SetOrg</STRONG> (Thumb, 8 bytes, Stack size unknown bytes, GUIDEV_32.o(.text._SetOrg))
<BR>[Address Reference Count : 1]<UL><LI> GUIDEV_32.o(.rodata)
</UL>
<P><STRONG><a name="[fa]"></a>_GetRect</STRONG> (Thumb, 56 bytes, Stack size unknown bytes, GUIDEV_32.o(.text._GetRect))
<BR><BR>[Calls]<UL><LI><a href="#[157]">&gt;&gt;</a>&nbsp;&nbsp;&nbsp;GUI_ALLOC_UnlockH
<LI><a href="#[156]">&gt;&gt;</a>&nbsp;&nbsp;&nbsp;GUI_ALLOC_LockH
</UL>
<BR>[Address Reference Count : 1]<UL><LI> GUIDEV_32.o(.rodata)
</UL>
<P><STRONG><a name="[ef]"></a>_DrawBitmap</STRONG> (Thumb, 2516 bytes, Stack size unknown bytes, GUIDEV_32.o(.text._DrawBitmap))
<BR><BR>[Calls]<UL><LI><a href="#[157]">&gt;&gt;</a>&nbsp;&nbsp;&nbsp;GUI_ALLOC_UnlockH
<LI><a href="#[156]">&gt;&gt;</a>&nbsp;&nbsp;&nbsp;GUI_ALLOC_LockH
<LI><a href="#[1ea]">&gt;&gt;</a>&nbsp;&nbsp;&nbsp;GUI_USAGE_AddRect
</UL>
<BR>[Address Reference Count : 1]<UL><LI> GUIDEV_32.o(.rodata)
</UL>
<P><STRONG><a name="[f3]"></a>_GetPixelIndex</STRONG> (Thumb, 64 bytes, Stack size unknown bytes, GUIDEV_32.o(.text._GetPixelIndex))
<BR><BR>[Calls]<UL><LI><a href="#[157]">&gt;&gt;</a>&nbsp;&nbsp;&nbsp;GUI_ALLOC_UnlockH
<LI><a href="#[156]">&gt;&gt;</a>&nbsp;&nbsp;&nbsp;GUI_ALLOC_LockH
</UL>
<BR>[Address Reference Count : 1]<UL><LI> GUIDEV_32.o(.rodata)
</UL>
<P><STRONG><a name="[f4]"></a>_SetPixelIndex</STRONG> (Thumb, 120 bytes, Stack size unknown bytes, GUIDEV_32.o(.text._SetPixelIndex))
<BR><BR>[Calls]<UL><LI><a href="#[157]">&gt;&gt;</a>&nbsp;&nbsp;&nbsp;GUI_ALLOC_UnlockH
<LI><a href="#[156]">&gt;&gt;</a>&nbsp;&nbsp;&nbsp;GUI_ALLOC_LockH
</UL>
<BR>[Address Reference Count : 1]<UL><LI> GUIDEV_32.o(.rodata)
</UL>
<P><STRONG><a name="[f5]"></a>_XorPixel</STRONG> (Thumb, 132 bytes, Stack size unknown bytes, GUIDEV_32.o(.text._XorPixel))
<BR><BR>[Calls]<UL><LI><a href="#[157]">&gt;&gt;</a>&nbsp;&nbsp;&nbsp;GUI_ALLOC_UnlockH
<LI><a href="#[156]">&gt;&gt;</a>&nbsp;&nbsp;&nbsp;GUI_ALLOC_LockH
</UL>
<BR>[Address Reference Count : 1]<UL><LI> GUIDEV_32.o(.rodata)
</UL>
<P><STRONG><a name="[f2]"></a>_FillRect</STRONG> (Thumb, 240 bytes, Stack size unknown bytes, GUIDEV_32.o(.text._FillRect))
<BR><BR>[Calls]<UL><LI><a href="#[157]">&gt;&gt;</a>&nbsp;&nbsp;&nbsp;GUI_ALLOC_UnlockH
<LI><a href="#[156]">&gt;&gt;</a>&nbsp;&nbsp;&nbsp;GUI_ALLOC_LockH
<LI><a href="#[1ea]">&gt;&gt;</a>&nbsp;&nbsp;&nbsp;GUI_USAGE_AddRect
</UL>
<BR>[Called By]<UL><LI><a href="#[f0]">&gt;&gt;</a>&nbsp;&nbsp;&nbsp;_DrawHLine
</UL>
<BR>[Address Reference Count : 1]<UL><LI> GUIDEV_32.o(.rodata)
</UL>
<P><STRONG><a name="[f0]"></a>_DrawHLine</STRONG> (Thumb, 16 bytes, Stack size unknown bytes, GUIDEV_32.o(.text._DrawHLine))
<BR><BR>[Calls]<UL><LI><a href="#[f2]">&gt;&gt;</a>&nbsp;&nbsp;&nbsp;_FillRect
</UL>
<BR>[Address Reference Count : 1]<UL><LI> GUIDEV_32.o(.rodata)
</UL>
<P><STRONG><a name="[f1]"></a>_DrawVLine</STRONG> (Thumb, 224 bytes, Stack size unknown bytes, GUIDEV_32.o(.text._DrawVLine))
<BR><BR>[Calls]<UL><LI><a href="#[157]">&gt;&gt;</a>&nbsp;&nbsp;&nbsp;GUI_ALLOC_UnlockH
<LI><a href="#[156]">&gt;&gt;</a>&nbsp;&nbsp;&nbsp;GUI_ALLOC_LockH
</UL>
<BR>[Address Reference Count : 1]<UL><LI> GUIDEV_32.o(.rodata)
</UL>
<P><STRONG><a name="[6f]"></a>_OnExit</STRONG> (Thumb, 168 bytes, Stack size unknown bytes, WM.o(.text._OnExit))
<BR>[Address Reference Count : 1]<UL><LI> WM.o(.text.WM_Init)
</UL>
<P><STRONG><a name="[1ec]"></a>_Findy1</STRONG> (Thumb, 208 bytes, Stack size unknown bytes, WM.o(.text._Findy1))
<BR><BR>[Calls]<UL><LI><a href="#[1e1]">&gt;&gt;</a>&nbsp;&nbsp;&nbsp;GUI_RectsIntersect
<LI><a href="#[157]">&gt;&gt;</a>&nbsp;&nbsp;&nbsp;GUI_ALLOC_UnlockH
<LI><a href="#[156]">&gt;&gt;</a>&nbsp;&nbsp;&nbsp;GUI_ALLOC_LockH
<LI><a href="#[177]">&gt;&gt;</a>&nbsp;&nbsp;&nbsp;GUI_ALLOC_h2p
<LI><a href="#[1b7]">&gt;&gt;</a>&nbsp;&nbsp;&nbsp;GUI__IntersectRects
<LI><a href="#[1ec]">&gt;&gt;</a>&nbsp;&nbsp;&nbsp;_Findy1
</UL>
<BR>[Called By]<UL><LI><a href="#[1e3]">&gt;&gt;</a>&nbsp;&nbsp;&nbsp;_Findy1.constprop.11
<LI><a href="#[1ec]">&gt;&gt;</a>&nbsp;&nbsp;&nbsp;_Findy1
</UL>

<P><STRONG><a name="[1eb]"></a>_Findx0</STRONG> (Thumb, 166 bytes, Stack size unknown bytes, WM.o(.text._Findx0))
<BR><BR>[Calls]<UL><LI><a href="#[1e1]">&gt;&gt;</a>&nbsp;&nbsp;&nbsp;GUI_RectsIntersect
<LI><a href="#[157]">&gt;&gt;</a>&nbsp;&nbsp;&nbsp;GUI_ALLOC_UnlockH
<LI><a href="#[156]">&gt;&gt;</a>&nbsp;&nbsp;&nbsp;GUI_ALLOC_LockH
<LI><a href="#[177]">&gt;&gt;</a>&nbsp;&nbsp;&nbsp;GUI_ALLOC_h2p
<LI><a href="#[1b7]">&gt;&gt;</a>&nbsp;&nbsp;&nbsp;GUI__IntersectRects
<LI><a href="#[1eb]">&gt;&gt;</a>&nbsp;&nbsp;&nbsp;_Findx0
</UL>
<BR>[Called By]<UL><LI><a href="#[1e0]">&gt;&gt;</a>&nbsp;&nbsp;&nbsp;_Findx0.constprop.10
<LI><a href="#[1eb]">&gt;&gt;</a>&nbsp;&nbsp;&nbsp;_Findx0
</UL>

<P><STRONG><a name="[1e2]"></a>_Findx1</STRONG> (Thumb, 144 bytes, Stack size unknown bytes, WM.o(.text._Findx1))
<BR><BR>[Calls]<UL><LI><a href="#[1e1]">&gt;&gt;</a>&nbsp;&nbsp;&nbsp;GUI_RectsIntersect
<LI><a href="#[157]">&gt;&gt;</a>&nbsp;&nbsp;&nbsp;GUI_ALLOC_UnlockH
<LI><a href="#[156]">&gt;&gt;</a>&nbsp;&nbsp;&nbsp;GUI_ALLOC_LockH
<LI><a href="#[177]">&gt;&gt;</a>&nbsp;&nbsp;&nbsp;GUI_ALLOC_h2p
<LI><a href="#[1b7]">&gt;&gt;</a>&nbsp;&nbsp;&nbsp;GUI__IntersectRects
<LI><a href="#[1e2]">&gt;&gt;</a>&nbsp;&nbsp;&nbsp;_Findx1
</UL>
<BR>[Called By]<UL><LI><a href="#[131]">&gt;&gt;</a>&nbsp;&nbsp;&nbsp;WM__GetNextIVR
<LI><a href="#[1e2]">&gt;&gt;</a>&nbsp;&nbsp;&nbsp;_Findx1
</UL>

<P><STRONG><a name="[1e5]"></a>_Paint1Trans</STRONG> (Thumb, 188 bytes, Stack size unknown bytes, WM.o(.text._Paint1Trans))
<BR><BR>[Calls]<UL><LI><a href="#[1e1]">&gt;&gt;</a>&nbsp;&nbsp;&nbsp;GUI_RectsIntersect
<LI><a href="#[157]">&gt;&gt;</a>&nbsp;&nbsp;&nbsp;GUI_ALLOC_UnlockH
<LI><a href="#[156]">&gt;&gt;</a>&nbsp;&nbsp;&nbsp;GUI_ALLOC_LockH
<LI><a href="#[177]">&gt;&gt;</a>&nbsp;&nbsp;&nbsp;GUI_ALLOC_h2p
<LI><a href="#[1b7]">&gt;&gt;</a>&nbsp;&nbsp;&nbsp;GUI__IntersectRects
</UL>
<BR>[Called By]<UL><LI><a href="#[1cd]">&gt;&gt;</a>&nbsp;&nbsp;&nbsp;WM__PaintWinAndOverlays
<LI><a href="#[1e4]">&gt;&gt;</a>&nbsp;&nbsp;&nbsp;_PaintTransChildren
</UL>

<P><STRONG><a name="[1e4]"></a>_PaintTransChildren</STRONG> (Thumb, 214 bytes, Stack size unknown bytes, WM.o(.text._PaintTransChildren))
<BR><BR>[Calls]<UL><LI><a href="#[1e1]">&gt;&gt;</a>&nbsp;&nbsp;&nbsp;GUI_RectsIntersect
<LI><a href="#[157]">&gt;&gt;</a>&nbsp;&nbsp;&nbsp;GUI_ALLOC_UnlockH
<LI><a href="#[156]">&gt;&gt;</a>&nbsp;&nbsp;&nbsp;GUI_ALLOC_LockH
<LI><a href="#[177]">&gt;&gt;</a>&nbsp;&nbsp;&nbsp;GUI_ALLOC_h2p
<LI><a href="#[1e4]">&gt;&gt;</a>&nbsp;&nbsp;&nbsp;_PaintTransChildren
<LI><a href="#[1e5]">&gt;&gt;</a>&nbsp;&nbsp;&nbsp;_Paint1Trans
</UL>
<BR>[Called By]<UL><LI><a href="#[1cd]">&gt;&gt;</a>&nbsp;&nbsp;&nbsp;WM__PaintWinAndOverlays
<LI><a href="#[1e4]">&gt;&gt;</a>&nbsp;&nbsp;&nbsp;_PaintTransChildren
</UL>

<P><STRONG><a name="[1e0]"></a>_Findx0.constprop.10</STRONG> (Thumb, 140 bytes, Stack size unknown bytes, WM.o(.text._Findx0.constprop.10))
<BR><BR>[Calls]<UL><LI><a href="#[1e1]">&gt;&gt;</a>&nbsp;&nbsp;&nbsp;GUI_RectsIntersect
<LI><a href="#[157]">&gt;&gt;</a>&nbsp;&nbsp;&nbsp;GUI_ALLOC_UnlockH
<LI><a href="#[156]">&gt;&gt;</a>&nbsp;&nbsp;&nbsp;GUI_ALLOC_LockH
<LI><a href="#[177]">&gt;&gt;</a>&nbsp;&nbsp;&nbsp;GUI_ALLOC_h2p
<LI><a href="#[1eb]">&gt;&gt;</a>&nbsp;&nbsp;&nbsp;_Findx0
</UL>
<BR>[Called By]<UL><LI><a href="#[131]">&gt;&gt;</a>&nbsp;&nbsp;&nbsp;WM__GetNextIVR
</UL>

<P><STRONG><a name="[1e3]"></a>_Findy1.constprop.11</STRONG> (Thumb, 168 bytes, Stack size unknown bytes, WM.o(.text._Findy1.constprop.11))
<BR><BR>[Calls]<UL><LI><a href="#[1e1]">&gt;&gt;</a>&nbsp;&nbsp;&nbsp;GUI_RectsIntersect
<LI><a href="#[157]">&gt;&gt;</a>&nbsp;&nbsp;&nbsp;GUI_ALLOC_UnlockH
<LI><a href="#[156]">&gt;&gt;</a>&nbsp;&nbsp;&nbsp;GUI_ALLOC_LockH
<LI><a href="#[177]">&gt;&gt;</a>&nbsp;&nbsp;&nbsp;GUI_ALLOC_h2p
<LI><a href="#[1ec]">&gt;&gt;</a>&nbsp;&nbsp;&nbsp;_Findy1
</UL>
<BR>[Called By]<UL><LI><a href="#[131]">&gt;&gt;</a>&nbsp;&nbsp;&nbsp;WM__GetNextIVR
</UL>

<P><STRONG><a name="[1cd]"></a>WM__PaintWinAndOverlays</STRONG> (Thumb, 160 bytes, Stack size unknown bytes, WM.o(.text.WM__PaintWinAndOverlays))
<BR><BR>[Calls]<UL><LI><a href="#[157]">&gt;&gt;</a>&nbsp;&nbsp;&nbsp;GUI_ALLOC_UnlockH
<LI><a href="#[156]">&gt;&gt;</a>&nbsp;&nbsp;&nbsp;GUI_ALLOC_LockH
<LI><a href="#[177]">&gt;&gt;</a>&nbsp;&nbsp;&nbsp;GUI_ALLOC_h2p
<LI><a href="#[1e4]">&gt;&gt;</a>&nbsp;&nbsp;&nbsp;_PaintTransChildren
<LI><a href="#[1e5]">&gt;&gt;</a>&nbsp;&nbsp;&nbsp;_Paint1Trans
</UL>
<BR>[Called By]<UL><LI><a href="#[143]">&gt;&gt;</a>&nbsp;&nbsp;&nbsp;WM_Exec
<LI><a href="#[6e]">&gt;&gt;</a>&nbsp;&nbsp;&nbsp;_cbPaintMemDev
</UL>

<P><STRONG><a name="[6e]"></a>_cbPaintMemDev</STRONG> (Thumb, 112 bytes, Stack size unknown bytes, WM.o(.text._cbPaintMemDev))
<BR><BR>[Calls]<UL><LI><a href="#[157]">&gt;&gt;</a>&nbsp;&nbsp;&nbsp;GUI_ALLOC_UnlockH
<LI><a href="#[156]">&gt;&gt;</a>&nbsp;&nbsp;&nbsp;GUI_ALLOC_LockH
<LI><a href="#[1cd]">&gt;&gt;</a>&nbsp;&nbsp;&nbsp;WM__PaintWinAndOverlays
</UL>
<BR>[Address Reference Count : 1]<UL><LI> WM.o(.text.WM_Exec)
</UL>
<P><STRONG><a name="[1d2]"></a>_Invalidate1Abs</STRONG> (Thumb, 236 bytes, Stack size unknown bytes, WM.o(.text._Invalidate1Abs))
<BR><BR>[Calls]<UL><LI><a href="#[1da]">&gt;&gt;</a>&nbsp;&nbsp;&nbsp;GUI_MergeRect
<LI><a href="#[157]">&gt;&gt;</a>&nbsp;&nbsp;&nbsp;GUI_ALLOC_UnlockH
<LI><a href="#[156]">&gt;&gt;</a>&nbsp;&nbsp;&nbsp;GUI_ALLOC_LockH
<LI><a href="#[177]">&gt;&gt;</a>&nbsp;&nbsp;&nbsp;GUI_ALLOC_h2p
<LI><a href="#[196]">&gt;&gt;</a>&nbsp;&nbsp;&nbsp;GUI_SignalEvent
<LI><a href="#[1b7]">&gt;&gt;</a>&nbsp;&nbsp;&nbsp;GUI__IntersectRects
</UL>
<BR>[Called By]<UL><LI><a href="#[1bf]">&gt;&gt;</a>&nbsp;&nbsp;&nbsp;WM__InvalidateRectEx
<LI><a href="#[1d7]">&gt;&gt;</a>&nbsp;&nbsp;&nbsp;WM__InvalidateParent
<LI><a href="#[1ca]">&gt;&gt;</a>&nbsp;&nbsp;&nbsp;WM__InvalidateRect
<LI><a href="#[1d4]">&gt;&gt;</a>&nbsp;&nbsp;&nbsp;WM_InvalidateWindowAndDescsEx
<LI><a href="#[1c3]">&gt;&gt;</a>&nbsp;&nbsp;&nbsp;WM_InvalidateRect.part.2
</UL>

<P><STRONG><a name="[1c3]"></a>WM_InvalidateRect.part.2</STRONG> (Thumb, 212 bytes, Stack size unknown bytes, WM.o(.text.WM_InvalidateRect.part.2))
<BR><BR>[Calls]<UL><LI><a href="#[1d1]">&gt;&gt;</a>&nbsp;&nbsp;&nbsp;GUI_MoveRect
<LI><a href="#[157]">&gt;&gt;</a>&nbsp;&nbsp;&nbsp;GUI_ALLOC_UnlockH
<LI><a href="#[156]">&gt;&gt;</a>&nbsp;&nbsp;&nbsp;GUI_ALLOC_LockH
<LI><a href="#[1cc]">&gt;&gt;</a>&nbsp;&nbsp;&nbsp;GUI__IntersectRect
<LI><a href="#[1ca]">&gt;&gt;</a>&nbsp;&nbsp;&nbsp;WM__InvalidateRect
<LI><a href="#[1d3]">&gt;&gt;</a>&nbsp;&nbsp;&nbsp;WM__InvalidateDrawAndDescs
<LI><a href="#[1d2]">&gt;&gt;</a>&nbsp;&nbsp;&nbsp;_Invalidate1Abs
</UL>
<BR>[Called By]<UL><LI><a href="#[154]">&gt;&gt;</a>&nbsp;&nbsp;&nbsp;WM_Init
<LI><a href="#[1c4]">&gt;&gt;</a>&nbsp;&nbsp;&nbsp;WM_DefaultProc
<LI><a href="#[1c0]">&gt;&gt;</a>&nbsp;&nbsp;&nbsp;WM_CreateWindowAsChild
<LI><a href="#[70]">&gt;&gt;</a>&nbsp;&nbsp;&nbsp;_cbBackWin
</UL>

<P><STRONG><a name="[70]"></a>_cbBackWin</STRONG> (Thumb, 176 bytes, Stack size unknown bytes, WM.o(.text._cbBackWin))
<BR><BR>[Calls]<UL><LI><a href="#[127]">&gt;&gt;</a>&nbsp;&nbsp;&nbsp;GUI_SetBkColor
<LI><a href="#[128]">&gt;&gt;</a>&nbsp;&nbsp;&nbsp;GUI_Clear
<LI><a href="#[195]">&gt;&gt;</a>&nbsp;&nbsp;&nbsp;GUI_StoreKey
<LI><a href="#[1c6]">&gt;&gt;</a>&nbsp;&nbsp;&nbsp;WM_SendToParent
<LI><a href="#[1c5]">&gt;&gt;</a>&nbsp;&nbsp;&nbsp;WM__GetClientRectEx
<LI><a href="#[1c3]">&gt;&gt;</a>&nbsp;&nbsp;&nbsp;WM_InvalidateRect.part.2
</UL>
<BR>[Address Reference Count : 1]<UL><LI> WM.o(.text.WM_Init)
</UL>
<P><STRONG><a name="[1c7]"></a>WM_DeleteWindow.part.3</STRONG> (Thumb, 552 bytes, Stack size unknown bytes, WM.o(.text.WM_DeleteWindow.part.3))
<BR><BR>[Calls]<UL><LI><a href="#[126]">&gt;&gt;</a>&nbsp;&nbsp;&nbsp;GUI_SelectLayer
<LI><a href="#[11b]">&gt;&gt;</a>&nbsp;&nbsp;&nbsp;GUI_ALLOC_Free
<LI><a href="#[157]">&gt;&gt;</a>&nbsp;&nbsp;&nbsp;GUI_ALLOC_UnlockH
<LI><a href="#[156]">&gt;&gt;</a>&nbsp;&nbsp;&nbsp;GUI_ALLOC_LockH
<LI><a href="#[177]">&gt;&gt;</a>&nbsp;&nbsp;&nbsp;GUI_ALLOC_h2p
<LI><a href="#[15e]">&gt;&gt;</a>&nbsp;&nbsp;&nbsp;LCD_SetClipRectMax
<LI><a href="#[1c9]">&gt;&gt;</a>&nbsp;&nbsp;&nbsp;WM_NotifyParent
<LI><a href="#[1c8]">&gt;&gt;</a>&nbsp;&nbsp;&nbsp;WM__DeleteAssocTimer
<LI><a href="#[1c2]">&gt;&gt;</a>&nbsp;&nbsp;&nbsp;WM__SendMessage
<LI><a href="#[1ca]">&gt;&gt;</a>&nbsp;&nbsp;&nbsp;WM__InvalidateRect
<LI><a href="#[164]">&gt;&gt;</a>&nbsp;&nbsp;&nbsp;GUI_MEMDEV_Delete
<LI><a href="#[1c7]">&gt;&gt;</a>&nbsp;&nbsp;&nbsp;WM_DeleteWindow.part.3
</UL>
<BR>[Called By]<UL><LI><a href="#[1cb]">&gt;&gt;</a>&nbsp;&nbsp;&nbsp;_Exec1Input
<LI><a href="#[1c7]">&gt;&gt;</a>&nbsp;&nbsp;&nbsp;WM_DeleteWindow.part.3
</UL>

<P><STRONG><a name="[1cb]"></a>_Exec1Input</STRONG> (Thumb, 140 bytes, Stack size unknown bytes, WM.o(.text._Exec1Input))
<BR><BR>[Calls]<UL><LI><a href="#[157]">&gt;&gt;</a>&nbsp;&nbsp;&nbsp;GUI_ALLOC_UnlockH
<LI><a href="#[156]">&gt;&gt;</a>&nbsp;&nbsp;&nbsp;GUI_ALLOC_LockH
<LI><a href="#[188]">&gt;&gt;</a>&nbsp;&nbsp;&nbsp;GUI_PollKeyMsg
<LI><a href="#[1c7]">&gt;&gt;</a>&nbsp;&nbsp;&nbsp;WM_DeleteWindow.part.3
</UL>
<BR>[Called By]<UL><LI><a href="#[143]">&gt;&gt;</a>&nbsp;&nbsp;&nbsp;WM_Exec
</UL>

<P><STRONG><a name="[1d9]"></a>WM_ResizeWindow.part.11</STRONG> (Thumb, 248 bytes, Stack size unknown bytes, WM_Lib.o(.text.WM_ResizeWindow.part.11))
<BR><BR>[Calls]<UL><LI><a href="#[1da]">&gt;&gt;</a>&nbsp;&nbsp;&nbsp;GUI_MergeRect
<LI><a href="#[157]">&gt;&gt;</a>&nbsp;&nbsp;&nbsp;GUI_ALLOC_UnlockH
<LI><a href="#[156]">&gt;&gt;</a>&nbsp;&nbsp;&nbsp;GUI_ALLOC_LockH
<LI><a href="#[1cc]">&gt;&gt;</a>&nbsp;&nbsp;&nbsp;GUI__IntersectRect
<LI><a href="#[1db]">&gt;&gt;</a>&nbsp;&nbsp;&nbsp;WM__UpdateChildPositions
<LI><a href="#[1dc]">&gt;&gt;</a>&nbsp;&nbsp;&nbsp;WM__SendMsgNoData
<LI><a href="#[1bf]">&gt;&gt;</a>&nbsp;&nbsp;&nbsp;WM__InvalidateRectEx
<LI><a href="#[1d3]">&gt;&gt;</a>&nbsp;&nbsp;&nbsp;WM__InvalidateDrawAndDescs
</UL>
<BR>[Called By]<UL><LI><a href="#[17b]">&gt;&gt;</a>&nbsp;&nbsp;&nbsp;WM_SetSize
<LI><a href="#[1d8]">&gt;&gt;</a>&nbsp;&nbsp;&nbsp;WM_ResizeWindow
</UL>

<P><STRONG><a name="[159]"></a>GUI_MEMDEV_CopyToLCDAt.part.0</STRONG> (Thumb, 248 bytes, Stack size unknown bytes, GUIDEV.o(.text.GUI_MEMDEV_CopyToLCDAt.part.0))
<BR><BR>[Stack]<UL><LI>Max Depth = 8 + Unknown Stack Size
<LI>Call Chain = GUI_MEMDEV_CopyToLCDAt.part.0 &rArr; GUI_MEMDEV__WriteToActiveOpaque &rArr; GUI_ALLOC_AllocNoInit &rArr; _Alloc &rArr;  _EnlargeBlocks (Cycle)
</UL>
<BR>[Calls]<UL><LI><a href="#[15c]">&gt;&gt;</a>&nbsp;&nbsp;&nbsp;GUI_DEVICE_Link
<LI><a href="#[126]">&gt;&gt;</a>&nbsp;&nbsp;&nbsp;GUI_SelectLayer
<LI><a href="#[131]">&gt;&gt;</a>&nbsp;&nbsp;&nbsp;WM__GetNextIVR
<LI><a href="#[130]">&gt;&gt;</a>&nbsp;&nbsp;&nbsp;WM__InitIVRSearch
<LI><a href="#[142]">&gt;&gt;</a>&nbsp;&nbsp;&nbsp;GUI_SetDrawMode
<LI><a href="#[15a]">&gt;&gt;</a>&nbsp;&nbsp;&nbsp;WM_Activate
<LI><a href="#[15d]">&gt;&gt;</a>&nbsp;&nbsp;&nbsp;LCD_UpdateColorIndices
<LI><a href="#[160]">&gt;&gt;</a>&nbsp;&nbsp;&nbsp;GUI_SelectLCD
<LI><a href="#[157]">&gt;&gt;</a>&nbsp;&nbsp;&nbsp;GUI_ALLOC_UnlockH
<LI><a href="#[156]">&gt;&gt;</a>&nbsp;&nbsp;&nbsp;GUI_ALLOC_LockH
<LI><a href="#[15e]">&gt;&gt;</a>&nbsp;&nbsp;&nbsp;LCD_SetClipRectMax
<LI><a href="#[15f]">&gt;&gt;</a>&nbsp;&nbsp;&nbsp;GUI_MEMDEV__WriteToActiveOpaque
<LI><a href="#[15b]">&gt;&gt;</a>&nbsp;&nbsp;&nbsp;WM_Deactivate
</UL>
<BR>[Called By]<UL><LI><a href="#[158]">&gt;&gt;</a>&nbsp;&nbsp;&nbsp;GUI_MEMDEV_CopyToLCD
</UL>

<P><STRONG><a name="[17e]"></a>_WriteToActiveAlpha</STRONG> (Thumb, 392 bytes, Stack size unknown bytes, GUIDEV_WriteToActiveAlpha.o(.text._WriteToActiveAlpha))
<BR><BR>[Stack]<UL><LI>Max Depth = 8 + Unknown Stack Size
<LI>Call Chain = _WriteToActiveAlpha &rArr; GUI__AllocAlphaBuffer &rArr; GUI_ALLOC_GetFixedBlock &rArr; _EnlargeBlocks &rArr; _Alloc &rArr;  _EnlargeBlocks (Cycle)
</UL>
<BR>[Calls]<UL><LI><a href="#[157]">&gt;&gt;</a>&nbsp;&nbsp;&nbsp;GUI_ALLOC_UnlockH
<LI><a href="#[156]">&gt;&gt;</a>&nbsp;&nbsp;&nbsp;GUI_ALLOC_LockH
<LI><a href="#[113]">&gt;&gt;</a>&nbsp;&nbsp;&nbsp;LCD_DrawBitmap
<LI><a href="#[19b]">&gt;&gt;</a>&nbsp;&nbsp;&nbsp;GUI__AllocAlphaBuffer
<LI><a href="#[1a2]">&gt;&gt;</a>&nbsp;&nbsp;&nbsp;GUI__DoAlphaBlending
<LI><a href="#[173]">&gt;&gt;</a>&nbsp;&nbsp;&nbsp;GUI_MEMDEV_GetDataPtr
<LI><a href="#[1f1]">&gt;&gt;</a>&nbsp;&nbsp;&nbsp;GUI__CompactPixelIndicesEx
</UL>
<BR>[Called By]<UL><LI><a href="#[84]">&gt;&gt;</a>&nbsp;&nbsp;&nbsp;GUI_MEMDEV__WriteToActiveAlpha
</UL>

<P><STRONG><a name="[1d6]"></a>_MoveDescendents</STRONG> (Thumb, 588 bytes, Stack size unknown bytes, WM_Move.o(.text._MoveDescendents))
<BR><BR>[Calls]<UL><LI><a href="#[1d1]">&gt;&gt;</a>&nbsp;&nbsp;&nbsp;GUI_MoveRect
<LI><a href="#[157]">&gt;&gt;</a>&nbsp;&nbsp;&nbsp;GUI_ALLOC_UnlockH
<LI><a href="#[156]">&gt;&gt;</a>&nbsp;&nbsp;&nbsp;GUI_ALLOC_LockH
<LI><a href="#[1d6]">&gt;&gt;</a>&nbsp;&nbsp;&nbsp;_MoveDescendents
<LI><a href="#[1c2]">&gt;&gt;</a>&nbsp;&nbsp;&nbsp;WM__SendMessage
</UL>
<BR>[Called By]<UL><LI><a href="#[1d6]">&gt;&gt;</a>&nbsp;&nbsp;&nbsp;_MoveDescendents
<LI><a href="#[1d5]">&gt;&gt;</a>&nbsp;&nbsp;&nbsp;WM_MoveWindow
</UL>

<P><STRONG><a name="[fb]"></a>GUI_USAGE_BM_AddPixel</STRONG> (Thumb, 46 bytes, Stack size unknown bytes, GUIDEV_UsageBM.o(.text.GUI_USAGE_BM_AddPixel))
<BR>[Address Reference Count : 1]<UL><LI> GUIDEV_UsageBM.o(.rodata)
</UL>
<P><STRONG><a name="[ff]"></a>GUI_USAGE_BM_GetNextDirty</STRONG> (Thumb, 196 bytes, Stack size unknown bytes, GUIDEV_UsageBM.o(.text.GUI_USAGE_BM_GetNextDirty))
<BR>[Address Reference Count : 1]<UL><LI> GUIDEV_UsageBM.o(.rodata)
</UL>
<P><STRONG><a name="[fe]"></a>_GUI_USAGE_BM_Delete</STRONG> (Thumb, 4 bytes, Stack size unknown bytes, GUIDEV_UsageBM.o(.text._GUI_USAGE_BM_Delete))
<BR><BR>[Calls]<UL><LI><a href="#[11b]">&gt;&gt;</a>&nbsp;&nbsp;&nbsp;GUI_ALLOC_Free
</UL>
<BR>[Address Reference Count : 1]<UL><LI> GUIDEV_UsageBM.o(.rodata)
</UL>
<P><STRONG><a name="[fd]"></a>GUI_USAGE_BM_Clear</STRONG> (Thumb, 20 bytes, Stack size unknown bytes, GUIDEV_UsageBM.o(.text.GUI_USAGE_BM_Clear))
<BR><BR>[Stack]<UL><LI>Max Depth = 8 + Unknown Stack Size
<LI>Call Chain = GUI_USAGE_BM_Clear &rArr; memset
</UL>
<BR>[Calls]<UL><LI><a href="#[105]">&gt;&gt;</a>&nbsp;&nbsp;&nbsp;memset
</UL>
<BR>[Address Reference Count : 1]<UL><LI> GUIDEV_UsageBM.o(.rodata)
</UL>
<P><STRONG><a name="[fc]"></a>GUI_USAGE_BM_AddHLine</STRONG> (Thumb, 114 bytes, Stack size unknown bytes, GUIDEV_UsageBM.o(.text.GUI_USAGE_BM_AddHLine))
<BR><BR>[Stack]<UL><LI>Max Depth = 8 + Unknown Stack Size
<LI>Call Chain = GUI_USAGE_BM_AddHLine &rArr; memset
</UL>
<BR>[Calls]<UL><LI><a href="#[105]">&gt;&gt;</a>&nbsp;&nbsp;&nbsp;memset
</UL>
<BR>[Address Reference Count : 1]<UL><LI> GUIDEV_UsageBM.o(.rodata)
</UL>
<P><STRONG><a name="[25a]"></a>_printf_core</STRONG> (Thumb, 996 bytes, Stack size 104 bytes, printf8.o(i._printf_core), UNUSED)
<BR><BR>[Calls]<UL><LI><a href="#[109]">&gt;&gt;</a>&nbsp;&nbsp;&nbsp;__aeabi_uldivmod
<LI><a href="#[25b]">&gt;&gt;</a>&nbsp;&nbsp;&nbsp;_printf_pre_padding
<LI><a href="#[25c]">&gt;&gt;</a>&nbsp;&nbsp;&nbsp;_printf_post_padding
</UL>
<BR>[Called By]<UL><LI><a href="#[259]">&gt;&gt;</a>&nbsp;&nbsp;&nbsp;__0printf$8
</UL>

<P><STRONG><a name="[25c]"></a>_printf_post_padding</STRONG> (Thumb, 36 bytes, Stack size 24 bytes, printf8.o(i._printf_post_padding), UNUSED)
<BR><BR>[Called By]<UL><LI><a href="#[25a]">&gt;&gt;</a>&nbsp;&nbsp;&nbsp;_printf_core
</UL>

<P><STRONG><a name="[25b]"></a>_printf_pre_padding</STRONG> (Thumb, 46 bytes, Stack size 24 bytes, printf8.o(i._printf_pre_padding), UNUSED)
<BR><BR>[Called By]<UL><LI><a href="#[25a]">&gt;&gt;</a>&nbsp;&nbsp;&nbsp;_printf_core
</UL>
<P>
<H3>
Undefined Global Symbols
</H3><HR></body></html>
