<html>
<body>
<pre>
<h1>µVision Build Log</h1>
<h2>Tool Versions:</h2>
IDE-Version: ¦ÌVision V5.31.0.0
Copyright (C) 2020 ARM Ltd and ARM Germany GmbH. All rights reserved.
License Information: 1 inffydwan, 1, LIC=FYKYW-QW6DE-VE4HA-1MCUG-J0CQI-5WN5H
 
Tool Versions:
Toolchain:       MDK-ARM Plus  Version: 5.31.0.0
Toolchain Path:  D:\Keil_v5\MDK-ARM\ARM\ARMCC\Bin
C Compiler:      Armcc.exe V5.06 update 6 (build 750)
Assembler:       Armasm.exe V5.06 update 6 (build 750)
Linker/Locator:  ArmLink.exe V5.06 update 6 (build 750)
Library Manager: ArmAr.exe V5.06 update 6 (build 750)
Hex Converter:   FromElf.exe V5.06 update 6 (build 750)
CPU DLL:         SARMCM3.DLL V5.31.0.0
Dialog DLL:      DCM.DLL V1.17.3.0
Target DLL:      STLink\ST-LINKIII-KEIL_SWO.dll V3.0.7.0
Dialog DLL:      TCM.DLL V1.46.0.0
 
<h2>Project:</h2>
C:\Users\inffydwan\Desktop\PRJS\smartClassRoom\ORIGINAL\Project\STM32F429.uvprojx
Project File Date:  03/03/2021

<h2>Output:</h2>
*** Using Compiler 'V5.06 update 6 (build 750)', folder: 'D:\Keil_v5\MDK-ARM\ARM\ARMCC\Bin'
Build target 'Target 1'
compiling lcd.c...
..\BSP\LCD\lcd.h(284): warning:  #1-D: last line of file ends without a newline
  #endif
..\BSP\LCD\lcd.c(19): warning:  #177-D: variable "ActiveLayer"  was declared but never referenced
  static uint32_t            ActiveLayer = 0;
..\BSP\LCD\lcd.c(20): warning:  #177-D: variable "DrawProp"  was declared but never referenced
  static LCD_DrawPropTypeDef DrawProp[MAX_LAYER_NUMBER];
..\BSP\LCD\lcd.c: 3 warnings, 0 errors
linking...
Program Size: Code=72992 RO-data=19112 RW-data=232 ZI-data=8391296  
FromELF: creating hex file...
"..\Output\STM32F429.axf" - 0 Error(s), 3 Warning(s).

<h2>Software Packages used:</h2>

Package Vendor: Keil
                http://www.keil.com/pack/Keil.STM32F4xx_DFP.2.12.0.pack
                Keil.STM32F4xx_DFP.2.12.0
                STMicroelectronics STM32F4 Series Device Support, Drivers and Examples

<h2>Collection of Component include folders:</h2>
  D:\Users\inffydwan\AppData\Local\Arm\Packs\Keil\STM32F4xx_DFP\2.12.0\Drivers\CMSIS\Device\ST\STM32F4xx\Include

<h2>Collection of Component Files used:</h2>
Build Time Elapsed:  00:00:10
</pre>
</body>
</html>
