Component: ARM Compiler 6.14 Tool: armlink [5db06800]

==============================================================================

Section Cross References

    startup_stm32f429xx.o(RESET) refers to startup_stm32f429xx.o(STACK) for __initial_sp
    startup_stm32f429xx.o(RESET) refers to startup_stm32f429xx.o(.text) for Reset_Handler
    startup_stm32f429xx.o(RESET) refers to stm32f4xx_it.o(.text.NMI_Handler) for NMI_Handler
    startup_stm32f429xx.o(RESET) refers to stm32f4xx_it.o(.text.HardFault_Handler) for HardFault_Handler
    startup_stm32f429xx.o(RESET) refers to stm32f4xx_it.o(.text.MemManage_Handler) for MemManage_Handler
    startup_stm32f429xx.o(RESET) refers to stm32f4xx_it.o(.text.BusFault_Handler) for BusFault_Handler
    startup_stm32f429xx.o(RESET) refers to stm32f4xx_it.o(.text.UsageFault_Handler) for UsageFault_Handler
    startup_stm32f429xx.o(RESET) refers to stm32f4xx_it.o(.text.SVC_Handler) for SVC_Handler
    startup_stm32f429xx.o(RESET) refers to stm32f4xx_it.o(.text.DebugMon_Handler) for DebugMon_Handler
    startup_stm32f429xx.o(RESET) refers to stm32f4xx_it.o(.text.PendSV_Handler) for PendSV_Handler
    startup_stm32f429xx.o(RESET) refers to stm32f4xx_it.o(.text.SysTick_Handler) for SysTick_Handler
    startup_stm32f429xx.o(RESET) refers to wwdg.o(.text.WWDG_IRQHandler) for WWDG_IRQHandler
    startup_stm32f429xx.o(RESET) refers to exti.o(.text.EXTI0_IRQHandler) for EXTI0_IRQHandler
    startup_stm32f429xx.o(RESET) refers to uart.o(.text.USART1_IRQHandler) for USART1_IRQHandler
    startup_stm32f429xx.o(RESET) refers to exti.o(.text.EXTI15_10_IRQHandler) for EXTI15_10_IRQHandler
    startup_stm32f429xx.o(RESET) refers to advancedtimer.o(.text.TIM8_CC_IRQHandler) for TIM8_CC_IRQHandler
    startup_stm32f429xx.o(RESET) refers to timer.o(.text.TIM6_DAC_IRQHandler) for TIM6_DAC_IRQHandler
    startup_stm32f429xx.o(.text) refers to system_stm32f4xx.o(.text.SystemInit) for SystemInit
    startup_stm32f429xx.o(.text) refers to entry.o(.ARM.Collect$$$$00000000) for __main
    system_stm32f4xx.o(.ARM.exidx.text.SystemInit) refers to system_stm32f4xx.o(.text.SystemInit) for [Anonymous Symbol]
    system_stm32f4xx.o(.text.SystemCoreClockUpdate) refers to system_stm32f4xx.o(.data.SystemCoreClock) for SystemCoreClock
    system_stm32f4xx.o(.text.SystemCoreClockUpdate) refers to system_stm32f4xx.o(.rodata.AHBPrescTable) for AHBPrescTable
    system_stm32f4xx.o(.ARM.exidx.text.SystemCoreClockUpdate) refers to system_stm32f4xx.o(.text.SystemCoreClockUpdate) for [Anonymous Symbol]
    stm32f4xx_hal_gpio.o(.ARM.exidx.text.HAL_GPIO_Init) refers to stm32f4xx_hal_gpio.o(.text.HAL_GPIO_Init) for [Anonymous Symbol]
    stm32f4xx_hal_gpio.o(.ARM.exidx.text.HAL_GPIO_DeInit) refers to stm32f4xx_hal_gpio.o(.text.HAL_GPIO_DeInit) for [Anonymous Symbol]
    stm32f4xx_hal_gpio.o(.ARM.exidx.text.HAL_GPIO_ReadPin) refers to stm32f4xx_hal_gpio.o(.text.HAL_GPIO_ReadPin) for [Anonymous Symbol]
    stm32f4xx_hal_gpio.o(.ARM.exidx.text.HAL_GPIO_WritePin) refers to stm32f4xx_hal_gpio.o(.text.HAL_GPIO_WritePin) for [Anonymous Symbol]
    stm32f4xx_hal_gpio.o(.ARM.exidx.text.HAL_GPIO_TogglePin) refers to stm32f4xx_hal_gpio.o(.text.HAL_GPIO_TogglePin) for [Anonymous Symbol]
    stm32f4xx_hal_gpio.o(.ARM.exidx.text.HAL_GPIO_LockPin) refers to stm32f4xx_hal_gpio.o(.text.HAL_GPIO_LockPin) for [Anonymous Symbol]
    stm32f4xx_hal_gpio.o(.text.HAL_GPIO_EXTI_IRQHandler) refers to stm32f4xx_hal_gpio.o(.text.HAL_GPIO_EXTI_Callback) for HAL_GPIO_EXTI_Callback
    stm32f4xx_hal_gpio.o(.ARM.exidx.text.HAL_GPIO_EXTI_IRQHandler) refers to stm32f4xx_hal_gpio.o(.text.HAL_GPIO_EXTI_IRQHandler) for [Anonymous Symbol]
    stm32f4xx_hal_gpio.o(.ARM.exidx.text.HAL_GPIO_EXTI_Callback) refers to stm32f4xx_hal_gpio.o(.text.HAL_GPIO_EXTI_Callback) for [Anonymous Symbol]
    stm32f4xx_hal.o(.text.HAL_Init) refers to stm32f4xx_hal_cortex.o(.text.HAL_NVIC_SetPriorityGrouping) for HAL_NVIC_SetPriorityGrouping
    stm32f4xx_hal.o(.text.HAL_Init) refers to stm32f4xx_hal.o(.text.HAL_InitTick) for HAL_InitTick
    stm32f4xx_hal.o(.text.HAL_Init) refers to stm32f4xx_hal.o(.text.HAL_MspInit) for HAL_MspInit
    stm32f4xx_hal.o(.ARM.exidx.text.HAL_Init) refers to stm32f4xx_hal.o(.text.HAL_Init) for [Anonymous Symbol]
    stm32f4xx_hal.o(.text.HAL_InitTick) refers to stm32f4xx_hal.o(.data.uwTickFreq) for uwTickFreq
    stm32f4xx_hal.o(.text.HAL_InitTick) refers to system_stm32f4xx.o(.data.SystemCoreClock) for SystemCoreClock
    stm32f4xx_hal.o(.text.HAL_InitTick) refers to stm32f4xx_hal_cortex.o(.text.HAL_SYSTICK_Config) for HAL_SYSTICK_Config
    stm32f4xx_hal.o(.text.HAL_InitTick) refers to stm32f4xx_hal_cortex.o(.text.HAL_NVIC_SetPriority) for HAL_NVIC_SetPriority
    stm32f4xx_hal.o(.text.HAL_InitTick) refers to stm32f4xx_hal.o(.data.uwTickPrio) for uwTickPrio
    stm32f4xx_hal.o(.ARM.exidx.text.HAL_InitTick) refers to stm32f4xx_hal.o(.text.HAL_InitTick) for [Anonymous Symbol]
[...]
    Removing advancedtimer.o(.ARM.exidx.text.TIMx_GPIO_Config), (8 bytes).
    Removing advancedtimer.o(.text.TIMx_NVIC_Configuration), (20 bytes).
    Removing advancedtimer.o(.ARM.exidx.text.TIMx_NVIC_Configuration), (8 bytes).
    Removing advancedtimer.o(.text.TIM_PWMOUTPUT_Config), (112 bytes).
    Removing advancedtimer.o(.ARM.exidx.text.TIM_PWMOUTPUT_Config), (8 bytes).
    Removing advancedtimer.o(.text.TIM_PWMINPUT_Config), (148 bytes).
    Removing advancedtimer.o(.ARM.exidx.text.TIM_PWMINPUT_Config), (8 bytes).
    Removing advancedtimer.o(.ARM.exidx.text.HAL_TIM_IC_CaptureCallback), (8 bytes).
    Removing advancedtimer.o(.ARM.exidx.text.TIM8_CC_IRQHandler), (8 bytes).
    Removing advancedtimer.o(.bss.TIM_PWMOUTPUT_Handle), (64 bytes).
    Removing beeper.o(.text), (0 bytes).
    Removing beeper.o(.ARM.exidx.text.beeperInit), (8 bytes).
    Removing iwdg.o(.text), (0 bytes).
    Removing iwdg.o(.text.IWDG_Config), (40 bytes).
    Removing iwdg.o(.ARM.exidx.text.IWDG_Config), (8 bytes).
    Removing iwdg.o(.text.IWDG_Feed), (16 bytes).
    Removing iwdg.o(.ARM.exidx.text.IWDG_Feed), (8 bytes).
    Removing iwdg.o(.bss.IWDG_Handle), (12 bytes).
    Removing wwdg.o(.text), (0 bytes).
    Removing wwdg.o(.text.WWDG_Config), (78 bytes).
    Removing wwdg.o(.ARM.exidx.text.WWDG_Config), (8 bytes).
    Removing wwdg.o(.text.WWDG_NVIC_Config), (20 bytes).
    Removing wwdg.o(.ARM.exidx.text.WWDG_NVIC_Config), (8 bytes).
    Removing wwdg.o(.ARM.exidx.text.WWDG_IRQHandler), (8 bytes).
    Removing wwdg.o(.ARM.exidx.text.HAL_WWDG_EarlyWakeupCallback), (8 bytes).
    Removing wwdg.o(.text.WWDG_Feed), (16 bytes).
    Removing wwdg.o(.ARM.exidx.text.WWDG_Feed), (8 bytes).
    Removing i2c_touch.o(.text), (0 bytes).
    Removing i2c_touch.o(.text.I2C_ResetChip), (122 bytes).
    Removing i2c_touch.o(.ARM.exidx.text.I2C_ResetChip), (8 bytes).
    Removing i2c_touch.o(.text.I2C_GTP_IRQDisable), (78 bytes).
    Removing i2c_touch.o(.ARM.exidx.text.I2C_GTP_IRQDisable), (8 bytes).
    Removing i2c_touch.o(.text.I2C_ReadBytes), (40 bytes).
    Removing i2c_touch.o(.ARM.exidx.text.I2C_ReadBytes), (8 bytes).
    Removing i2c_touch.o(.text.I2C_WriteBytes), (40 bytes).
    Removing i2c_touch.o(.ARM.exidx.text.I2C_WriteBytes), (8 bytes).
    Removing i2c_touch.o(.text.GTP_Read_Version), (668 bytes).
    Removing i2c_touch.o(.ARM.exidx.text.GTP_Read_Version), (8 bytes).
    Removing i2c_touch.o(.text.GTP_I2C_Read), (114 bytes).
    Removing i2c_touch.o(.ARM.exidx.text.GTP_I2C_Read), (8 bytes).
    Removing i2c_touch.o(.text.GTP_Init_Panel), (92 bytes).
    Removing i2c_touch.o(.ARM.exidx.text.GTP_Init_Panel), (8 bytes).
    Removing i2c_touch.o(.text.I2C_Touch_Init), (20 bytes).
    Removing i2c_touch.o(.ARM.exidx.text.I2C_Touch_Init), (8 bytes).
    Removing i2c_touch.o(.text.GTP_I2C_Test), (140 bytes).
    Removing i2c_touch.o(.ARM.exidx.text.GTP_I2C_Test), (8 bytes).
    Removing i2c_touch.o(.text.GTP_Get_Info), (204 bytes).
    Removing i2c_touch.o(.ARM.exidx.text.GTP_Get_Info), (8 bytes).
    Removing i2c_touch.o(.text.I2C_Transfer), (62 bytes).
    Removing i2c_touch.o(.ARM.exidx.text.I2C_Transfer), (8 bytes).
    Removing i2c_touch.o(.text.GPIO_Config), (202 bytes).
    Removing i2c_touch.o(.ARM.exidx.text.GPIO_Config), (8 bytes).
    Removing i2c_touch.o(.text.I2C_Mode_Config), (98 bytes).
    Removing i2c_touch.o(.ARM.exidx.text.I2C_Mode_Config), (8 bytes).
    Removing i2c_touch.o(.bss.touchIC), (1 bytes).
    Removing i2c_touch.o(.rodata.touch_param), (24 bytes).
    Removing i2c_touch.o(.bss.I2C_Handle), (84 bytes).
    Removing i2c_touch.o(.rodata.str1.1), (181 bytes).
    Removing touchkey.o(.text), (0 bytes).
    Removing touchkey.o(.text.TPAD_Init), (168 bytes).
    Removing touchkey.o(.ARM.exidx.text.TPAD_Init), (8 bytes).
    Removing touchkey.o(.text.TIMx_CHx_Cap_Init), (148 bytes).
    Removing touchkey.o(.ARM.exidx.text.TIMx_CHx_Cap_Init), (8 bytes).
    Removing touchkey.o(.text.TPAD_Get_Val), (56 bytes).
    Removing touchkey.o(.ARM.exidx.text.TPAD_Get_Val), (8 bytes).
    Removing touchkey.o(.text.TPAD_Scan), (56 bytes).
    Removing touchkey.o(.ARM.exidx.text.TPAD_Scan), (8 bytes).
    Removing touchkey.o(.text.TPAD_Get_MaxVal), (30 bytes).
    Removing touchkey.o(.ARM.exidx.text.TPAD_Get_MaxVal), (8 bytes).
    Removing touchkey.o(.text.TPAD_Reset), (112 bytes).
    Removing touchkey.o(.ARM.exidx.text.TPAD_Reset), (8 bytes).
    Removing touchkey.o(.bss.tpad_default_val), (2 bytes).
    Removing touchkey.o(.bss.TIM_Handle), (64 bytes).
    Removing diskio.o(.text), (0 bytes).
    Removing diskio.o(.text.disk_status), (30 bytes).
    Removing diskio.o(.ARM.exidx.text.disk_status), (8 bytes).
    Removing diskio.o(.text.disk_initialize), (26 bytes).
    Removing diskio.o(.ARM.exidx.text.disk_initialize), (8 bytes).
    Removing diskio.o(.text.disk_read), (32 bytes).
    Removing diskio.o(.ARM.exidx.text.disk_read), (8 bytes).
    Removing diskio.o(.text.disk_write), (48 bytes).
    Removing diskio.o(.ARM.exidx.text.disk_write), (8 bytes).
    Removing diskio.o(.text.disk_ioctl), (50 bytes).
    Removing diskio.o(.ARM.exidx.text.disk_ioctl), (8 bytes).
    Removing diskio.o(.text.get_fattime), (88 bytes).
    Removing diskio.o(.ARM.exidx.text.get_fattime), (8 bytes).
    Removing ff.o(.text), (0 bytes).
    Removing ff.o(.text.clust2sect), (24 bytes).
    Removing ff.o(.ARM.exidx.text.clust2sect), (8 bytes).
    Removing ff.o(.text.get_fat), (252 bytes).
    Removing ff.o(.ARM.exidx.text.get_fat), (8 bytes).
    Removing ff.o(.text.move_window), (62 bytes).
    Removing ff.o(.ARM.exidx.text.move_window), (8 bytes).
    Removing ff.o(.text.put_fat), (292 bytes).
    Removing ff.o(.ARM.exidx.text.put_fat), (8 bytes).
    Removing ff.o(.text.f_mount), (88 bytes).
    Removing ff.o(.ARM.exidx.text.f_mount), (8 bytes).
    Removing ff.o(.text.get_ldnumber), (78 bytes).
    Removing ff.o(.ARM.exidx.text.get_ldnumber), (8 bytes).
    Removing ff.o(.text.find_volume), (636 bytes).
    Removing ff.o(.ARM.exidx.text.find_volume), (8 bytes).
    Removing ff.o(.text.f_open), (344 bytes).
    Removing ff.o(.ARM.exidx.text.f_open), (8 bytes).
    Removing ff.o(.text.follow_path), (130 bytes).
    Removing ff.o(.ARM.exidx.text.follow_path), (8 bytes).
    Removing ff.o(.text.dir_register), (320 bytes).
    Removing ff.o(.ARM.exidx.text.dir_register), (8 bytes).
    Removing ff.o(.text.ld_clust), (24 bytes).
    Removing ff.o(.ARM.exidx.text.ld_clust), (8 bytes).
    Removing ff.o(.text.st_clust), (12 bytes).
    Removing ff.o(.ARM.exidx.text.st_clust), (8 bytes).
    Removing ff.o(.text.remove_chain), (108 bytes).
    Removing ff.o(.ARM.exidx.text.remove_chain), (8 bytes).
    Removing ff.o(.text.f_read), (368 bytes).
    Removing ff.o(.ARM.exidx.text.f_read), (8 bytes).
    Removing ff.o(.text.validate), (42 bytes).
    Removing ff.o(.ARM.exidx.text.validate), (8 bytes).
    Removing ff.o(.text.mem_cpy), (26 bytes).
    Removing ff.o(.ARM.exidx.text.mem_cpy), (8 bytes).
    Removing ff.o(.text.f_write), (418 bytes).
    Removing ff.o(.ARM.exidx.text.f_write), (8 bytes).
    Removing ff.o(.text.create_chain), (188 bytes).
    Removing ff.o(.ARM.exidx.text.create_chain), (8 bytes).
    Removing ff.o(.text.f_sync), (142 bytes).
    Removing ff.o(.ARM.exidx.text.f_sync), (8 bytes).
    Removing ff.o(.text.sync_fs), (124 bytes).
    Removing ff.o(.ARM.exidx.text.sync_fs), (8 bytes).
    Removing ff.o(.text.f_close), (30 bytes).
    Removing ff.o(.ARM.exidx.text.f_close), (8 bytes).
    Removing ff.o(.text.f_lseek), (348 bytes).
    Removing ff.o(.ARM.exidx.text.f_lseek), (8 bytes).
    Removing ff.o(.text.f_opendir), (116 bytes).
    Removing ff.o(.ARM.exidx.text.f_opendir), (8 bytes).
    Removing ff.o(.text.dir_sdi), (158 bytes).
    Removing ff.o(.ARM.exidx.text.dir_sdi), (8 bytes).
    Removing ff.o(.text.f_closedir), (18 bytes).
    Removing ff.o(.ARM.exidx.text.f_closedir), (8 bytes).
    Removing ff.o(.text.f_readdir), (96 bytes).
    Removing ff.o(.ARM.exidx.text.f_readdir), (8 bytes).
    Removing ff.o(.text.dir_read), (168 bytes).
    Removing ff.o(.ARM.exidx.text.dir_read), (8 bytes).
    Removing ff.o(.text.get_fileinfo), (216 bytes).
    Removing ff.o(.ARM.exidx.text.get_fileinfo), (8 bytes).
    Removing ff.o(.text.dir_next), (296 bytes).
    Removing ff.o(.ARM.exidx.text.dir_next), (8 bytes).
    Removing ff.o(.text.f_stat), (74 bytes).
    Removing ff.o(.ARM.exidx.text.f_stat), (8 bytes).
    Removing ff.o(.text.f_getfree), (240 bytes).
    Removing ff.o(.ARM.exidx.text.f_getfree), (8 bytes).
    Removing ff.o(.text.f_truncate), (176 bytes).
    Removing ff.o(.ARM.exidx.text.f_truncate), (8 bytes).
    Removing ff.o(.text.f_unlink), (178 bytes).
    Removing ff.o(.ARM.exidx.text.f_unlink), (8 bytes).
    Removing ff.o(.text.dir_remove), (104 bytes).
    Removing ff.o(.ARM.exidx.text.dir_remove), (8 bytes).
    Removing ff.o(.text.f_mkdir), (364 bytes).
    Removing ff.o(.ARM.exidx.text.f_mkdir), (8 bytes).
    Removing ff.o(.text.sync_window), (90 bytes).
    Removing ff.o(.ARM.exidx.text.sync_window), (8 bytes).
    Removing ff.o(.text.mem_set), (24 bytes).
    Removing ff.o(.ARM.exidx.text.mem_set), (8 bytes).
    Removing ff.o(.text.f_chmod), (96 bytes).
    Removing ff.o(.ARM.exidx.text.f_chmod), (8 bytes).
    Removing ff.o(.text.f_rename), (266 bytes).
    Removing ff.o(.ARM.exidx.text.f_rename), (8 bytes).
    Removing ff.o(.text.f_utime), (92 bytes).
    Removing ff.o(.ARM.exidx.text.f_utime), (8 bytes).
    Removing ff.o(.text.f_mkfs), (1492 bytes).
    Removing ff.o(.ARM.exidx.text.f_mkfs), (8 bytes).
    Removing ff.o(.text.f_gets), (90 bytes).
    Removing ff.o(.ARM.exidx.text.f_gets), (8 bytes).
    Removing ff.o(.text.f_putc), (78 bytes).
    Removing ff.o(.ARM.exidx.text.f_putc), (8 bytes).
    Removing ff.o(.text.putc_bfd), (58 bytes).
    Removing ff.o(.ARM.exidx.text.putc_bfd), (8 bytes).
    Removing ff.o(.text.f_puts), (90 bytes).
    Removing ff.o(.ARM.exidx.text.f_puts), (8 bytes).
    Removing ff.o(.text.f_printf), (648 bytes).
    Removing ff.o(.ARM.exidx.text.f_printf), (8 bytes).
    Removing ff.o(.text.check_fs), (108 bytes).
    Removing ff.o(.ARM.exidx.text.check_fs), (8 bytes).
    Removing ff.o(.text.create_name), (636 bytes).
    Removing ff.o(.ARM.exidx.text.create_name), (8 bytes).
    Removing ff.o(.text.dir_find), (204 bytes).
    Removing ff.o(.ARM.exidx.text.dir_find), (8 bytes).
    Removing ff.o(.text.chk_chr), (18 bytes).
    Removing ff.o(.ARM.exidx.text.chk_chr), (8 bytes).
    Removing ff.o(.text.cmp_lfn), (142 bytes).
    Removing ff.o(.ARM.exidx.text.cmp_lfn), (8 bytes).
    Removing ff.o(.text.sum_sfn), (36 bytes).
    Removing ff.o(.ARM.exidx.text.sum_sfn), (8 bytes).
    Removing ff.o(.text.mem_cmp), (36 bytes).
    Removing ff.o(.ARM.exidx.text.mem_cmp), (8 bytes).
    Removing ff.o(.text.gen_numname), (178 bytes).
    Removing ff.o(.ARM.exidx.text.gen_numname), (8 bytes).
    Removing ff.o(.text.dir_alloc), (74 bytes).
    Removing ff.o(.ARM.exidx.text.dir_alloc), (8 bytes).
    Removing ff.o(.text.fit_lfn), (110 bytes).
    Removing ff.o(.ARM.exidx.text.fit_lfn), (8 bytes).
    Removing ff.o(.text.pick_lfn), (108 bytes).
    Removing ff.o(.ARM.exidx.text.pick_lfn), (8 bytes).
    Removing ff.o(.bss.FatFs), (8 bytes).
    Removing ff.o(.rodata.str2.2), (22 bytes).
    Removing ff.o(.rodata.f_mkfs.cst), (22 bytes).
    Removing ff.o(.bss.Fsid), (2 bytes).
    Removing ff.o(.rodata.LfnOfs), (13 bytes).
    Removing cc936.o(.text), (0 bytes).
    Removing cc936.o(.text.ff_convert), (120 bytes).
    Removing cc936.o(.ARM.exidx.text.ff_convert), (8 bytes).
    Removing cc936.o(.text.ff_wtoupper), (92 bytes).
    Removing cc936.o(.ARM.exidx.text.ff_wtoupper), (8 bytes).
    Removing cc936.o(.rodata.oem2uni), (87172 bytes).
    Removing cc936.o(.rodata.uni2oem), (87172 bytes).
    Removing cc936.o(.rodata.ff_wtoupper.lower), (988 bytes).
    Removing cc936.o(.rodata.ff_wtoupper.upper), (988 bytes).
    Removing dadd.o(.text), (334 bytes).
    Removing dmul.o(.text), (228 bytes).
    Removing ddiv.o(.text), (222 bytes).
    Removing dfixul.o(.text), (48 bytes).
    Removing cdrcmple.o(.text), (48 bytes).
    Removing depilogue.o(.text), (186 bytes).

2037 unused section(s) (total 299804 bytes) removed from the image.

==============================================================================

Image Symbol Table

    Local Symbols

    Symbol Name                              Value     Ov Type        Size  Object(Section)

    ../Libraries/CMSIS/Device/ST/STM32F4xx/Source/Templates/arm/startup_stm32f429xx.s 0x00000000   Number         0  startup_stm32f429xx.o ABSOLUTE
    ../clib/microlib/division.c              0x00000000   Number         0  uldiv.o ABSOLUTE
    ../clib/microlib/division.c              0x00000000   Number         0  uidiv.o ABSOLUTE
    ../clib/microlib/init/entry.s            0x00000000   Number         0  entry.o ABSOLUTE
    ../clib/microlib/init/entry.s            0x00000000   Number         0  entry2.o ABSOLUTE
    ../clib/microlib/init/entry.s            0x00000000   Number         0  entry5.o ABSOLUTE
    ../clib/microlib/init/entry.s            0x00000000   Number         0  entry7a.o ABSOLUTE
    ../clib/microlib/init/entry.s            0x00000000   Number         0  entry7b.o ABSOLUTE
    ../clib/microlib/init/entry.s            0x00000000   Number         0  entry8a.o ABSOLUTE
    ../clib/microlib/init/entry.s            0x00000000   Number         0  entry8b.o ABSOLUTE
    ../clib/microlib/init/entry.s            0x00000000   Number         0  entry9a.o ABSOLUTE
    ../clib/microlib/init/entry.s            0x00000000   Number         0  entry9b.o ABSOLUTE
    ../clib/microlib/init/entry.s            0x00000000   Number         0  entry10a.o ABSOLUTE
    ../clib/microlib/init/entry.s            0x00000000   Number         0  entry10b.o ABSOLUTE
    ../clib/microlib/init/entry.s            0x00000000   Number         0  entry11a.o ABSOLUTE
    ../clib/microlib/init/entry.s            0x00000000   Number         0  entry11b.o ABSOLUTE
    ../clib/microlib/longlong.c              0x00000000   Number         0  llshl.o ABSOLUTE
    ../clib/microlib/longlong.c              0x00000000   Number         0  llushr.o ABSOLUTE
    ../clib/microlib/longlong.c              0x00000000   Number         0  llsshr.o ABSOLUTE
    ../clib/microlib/printf/printf.c         0x00000000   Number         0  printfb.o ABSOLUTE
    ../clib/microlib/printf/printf.c         0x00000000   Number         0  printf0.o ABSOLUTE
    ../clib/microlib/printf/printf.c         0x00000000   Number         0  printf1.o ABSOLUTE
    ../clib/microlib/printf/printf.c         0x00000000   Number         0  printf2.o ABSOLUTE
    ../clib/microlib/printf/printf.c         0x00000000   Number         0  printf3.o ABSOLUTE
    ../clib/microlib/printf/printf.c         0x00000000   Number         0  printf4.o ABSOLUTE
    ../clib/microlib/printf/printf.c         0x00000000   Number         0  printf5.o ABSOLUTE
    ../clib/microlib/printf/printf.c         0x00000000   Number         0  printf6.o ABSOLUTE
    ../clib/microlib/printf/printf.c         0x00000000   Number         0  printf7.o ABSOLUTE
    ../clib/microlib/printf/printf.c         0x00000000   Number         0  printf8.o ABSOLUTE
    ../clib/microlib/printf/printf.c         0x00000000   Number         0  printfa.o ABSOLUTE
    ../clib/microlib/printf/stubs.s          0x00000000   Number         0  printfstubs.o ABSOLUTE
    ../clib/microlib/stdio/puts.c            0x00000000   Number         0  puts.o ABSOLUTE
    ../clib/microlib/stdio/puts.c            0x00000000   Number         0  puts_e.o ABSOLUTE
    ../clib/microlib/stdio/streams.c         0x00000000   Number         0  stdout.o ABSOLUTE
    ../clib/microlib/string/memset.c         0x00000000   Number         0  memseta.o ABSOLUTE
    ../clib/microlib/stubs.s                 0x00000000   Number         0  iusefp.o ABSOLUTE
    ../fplib/microlib/fpadd.c                0x00000000   Number         0  dadd.o ABSOLUTE
    ../fplib/microlib/fpdiv.c                0x00000000   Number         0  ddiv.o ABSOLUTE
    ../fplib/microlib/fpepilogue.c           0x00000000   Number         0  depilogue.o ABSOLUTE
    ../fplib/microlib/fpfix.c                0x00000000   Number         0  dfixul.o ABSOLUTE
    ../fplib/microlib/fpmul.c                0x00000000   Number         0  dmul.o ABSOLUTE
    adc.c                                    0x00000000   Number         0  adc.o ABSOLUTE
    advancedTimer.c                          0x00000000   Number         0  advancedtimer.o ABSOLUTE
    beeper.c                                 0x00000000   Number         0  beeper.o ABSOLUTE
    cc936.c                                  0x00000000   Number         0  cc936.o ABSOLUTE
    cdrcmple.s                               0x00000000   Number         0  cdrcmple.o ABSOLUTE
    dc.s                                     0x00000000   Number         0  dc.o ABSOLUTE
    diskio.c                                 0x00000000   Number         0  diskio.o ABSOLUTE
    dma_uart.c                               0x00000000   Number         0  dma_uart.o ABSOLUTE
    exti.c                                   0x00000000   Number         0  exti.o ABSOLUTE
    ff.c                                     0x00000000   Number         0  ff.o ABSOLUTE
    handlers.s                               0x00000000   Number         0  handlers.o ABSOLUTE
    i2c_ee.c                                 0x00000000   Number         0  i2c_ee.o ABSOLUTE
    i2c_touch.c                              0x00000000   Number         0  i2c_touch.o ABSOLUTE
    init.s                                   0x00000000   Number         0  init.o ABSOLUTE
    iwdg.c                                   0x00000000   Number         0  iwdg.o ABSOLUTE
    key.c                                    0x00000000   Number         0  key.o ABSOLUTE
    lcd.c                                    0x00000000   Number         0  lcd.o ABSOLUTE
    led.c                                    0x00000000   Number         0  led.o ABSOLUTE
    main.c                                   0x00000000   Number         0  main.o ABSOLUTE
    rcc.c                                    0x00000000   Number         0  rcc.o ABSOLUTE
    rtc.c                                    0x00000000   Number         0  rtc.o ABSOLUTE
    sdram.c                                  0x00000000   Number         0  sdram.o ABSOLUTE
    spi_flash.c                              0x00000000   Number         0  spi_flash.o ABSOLUTE
    stm32f4xx_hal.c                          0x00000000   Number         0  stm32f4xx_hal.o ABSOLUTE
    stm32f4xx_hal_adc.c                      0x00000000   Number         0  stm32f4xx_hal_adc.o ABSOLUTE
    stm32f4xx_hal_adc_ex.c                   0x00000000   Number         0  stm32f4xx_hal_adc_ex.o ABSOLUTE
    stm32f4xx_hal_cortex.c                   0x00000000   Number         0  stm32f4xx_hal_cortex.o ABSOLUTE
    stm32f4xx_hal_dma.c                      0x00000000   Number         0  stm32f4xx_hal_dma.o ABSOLUTE
    stm32f4xx_hal_dma2d.c                    0x00000000   Number         0  stm32f4xx_hal_dma2d.o ABSOLUTE
    stm32f4xx_hal_gpio.c                     0x00000000   Number         0  stm32f4xx_hal_gpio.o ABSOLUTE
    stm32f4xx_hal_i2c.c                      0x00000000   Number         0  stm32f4xx_hal_i2c.o ABSOLUTE
    stm32f4xx_hal_i2c_ex.c                   0x00000000   Number         0  stm32f4xx_hal_i2c_ex.o ABSOLUTE
    stm32f4xx_hal_iwdg.c                     0x00000000   Number         0  stm32f4xx_hal_iwdg.o ABSOLUTE
    stm32f4xx_hal_ltdc.c                     0x00000000   Number         0  stm32f4xx_hal_ltdc.o ABSOLUTE
    stm32f4xx_hal_pwr.c                      0x00000000   Number         0  stm32f4xx_hal_pwr.o ABSOLUTE
    stm32f4xx_hal_pwr_ex.c                   0x00000000   Number         0  stm32f4xx_hal_pwr_ex.o ABSOLUTE
    stm32f4xx_hal_rcc.c                      0x00000000   Number         0  stm32f4xx_hal_rcc.o ABSOLUTE
    stm32f4xx_hal_rcc_ex.c                   0x00000000   Number         0  stm32f4xx_hal_rcc_ex.o ABSOLUTE
    stm32f4xx_hal_rng.c                      0x00000000   Number         0  stm32f4xx_hal_rng.o ABSOLUTE
    stm32f4xx_hal_rtc.c                      0x00000000   Number         0  stm32f4xx_hal_rtc.o ABSOLUTE
    stm32f4xx_hal_rtc_ex.c                   0x00000000   Number         0  stm32f4xx_hal_rtc_ex.o ABSOLUTE
    stm32f4xx_hal_sd.c                       0x00000000   Number         0  stm32f4xx_hal_sd.o ABSOLUTE
    stm32f4xx_hal_sdram.c                    0x00000000   Number         0  stm32f4xx_hal_sdram.o ABSOLUTE
    stm32f4xx_hal_spi.c                      0x00000000   Number         0  stm32f4xx_hal_spi.o ABSOLUTE
    stm32f4xx_hal_tim.c                      0x00000000   Number         0  stm32f4xx_hal_tim.o ABSOLUTE
    stm32f4xx_hal_tim_ex.c                   0x00000000   Number         0  stm32f4xx_hal_tim_ex.o ABSOLUTE
    stm32f4xx_hal_uart.c                     0x00000000   Number         0  stm32f4xx_hal_uart.o ABSOLUTE
    stm32f4xx_hal_wwdg.c                     0x00000000   Number         0  stm32f4xx_hal_wwdg.o ABSOLUTE
    stm32f4xx_it.c                           0x00000000   Number         0  stm32f4xx_it.o ABSOLUTE
    stm32f4xx_ll_fmc.c                       0x00000000   Number         0  stm32f4xx_ll_fmc.o ABSOLUTE
    stm32f4xx_ll_sdmmc.c                     0x00000000   Number         0  stm32f4xx_ll_sdmmc.o ABSOLUTE
    system_stm32f4xx.c                       0x00000000   Number         0  system_stm32f4xx.o ABSOLUTE
    timer.c                                  0x00000000   Number         0  timer.o ABSOLUTE
    touchKey.c                               0x00000000   Number         0  touchkey.o ABSOLUTE
    uart.c                                   0x00000000   Number         0  uart.o ABSOLUTE
    wwdg.c                                   0x00000000   Number         0  wwdg.o ABSOLUTE
    RESET                                    0x08000000   Section      428  startup_stm32f429xx.o(RESET)
    .ARM.Collect$$$$00000000                 0x080001ac   Section        0  entry.o(.ARM.Collect$$$$00000000)
    .ARM.Collect$$$$00000001                 0x080001ac   Section        4  entry2.o(.ARM.Collect$$$$00000001)
    .ARM.Collect$$$$00000004                 0x080001b0   Section        4  entry5.o(.ARM.Collect$$$$00000004)
    .ARM.Collect$$$$00000008                 0x080001b4   Section        0  entry7b.o(.ARM.Collect$$$$00000008)
    .ARM.Collect$$$$0000000A                 0x080001b4   Section        0  entry8b.o(.ARM.Collect$$$$0000000A)
    .ARM.Collect$$$$0000000B                 0x080001b4   Section        8  entry9a.o(.ARM.Collect$$$$0000000B)
    __lit__00000000                          0x080001bc   Data           4  entry2.o(.ARM.Collect$$$$00002712)
    .ARM.Collect$$$$0000000D                 0x080001bc   Section        0  entry10a.o(.ARM.Collect$$$$0000000D)
    .ARM.Collect$$$$0000000F                 0x080001bc   Section        0  entry11a.o(.ARM.Collect$$$$0000000F)
    .ARM.Collect$$$$00002712                 0x080001bc   Section        4  entry2.o(.ARM.Collect$$$$00002712)
    $v0                                      0x080001c0   Number         0  startup_stm32f429xx.o(.text)
    .text                                    0x080001c0   Section       36  startup_stm32f429xx.o(.text)
    .text                                    0x080001e4   Section        0  uldiv.o(.text)
    .text                                    0x08000246   Section        0  memseta.o(.text)
    .text                                    0x0800026a   Section        0  llshl.o(.text)
    .text                                    0x08000288   Section        0  llushr.o(.text)
    .text                                    0x080002a8   Section       36  init.o(.text)
    [Anonymous Symbol]                       0x080002cc   Section        0  stm32f4xx_it.o(.text.BusFault_Handler)
    DMA2D_SetConfig                          0x080002d1   Thumb Code   172  stm32f4xx_hal_dma2d.o(.text.DMA2D_SetConfig)
    [Anonymous Symbol]                       0x080002d0   Section        0  stm32f4xx_hal_dma2d.o(.text.DMA2D_SetConfig)
    [Anonymous Symbol]                       0x0800037c   Section        0  stm32f4xx_it.o(.text.DebugMon_Handler)
    [Anonymous Symbol]                       0x08000380   Section        0  exti.o(.text.EXTI0_IRQHandler)
    [Anonymous Symbol]                       0x080003a8   Section        0  exti.o(.text.EXTI15_10_IRQHandler)
    [Anonymous Symbol]                       0x080003d0   Section        0  stm32f4xx_ll_fmc.o(.text.FMC_SDRAM_Init)
    [Anonymous Symbol]                       0x08000458   Section        0  stm32f4xx_ll_fmc.o(.text.FMC_SDRAM_ProgramRefreshRate)
    [Anonymous Symbol]                       0x08000468   Section        0  stm32f4xx_ll_fmc.o(.text.FMC_SDRAM_SendCommand)
    [Anonymous Symbol]                       0x080004c8   Section        0  stm32f4xx_ll_fmc.o(.text.FMC_SDRAM_Timing_Init)
    [Anonymous Symbol]                       0x080005a8   Section        0  stm32f4xx_hal_dma2d.o(.text.HAL_DMA2D_ConfigLayer)
    [Anonymous Symbol]                       0x08000640   Section        0  stm32f4xx_hal_dma2d.o(.text.HAL_DMA2D_Init)
    [Anonymous Symbol]                       0x08000698   Section        0  stm32f4xx_hal_dma2d.o(.text.HAL_DMA2D_MspInit)
    [Anonymous Symbol]                       0x0800069c   Section        0  stm32f4xx_hal_dma2d.o(.text.HAL_DMA2D_PollForTransfer)
    [Anonymous Symbol]                       0x080007d0   Section        0  stm32f4xx_hal_dma2d.o(.text.HAL_DMA2D_Start)
    [Anonymous Symbol]                       0x0800080c   Section        0  stm32f4xx_hal_gpio.o(.text.HAL_GPIO_Init)
    [Anonymous Symbol]                       0x080009a0   Section        0  stm32f4xx_hal_gpio.o(.text.HAL_GPIO_WritePin)
    [Anonymous Symbol]                       0x080009ac   Section        0  stm32f4xx_hal.o(.text.HAL_GetTick)
    [Anonymous Symbol]                       0x080009b8   Section        0  stm32f4xx_hal.o(.text.HAL_IncTick)
    [Anonymous Symbol]                       0x080009d4   Section        0  stm32f4xx_hal.o(.text.HAL_InitTick)
    [Anonymous Symbol]                       0x08000a24   Section        0  stm32f4xx_hal_ltdc.o(.text.HAL_LTDC_ConfigLayer)
    [Anonymous Symbol]                       0x08000a9c   Section        0  stm32f4xx_hal_ltdc.o(.text.HAL_LTDC_Init)
    [Anonymous Symbol]                       0x08000b80   Section        0  stm32f4xx_hal_ltdc.o(.text.HAL_LTDC_MspInit)
    [Anonymous Symbol]                       0x08000b84   Section        0  stm32f4xx_hal_ltdc.o(.text.HAL_LTDC_SetAlpha)
    [Anonymous Symbol]                       0x08000bc4   Section        0  stm32f4xx_hal_cortex.o(.text.HAL_NVIC_EnableIRQ)
    [Anonymous Symbol]                       0x08000bcc   Section        0  stm32f4xx_hal_cortex.o(.text.HAL_NVIC_SetPriority)
    [Anonymous Symbol]                       0x08000bec   Section        0  stm32f4xx_hal_pwr_ex.o(.text.HAL_PWREx_EnableOverDrive)
    [Anonymous Symbol]                       0x08000c68   Section        0  stm32f4xx_hal_pwr.o(.text.HAL_PWR_EnableBkUpAccess)
    [Anonymous Symbol]                       0x08000c74   Section        0  stm32f4xx_hal_rcc_ex.o(.text.HAL_RCCEx_PeriphCLKConfig)
    [Anonymous Symbol]                       0x08000ebc   Section        0  stm32f4xx_hal_rcc.o(.text.HAL_RCC_ClockConfig)
    [Anonymous Symbol]                       0x08001030   Section        0  stm32f4xx_hal_rcc.o(.text.HAL_RCC_GetHCLKFreq)
    [Anonymous Symbol]                       0x0800103c   Section        0  stm32f4xx_hal_rcc.o(.text.HAL_RCC_GetPCLK1Freq)
    [Anonymous Symbol]                       0x08001060   Section        0  stm32f4xx_hal_rcc.o(.text.HAL_RCC_GetPCLK2Freq)
    [Anonymous Symbol]                       0x08001084   Section        0  stm32f4xx_hal_rcc.o(.text.HAL_RCC_GetSysClockFreq)
    [Anonymous Symbol]                       0x080010ec   Section        0  stm32f4xx_hal_rcc.o(.text.HAL_RCC_OscConfig)
    [Anonymous Symbol]                       0x08001420   Section        0  stm32f4xx_hal_rtc.o(.text.HAL_RTC_Init)
    [Anonymous Symbol]                       0x080014c0   Section        0  stm32f4xx_hal_rtc.o(.text.HAL_RTC_MspInit)
    [Anonymous Symbol]                       0x080014c4   Section        0  stm32f4xx_hal_rtc.o(.text.HAL_RTC_WaitForSynchro)
    [Anonymous Symbol]                       0x080014f4   Section        0  stm32f4xx_hal_sdram.o(.text.HAL_SDRAM_Init)
    [Anonymous Symbol]                       0x08001538   Section        0  stm32f4xx_hal_sdram.o(.text.HAL_SDRAM_MspInit)
    [Anonymous Symbol]                       0x0800153c   Section        0  stm32f4xx_hal_sdram.o(.text.HAL_SDRAM_ProgramRefreshRate)
    [Anonymous Symbol]                       0x08001564   Section        0  stm32f4xx_hal_sdram.o(.text.HAL_SDRAM_SendCommand)
    [Anonymous Symbol]                       0x08001598   Section        0  stm32f4xx_hal_cortex.o(.text.HAL_SYSTICK_Config)
    [Anonymous Symbol]                       0x080015a0   Section        0  stm32f4xx_hal_tim_ex.o(.text.HAL_TIMEx_BreakCallback)
    [Anonymous Symbol]                       0x080015a4   Section        0  stm32f4xx_hal_tim_ex.o(.text.HAL_TIMEx_CommutCallback)
    [Anonymous Symbol]                       0x080015a8   Section        0  advancedtimer.o(.text.HAL_TIM_IC_CaptureCallback)
    [Anonymous Symbol]                       0x08001628   Section        0  stm32f4xx_hal_tim.o(.text.HAL_TIM_IRQHandler)
    [Anonymous Symbol]                       0x08001794   Section        0  stm32f4xx_hal_tim.o(.text.HAL_TIM_OC_DelayElapsedCallback)
    [Anonymous Symbol]                       0x08001798   Section        0  stm32f4xx_hal_tim.o(.text.HAL_TIM_PWM_PulseFinishedCallback)
    [Anonymous Symbol]                       0x0800179c   Section        0  timer.o(.text.HAL_TIM_PeriodElapsedCallback)
    [Anonymous Symbol]                       0x080017bc   Section        0  stm32f4xx_hal_tim.o(.text.HAL_TIM_ReadCapturedValue)
    [Anonymous Symbol]                       0x080017f0   Section        0  stm32f4xx_hal_tim.o(.text.HAL_TIM_TriggerCallback)
    [Anonymous Symbol]                       0x080017f4   Section        0  stm32f4xx_hal_uart.o(.text.HAL_UART_Init)
    [Anonymous Symbol]                       0x08001854   Section        0  uart.o(.text.HAL_UART_MspInit)
    [Anonymous Symbol]                       0x080018c0   Section        0  stm32f4xx_hal_uart.o(.text.HAL_UART_Transmit)
    [Anonymous Symbol]                       0x08001984   Section        0  wwdg.o(.text.HAL_WWDG_EarlyWakeupCallback)
    [Anonymous Symbol]                       0x080019a0   Section        0  stm32f4xx_hal_wwdg.o(.text.HAL_WWDG_IRQHandler)
    [Anonymous Symbol]                       0x080019c0   Section        0  stm32f4xx_it.o(.text.HardFault_Handler)
    [Anonymous Symbol]                       0x080019c4   Section        0  lcd.o(.text.LCD_Clear)
    [Anonymous Symbol]                       0x08001a04   Section        0  lcd.o(.text.LCD_DisplayOn)
    LCD_GPIO_Config                          0x08001a39   Thumb Code  1182  lcd.o(.text.LCD_GPIO_Config)
    [Anonymous Symbol]                       0x08001a38   Section        0  lcd.o(.text.LCD_GPIO_Config)
    [Anonymous Symbol]                       0x08001ed8   Section        0  lcd.o(.text.LCD_GetXSize)
    [Anonymous Symbol]                       0x08001ef4   Section        0  lcd.o(.text.LCD_GetYSize)
    [Anonymous Symbol]                       0x08001f10   Section        0  lcd.o(.text.LCD_Init)
    [Anonymous Symbol]                       0x08002038   Section        0  lcd.o(.text.LCD_LayerInit)
    [Anonymous Symbol]                       0x080020c4   Section        0  lcd.o(.text.LCD_SelectLayer)
    [Anonymous Symbol]                       0x080020d0   Section        0  lcd.o(.text.LCD_SetBackColor)
    [Anonymous Symbol]                       0x080020f0   Section        0  lcd.o(.text.LCD_SetColors)
    [Anonymous Symbol]                       0x08002100   Section        0  lcd.o(.text.LCD_SetFont)
    [Anonymous Symbol]                       0x08002120   Section        0  lcd.o(.text.LCD_SetTextColor)
    [Anonymous Symbol]                       0x0800213c   Section        0  lcd.o(.text.LCD_SetTransparency)
    LL_FillBuffer                            0x08002151   Thumb Code   142  lcd.o(.text.LL_FillBuffer)
    [Anonymous Symbol]                       0x08002150   Section        0  lcd.o(.text.LL_FillBuffer)
    LTDC_SetConfig                           0x080021e1   Thumb Code   312  stm32f4xx_hal_ltdc.o(.text.LTDC_SetConfig)
    [Anonymous Symbol]                       0x080021e0   Section        0  stm32f4xx_hal_ltdc.o(.text.LTDC_SetConfig)
    [Anonymous Symbol]                       0x08002318   Section        0  stm32f4xx_it.o(.text.MemManage_Handler)
    [Anonymous Symbol]                       0x0800231c   Section        0  stm32f4xx_it.o(.text.NMI_Handler)
    NVIC_EncodePriority                      0x08002321   Thumb Code    44  stm32f4xx_hal_cortex.o(.text.NVIC_EncodePriority)
    [Anonymous Symbol]                       0x08002320   Section        0  stm32f4xx_hal_cortex.o(.text.NVIC_EncodePriority)
    [Anonymous Symbol]                       0x0800234c   Section        0  stm32f4xx_it.o(.text.PendSV_Handler)
    [Anonymous Symbol]                       0x08002350   Section        0  rtc.o(.text.RTC_CLK_Config)
    [Anonymous Symbol]                       0x080023f0   Section        0  stm32f4xx_hal_rtc.o(.text.RTC_EnterInitMode)
    SDRAM_GPIO_Config                        0x08002425   Thumb Code  1368  sdram.o(.text.SDRAM_GPIO_Config)
    [Anonymous Symbol]                       0x08002424   Section        0  sdram.o(.text.SDRAM_GPIO_Config)
    [Anonymous Symbol]                       0x0800297c   Section        0  sdram.o(.text.SDRAM_Init)
    SDRAM_InitSequence                       0x08002a05   Thumb Code   140  sdram.o(.text.SDRAM_InitSequence)
    [Anonymous Symbol]                       0x08002a04   Section        0  sdram.o(.text.SDRAM_InitSequence)
    SDRAM_delay                              0x08002a91   Thumb Code    44  sdram.o(.text.SDRAM_delay)
    [Anonymous Symbol]                       0x08002a90   Section        0  sdram.o(.text.SDRAM_delay)
    [Anonymous Symbol]                       0x08002abc   Section        0  stm32f4xx_it.o(.text.SVC_Handler)
    SysTick_Config                           0x08002ac1   Thumb Code    46  stm32f4xx_hal_cortex.o(.text.SysTick_Config)
    [Anonymous Symbol]                       0x08002ac0   Section        0  stm32f4xx_hal_cortex.o(.text.SysTick_Config)
    [Anonymous Symbol]                       0x08002af0   Section        0  stm32f4xx_it.o(.text.SysTick_Handler)
    [Anonymous Symbol]                       0x08002b50   Section        0  rcc.o(.text.SystemClock_Config)
    [Anonymous Symbol]                       0x08002bf0   Section        0  system_stm32f4xx.o(.text.SystemInit)
    [Anonymous Symbol]                       0x08002c0c   Section        0  timer.o(.text.TIM6_DAC_IRQHandler)
    [Anonymous Symbol]                       0x08002c1c   Section        0  advancedtimer.o(.text.TIM8_CC_IRQHandler)
    UART_SetConfig                           0x08002c2d   Thumb Code   364  stm32f4xx_hal_uart.o(.text.UART_SetConfig)
    [Anonymous Symbol]                       0x08002c2c   Section        0  stm32f4xx_hal_uart.o(.text.UART_SetConfig)
    UART_WaitOnFlagUntilTimeout              0x08002d99   Thumb Code   100  stm32f4xx_hal_uart.o(.text.UART_WaitOnFlagUntilTimeout)
    [Anonymous Symbol]                       0x08002d98   Section        0  stm32f4xx_hal_uart.o(.text.UART_WaitOnFlagUntilTimeout)
    [Anonymous Symbol]                       0x08002dfc   Section        0  uart.o(.text.USART1_IRQHandler)
    [Anonymous Symbol]                       0x08002e18   Section        0  stm32f4xx_it.o(.text.UsageFault_Handler)
    [Anonymous Symbol]                       0x08002e1c   Section        0  wwdg.o(.text.WWDG_IRQHandler)
    __NVIC_EnableIRQ                         0x08002e2d   Thumb Code    32  stm32f4xx_hal_cortex.o(.text.__NVIC_EnableIRQ)
    [Anonymous Symbol]                       0x08002e2c   Section        0  stm32f4xx_hal_cortex.o(.text.__NVIC_EnableIRQ)
    __NVIC_GetPriorityGrouping               0x08002e4d   Thumb Code    16  stm32f4xx_hal_cortex.o(.text.__NVIC_GetPriorityGrouping)
    [Anonymous Symbol]                       0x08002e4c   Section        0  stm32f4xx_hal_cortex.o(.text.__NVIC_GetPriorityGrouping)
    __NVIC_SetPriority                       0x08002e5d   Thumb Code    34  stm32f4xx_hal_cortex.o(.text.__NVIC_SetPriority)
    [Anonymous Symbol]                       0x08002e5c   Section        0  stm32f4xx_hal_cortex.o(.text.__NVIC_SetPriority)
    [Anonymous Symbol]                       0x08002e80   Section        0  beeper.o(.text.beeperInit)
    [Anonymous Symbol]                       0x08002ec0   Section        0  uart.o(.text.fputc)
    [Anonymous Symbol]                       0x08002ee0   Section        0  led.o(.text.led_init)
    [Anonymous Symbol]                       0x08002f50   Section        0  main.o(.text.main)
    [Anonymous Symbol]                       0x08002f6c   Section        0  uart.o(.text.uart1_init)
    i.__scatterload_copy                     0x08002fba   Section       14  handlers.o(i.__scatterload_copy)
    i.__scatterload_null                     0x08002fc8   Section        2  handlers.o(i.__scatterload_null)
    i.__scatterload_zeroinit                 0x08002fca   Section       14  handlers.o(i.__scatterload_zeroinit)
    i.puts                                   0x08002fd8   Section        0  puts.o(i.puts)
    .data                                    0x20000000   Section        4  stdout.o(.data)
    ActiveLayer                              0x20000018   Data           4  lcd.o(.bss.ActiveLayer)
    [Anonymous Symbol]                       0x20000018   Section        0  lcd.o(.bss.ActiveLayer)
    Command                                  0x2000001c   Data          16  sdram.o(.bss.Command)
    [Anonymous Symbol]                       0x2000001c   Section        0  sdram.o(.bss.Command)
    Dma2d_Handler                            0x2000002c   Data          64  lcd.o(.bss.Dma2d_Handler)
    [Anonymous Symbol]                       0x2000002c   Section        0  lcd.o(.bss.Dma2d_Handler)
    DrawProp                                 0x2000006c   Data          24  lcd.o(.bss.DrawProp)
    [Anonymous Symbol]                       0x2000006c   Section        0  lcd.o(.bss.DrawProp)
    Ltdc_Handler                             0x20000094   Data         168  lcd.o(.bss.Ltdc_Handler)
    [Anonymous Symbol]                       0x20000094   Section        0  lcd.o(.bss.Ltdc_Handler)
    STACK                                    0x20000278   Section     1024  startup_stm32f429xx.o(STACK)

    Global Symbols

    Symbol Name                              Value     Ov Type        Size  Object(Section)

    BuildAttributes$$THM_ISAv4$E$P$D$K$B$S$7EM$VFPi3$EXTD16$VFPS$VFMA$PE$A:L22UL41UL21$X:L11$S22US41US21$IEEE1$IW$~IW$USESV6$~STKCKD$USESV7$~SHL$OTIME$ROPI$EBA8$MICROLIB$REQ8$PRES8$EABIv2 0x00000000   Number         0  anon$$obj.o ABSOLUTE
    _printf_a                                0x00000000   Number         0  printfstubs.o ABSOLUTE
    _printf_c                                0x00000000   Number         0  printfstubs.o ABSOLUTE
    _printf_charcount                        0x00000000   Number         0  printfstubs.o ABSOLUTE
    _printf_d                                0x00000000   Number         0  printfstubs.o ABSOLUTE
    _printf_e                                0x00000000   Number         0  printfstubs.o ABSOLUTE
    _printf_f                                0x00000000   Number         0  printfstubs.o ABSOLUTE
    _printf_flags                            0x00000000   Number         0  printfstubs.o ABSOLUTE
    _printf_fp_dec                           0x00000000   Number         0  printfstubs.o ABSOLUTE
    _printf_fp_hex                           0x00000000   Number         0  printfstubs.o ABSOLUTE
    _printf_g                                0x00000000   Number         0  printfstubs.o ABSOLUTE
    _printf_i                                0x00000000   Number         0  printfstubs.o ABSOLUTE
    _printf_int_dec                          0x00000000   Number         0  printfstubs.o ABSOLUTE
    _printf_l                                0x00000000   Number         0  printfstubs.o ABSOLUTE
    _printf_lc                               0x00000000   Number         0  printfstubs.o ABSOLUTE
    _printf_ll                               0x00000000   Number         0  printfstubs.o ABSOLUTE
    _printf_lld                              0x00000000   Number         0  printfstubs.o ABSOLUTE
    _printf_lli                              0x00000000   Number         0  printfstubs.o ABSOLUTE
    _printf_llo                              0x00000000   Number         0  printfstubs.o ABSOLUTE
    _printf_llu                              0x00000000   Number         0  printfstubs.o ABSOLUTE
    _printf_llx                              0x00000000   Number         0  printfstubs.o ABSOLUTE
    _printf_longlong_dec                     0x00000000   Number         0  printfstubs.o ABSOLUTE
    _printf_longlong_hex                     0x00000000   Number         0  printfstubs.o ABSOLUTE
    _printf_longlong_oct                     0x00000000   Number         0  printfstubs.o ABSOLUTE
    _printf_ls                               0x00000000   Number         0  printfstubs.o ABSOLUTE
    _printf_mbtowc                           0x00000000   Number         0  printfstubs.o ABSOLUTE
    _printf_n                                0x00000000   Number         0  printfstubs.o ABSOLUTE
    _printf_o                                0x00000000   Number         0  printfstubs.o ABSOLUTE
    _printf_p                                0x00000000   Number         0  printfstubs.o ABSOLUTE
    _printf_percent                          0x00000000   Number         0  printfstubs.o ABSOLUTE
    _printf_pre_padding                      0x00000000   Number         0  printfstubs.o ABSOLUTE
    _printf_return_value                     0x00000000   Number         0  printfstubs.o ABSOLUTE
    _printf_s                                0x00000000   Number         0  printfstubs.o ABSOLUTE
    _printf_sizespec                         0x00000000   Number         0  printfstubs.o ABSOLUTE
    _printf_str                              0x00000000   Number         0  printfstubs.o ABSOLUTE
    _printf_truncate_signed                  0x00000000   Number         0  printfstubs.o ABSOLUTE
    _printf_truncate_unsigned                0x00000000   Number         0  printfstubs.o ABSOLUTE
    _printf_u                                0x00000000   Number         0  printfstubs.o ABSOLUTE
    _printf_wc                               0x00000000   Number         0  printfstubs.o ABSOLUTE
    _printf_wctomb                           0x00000000   Number         0  printfstubs.o ABSOLUTE
    _printf_widthprec                        0x00000000   Number         0  printfstubs.o ABSOLUTE
    _printf_x                                0x00000000   Number         0  printfstubs.o ABSOLUTE
    __cpp_initialize__aeabi_                  - Undefined Weak Reference
    __cxa_finalize                            - Undefined Weak Reference
    __decompress                              - Undefined Weak Reference
    _clock_init                               - Undefined Weak Reference
    _microlib_exit                            - Undefined Weak Reference
    __Vectors_Size                           0x000001ac   Number         0  startup_stm32f429xx.o ABSOLUTE
    __Vectors                                0x08000000   Data           4  startup_stm32f429xx.o(RESET)
    __Vectors_End                            0x080001ac   Data           0  startup_stm32f429xx.o(RESET)
    __main                                   0x080001ad   Thumb Code     0  entry.o(.ARM.Collect$$$$00000000)
    _main_stk                                0x080001ad   Thumb Code     0  entry2.o(.ARM.Collect$$$$00000001)
    _main_scatterload                        0x080001b1   Thumb Code     0  entry5.o(.ARM.Collect$$$$00000004)
    __main_after_scatterload                 0x080001b5   Thumb Code     0  entry5.o(.ARM.Collect$$$$00000004)
    _main_clock                              0x080001b5   Thumb Code     0  entry7b.o(.ARM.Collect$$$$00000008)
    _main_cpp_init                           0x080001b5   Thumb Code     0  entry8b.o(.ARM.Collect$$$$0000000A)
    _main_init                               0x080001b5   Thumb Code     0  entry9a.o(.ARM.Collect$$$$0000000B)
    __rt_final_cpp                           0x080001bd   Thumb Code     0  entry10a.o(.ARM.Collect$$$$0000000D)
    __rt_final_exit                          0x080001bd   Thumb Code     0  entry11a.o(.ARM.Collect$$$$0000000F)
    Reset_Handler                            0x080001c1   Thumb Code     8  startup_stm32f429xx.o(.text)
    ADC_IRQHandler                           0x080001db   Thumb Code     0  startup_stm32f429xx.o(.text)
    CAN1_RX0_IRQHandler                      0x080001db   Thumb Code     0  startup_stm32f429xx.o(.text)
    CAN1_RX1_IRQHandler                      0x080001db   Thumb Code     0  startup_stm32f429xx.o(.text)
    CAN1_SCE_IRQHandler                      0x080001db   Thumb Code     0  startup_stm32f429xx.o(.text)
    CAN1_TX_IRQHandler                       0x080001db   Thumb Code     0  startup_stm32f429xx.o(.text)
    CAN2_RX0_IRQHandler                      0x080001db   Thumb Code     0  startup_stm32f429xx.o(.text)
    CAN2_RX1_IRQHandler                      0x080001db   Thumb Code     0  startup_stm32f429xx.o(.text)
    CAN2_SCE_IRQHandler                      0x080001db   Thumb Code     0  startup_stm32f429xx.o(.text)
    CAN2_TX_IRQHandler                       0x080001db   Thumb Code     0  startup_stm32f429xx.o(.text)
    DCMI_IRQHandler                          0x080001db   Thumb Code     0  startup_stm32f429xx.o(.text)
    DMA1_Stream0_IRQHandler                  0x080001db   Thumb Code     0  startup_stm32f429xx.o(.text)
    DMA1_Stream1_IRQHandler                  0x080001db   Thumb Code     0  startup_stm32f429xx.o(.text)
    DMA1_Stream2_IRQHandler                  0x080001db   Thumb Code     0  startup_stm32f429xx.o(.text)
    DMA1_Stream3_IRQHandler                  0x080001db   Thumb Code     0  startup_stm32f429xx.o(.text)
    DMA1_Stream4_IRQHandler                  0x080001db   Thumb Code     0  startup_stm32f429xx.o(.text)
    DMA1_Stream5_IRQHandler                  0x080001db   Thumb Code     0  startup_stm32f429xx.o(.text)
    DMA1_Stream6_IRQHandler                  0x080001db   Thumb Code     0  startup_stm32f429xx.o(.text)
    DMA1_Stream7_IRQHandler                  0x080001db   Thumb Code     0  startup_stm32f429xx.o(.text)
    DMA2D_IRQHandler                         0x080001db   Thumb Code     0  startup_stm32f429xx.o(.text)
    DMA2_Stream0_IRQHandler                  0x080001db   Thumb Code     0  startup_stm32f429xx.o(.text)
    DMA2_Stream1_IRQHandler                  0x080001db   Thumb Code     0  startup_stm32f429xx.o(.text)
    DMA2_Stream2_IRQHandler                  0x080001db   Thumb Code     0  startup_stm32f429xx.o(.text)
    DMA2_Stream3_IRQHandler                  0x080001db   Thumb Code     0  startup_stm32f429xx.o(.text)
    DMA2_Stream4_IRQHandler                  0x080001db   Thumb Code     0  startup_stm32f429xx.o(.text)
    DMA2_Stream5_IRQHandler                  0x080001db   Thumb Code     0  startup_stm32f429xx.o(.text)
    DMA2_Stream6_IRQHandler                  0x080001db   Thumb Code     0  startup_stm32f429xx.o(.text)
    DMA2_Stream7_IRQHandler                  0x080001db   Thumb Code     0  startup_stm32f429xx.o(.text)
    ETH_IRQHandler                           0x080001db   Thumb Code     0  startup_stm32f429xx.o(.text)
    ETH_WKUP_IRQHandler                      0x080001db   Thumb Code     0  startup_stm32f429xx.o(.text)
    EXTI1_IRQHandler                         0x080001db   Thumb Code     0  startup_stm32f429xx.o(.text)
    EXTI2_IRQHandler                         0x080001db   Thumb Code     0  startup_stm32f429xx.o(.text)
    EXTI3_IRQHandler                         0x080001db   Thumb Code     0  startup_stm32f429xx.o(.text)
    EXTI4_IRQHandler                         0x080001db   Thumb Code     0  startup_stm32f429xx.o(.text)
    EXTI9_5_IRQHandler                       0x080001db   Thumb Code     0  startup_stm32f429xx.o(.text)
    FLASH_IRQHandler                         0x080001db   Thumb Code     0  startup_stm32f429xx.o(.text)
    FMC_IRQHandler                           0x080001db   Thumb Code     0  startup_stm32f429xx.o(.text)
    FPU_IRQHandler                           0x080001db   Thumb Code     0  startup_stm32f429xx.o(.text)
    HASH_RNG_IRQHandler                      0x080001db   Thumb Code     0  startup_stm32f429xx.o(.text)
    I2C1_ER_IRQHandler                       0x080001db   Thumb Code     0  startup_stm32f429xx.o(.text)
    I2C1_EV_IRQHandler                       0x080001db   Thumb Code     0  startup_stm32f429xx.o(.text)
    I2C2_ER_IRQHandler                       0x080001db   Thumb Code     0  startup_stm32f429xx.o(.text)
    I2C2_EV_IRQHandler                       0x080001db   Thumb Code     0  startup_stm32f429xx.o(.text)
    I2C3_ER_IRQHandler                       0x080001db   Thumb Code     0  startup_stm32f429xx.o(.text)
    I2C3_EV_IRQHandler                       0x080001db   Thumb Code     0  startup_stm32f429xx.o(.text)
    LTDC_ER_IRQHandler                       0x080001db   Thumb Code     0  startup_stm32f429xx.o(.text)
    LTDC_IRQHandler                          0x080001db   Thumb Code     0  startup_stm32f429xx.o(.text)
    OTG_FS_IRQHandler                        0x080001db   Thumb Code     0  startup_stm32f429xx.o(.text)
    OTG_FS_WKUP_IRQHandler                   0x080001db   Thumb Code     0  startup_stm32f429xx.o(.text)
    OTG_HS_EP1_IN_IRQHandler                 0x080001db   Thumb Code     0  startup_stm32f429xx.o(.text)
    OTG_HS_EP1_OUT_IRQHandler                0x080001db   Thumb Code     0  startup_stm32f429xx.o(.text)
    OTG_HS_IRQHandler                        0x080001db   Thumb Code     0  startup_stm32f429xx.o(.text)
    OTG_HS_WKUP_IRQHandler                   0x080001db   Thumb Code     0  startup_stm32f429xx.o(.text)
    PVD_IRQHandler                           0x080001db   Thumb Code     0  startup_stm32f429xx.o(.text)
    RCC_IRQHandler                           0x080001db   Thumb Code     0  startup_stm32f429xx.o(.text)
    RTC_Alarm_IRQHandler                     0x080001db   Thumb Code     0  startup_stm32f429xx.o(.text)
    RTC_WKUP_IRQHandler                      0x080001db   Thumb Code     0  startup_stm32f429xx.o(.text)
    SAI1_IRQHandler                          0x080001db   Thumb Code     0  startup_stm32f429xx.o(.text)
    SDIO_IRQHandler                          0x080001db   Thumb Code     0  startup_stm32f429xx.o(.text)
    SPI1_IRQHandler                          0x080001db   Thumb Code     0  startup_stm32f429xx.o(.text)
    SPI2_IRQHandler                          0x080001db   Thumb Code     0  startup_stm32f429xx.o(.text)
    SPI3_IRQHandler                          0x080001db   Thumb Code     0  startup_stm32f429xx.o(.text)
    SPI4_IRQHandler                          0x080001db   Thumb Code     0  startup_stm32f429xx.o(.text)
    SPI5_IRQHandler                          0x080001db   Thumb Code     0  startup_stm32f429xx.o(.text)
    SPI6_IRQHandler                          0x080001db   Thumb Code     0  startup_stm32f429xx.o(.text)
    TAMP_STAMP_IRQHandler                    0x080001db   Thumb Code     0  startup_stm32f429xx.o(.text)
    TIM1_BRK_TIM9_IRQHandler                 0x080001db   Thumb Code     0  startup_stm32f429xx.o(.text)
    TIM1_CC_IRQHandler                       0x080001db   Thumb Code     0  startup_stm32f429xx.o(.text)
    TIM1_TRG_COM_TIM11_IRQHandler            0x080001db   Thumb Code     0  startup_stm32f429xx.o(.text)
    TIM1_UP_TIM10_IRQHandler                 0x080001db   Thumb Code     0  startup_stm32f429xx.o(.text)
    TIM2_IRQHandler                          0x080001db   Thumb Code     0  startup_stm32f429xx.o(.text)
    TIM3_IRQHandler                          0x080001db   Thumb Code     0  startup_stm32f429xx.o(.text)
    TIM4_IRQHandler                          0x080001db   Thumb Code     0  startup_stm32f429xx.o(.text)
    TIM5_IRQHandler                          0x080001db   Thumb Code     0  startup_stm32f429xx.o(.text)
    TIM7_IRQHandler                          0x080001db   Thumb Code     0  startup_stm32f429xx.o(.text)
    TIM8_BRK_TIM12_IRQHandler                0x080001db   Thumb Code     0  startup_stm32f429xx.o(.text)
    TIM8_TRG_COM_TIM14_IRQHandler            0x080001db   Thumb Code     0  startup_stm32f429xx.o(.text)
    TIM8_UP_TIM13_IRQHandler                 0x080001db   Thumb Code     0  startup_stm32f429xx.o(.text)
    UART4_IRQHandler                         0x080001db   Thumb Code     0  startup_stm32f429xx.o(.text)
    UART5_IRQHandler                         0x080001db   Thumb Code     0  startup_stm32f429xx.o(.text)
    UART7_IRQHandler                         0x080001db   Thumb Code     0  startup_stm32f429xx.o(.text)
    UART8_IRQHandler                         0x080001db   Thumb Code     0  startup_stm32f429xx.o(.text)
    USART2_IRQHandler                        0x080001db   Thumb Code     0  startup_stm32f429xx.o(.text)
    USART3_IRQHandler                        0x080001db   Thumb Code     0  startup_stm32f429xx.o(.text)
    USART6_IRQHandler                        0x080001db   Thumb Code     0  startup_stm32f429xx.o(.text)
    __aeabi_uldivmod                         0x080001e5   Thumb Code    98  uldiv.o(.text)
    __aeabi_memset                           0x08000247   Thumb Code    14  memseta.o(.text)
    __aeabi_memset4                          0x08000247   Thumb Code     0  memseta.o(.text)
    __aeabi_memset8                          0x08000247   Thumb Code     0  memseta.o(.text)
    __aeabi_memclr                           0x08000255   Thumb Code     4  memseta.o(.text)
    __aeabi_memclr4                          0x08000255   Thumb Code     0  memseta.o(.text)
    __aeabi_memclr8                          0x08000255   Thumb Code     0  memseta.o(.text)
    _memset$wrapper                          0x08000259   Thumb Code    18  memseta.o(.text)
    __aeabi_llsl                             0x0800026b   Thumb Code    30  llshl.o(.text)
    _ll_shift_l                              0x0800026b   Thumb Code     0  llshl.o(.text)
    __aeabi_llsr                             0x08000289   Thumb Code    32  llushr.o(.text)
    _ll_ushift_r                             0x08000289   Thumb Code     0  llushr.o(.text)
    __scatterload                            0x080002a9   Thumb Code    28  init.o(.text)
    __scatterload_rt2                        0x080002a9   Thumb Code     0  init.o(.text)
    BusFault_Handler                         0x080002cd   Thumb Code     2  stm32f4xx_it.o(.text.BusFault_Handler)
    DebugMon_Handler                         0x0800037d   Thumb Code     2  stm32f4xx_it.o(.text.DebugMon_Handler)
    EXTI0_IRQHandler                         0x08000381   Thumb Code    38  exti.o(.text.EXTI0_IRQHandler)
    EXTI15_10_IRQHandler                     0x080003a9   Thumb Code    40  exti.o(.text.EXTI15_10_IRQHandler)
    FMC_SDRAM_Init                           0x080003d1   Thumb Code   134  stm32f4xx_ll_fmc.o(.text.FMC_SDRAM_Init)
    FMC_SDRAM_ProgramRefreshRate             0x08000459   Thumb Code    14  stm32f4xx_ll_fmc.o(.text.FMC_SDRAM_ProgramRefreshRate)
    FMC_SDRAM_SendCommand                    0x08000469   Thumb Code    94  stm32f4xx_ll_fmc.o(.text.FMC_SDRAM_SendCommand)
    FMC_SDRAM_Timing_Init                    0x080004c9   Thumb Code   222  stm32f4xx_ll_fmc.o(.text.FMC_SDRAM_Timing_Init)
    HAL_DMA2D_ConfigLayer                    0x080005a9   Thumb Code   150  stm32f4xx_hal_dma2d.o(.text.HAL_DMA2D_ConfigLayer)
    HAL_DMA2D_Init                           0x08000641   Thumb Code    86  stm32f4xx_hal_dma2d.o(.text.HAL_DMA2D_Init)
    HAL_DMA2D_MspInit                        0x08000699   Thumb Code     2  stm32f4xx_hal_dma2d.o(.text.HAL_DMA2D_MspInit)
    HAL_DMA2D_PollForTransfer                0x0800069d   Thumb Code   308  stm32f4xx_hal_dma2d.o(.text.HAL_DMA2D_PollForTransfer)
    HAL_DMA2D_Start                          0x080007d1   Thumb Code    58  stm32f4xx_hal_dma2d.o(.text.HAL_DMA2D_Start)
    HAL_GPIO_Init                            0x0800080d   Thumb Code   404  stm32f4xx_hal_gpio.o(.text.HAL_GPIO_Init)
    HAL_GPIO_WritePin                        0x080009a1   Thumb Code    10  stm32f4xx_hal_gpio.o(.text.HAL_GPIO_WritePin)
    HAL_GetTick                              0x080009ad   Thumb Code    12  stm32f4xx_hal.o(.text.HAL_GetTick)
    HAL_IncTick                              0x080009b9   Thumb Code    26  stm32f4xx_hal.o(.text.HAL_IncTick)
    HAL_InitTick                             0x080009d5   Thumb Code    80  stm32f4xx_hal.o(.text.HAL_InitTick)
    HAL_LTDC_ConfigLayer                     0x08000a25   Thumb Code   118  stm32f4xx_hal_ltdc.o(.text.HAL_LTDC_ConfigLayer)
    HAL_LTDC_Init                            0x08000a9d   Thumb Code   228  stm32f4xx_hal_ltdc.o(.text.HAL_LTDC_Init)
    HAL_LTDC_MspInit                         0x08000b81   Thumb Code     2  stm32f4xx_hal_ltdc.o(.text.HAL_LTDC_MspInit)
    HAL_LTDC_SetAlpha                        0x08000b85   Thumb Code    64  stm32f4xx_hal_ltdc.o(.text.HAL_LTDC_SetAlpha)
    HAL_NVIC_EnableIRQ                       0x08000bc5   Thumb Code     8  stm32f4xx_hal_cortex.o(.text.HAL_NVIC_EnableIRQ)
    HAL_NVIC_SetPriority                     0x08000bcd   Thumb Code    30  stm32f4xx_hal_cortex.o(.text.HAL_NVIC_SetPriority)
    HAL_PWREx_EnableOverDrive                0x08000bed   Thumb Code   122  stm32f4xx_hal_pwr_ex.o(.text.HAL_PWREx_EnableOverDrive)
    HAL_PWR_EnableBkUpAccess                 0x08000c69   Thumb Code    12  stm32f4xx_hal_pwr.o(.text.HAL_PWR_EnableBkUpAccess)
    HAL_RCCEx_PeriphCLKConfig                0x08000c75   Thumb Code   582  stm32f4xx_hal_rcc_ex.o(.text.HAL_RCCEx_PeriphCLKConfig)
    HAL_RCC_ClockConfig                      0x08000ebd   Thumb Code   370  stm32f4xx_hal_rcc.o(.text.HAL_RCC_ClockConfig)
    HAL_RCC_GetHCLKFreq                      0x08001031   Thumb Code    12  stm32f4xx_hal_rcc.o(.text.HAL_RCC_GetHCLKFreq)
    HAL_RCC_GetPCLK1Freq                     0x0800103d   Thumb Code    34  stm32f4xx_hal_rcc.o(.text.HAL_RCC_GetPCLK1Freq)
    HAL_RCC_GetPCLK2Freq                     0x08001061   Thumb Code    34  stm32f4xx_hal_rcc.o(.text.HAL_RCC_GetPCLK2Freq)
    HAL_RCC_GetSysClockFreq                  0x08001085   Thumb Code   104  stm32f4xx_hal_rcc.o(.text.HAL_RCC_GetSysClockFreq)
    HAL_RCC_OscConfig                        0x080010ed   Thumb Code   820  stm32f4xx_hal_rcc.o(.text.HAL_RCC_OscConfig)
    HAL_RTC_Init                             0x08001421   Thumb Code   160  stm32f4xx_hal_rtc.o(.text.HAL_RTC_Init)
    HAL_RTC_MspInit                          0x080014c1   Thumb Code     2  stm32f4xx_hal_rtc.o(.text.HAL_RTC_MspInit)
    HAL_RTC_WaitForSynchro                   0x080014c5   Thumb Code    48  stm32f4xx_hal_rtc.o(.text.HAL_RTC_WaitForSynchro)
    HAL_SDRAM_Init                           0x080014f5   Thumb Code    66  stm32f4xx_hal_sdram.o(.text.HAL_SDRAM_Init)
    HAL_SDRAM_MspInit                        0x08001539   Thumb Code     2  stm32f4xx_hal_sdram.o(.text.HAL_SDRAM_MspInit)
    HAL_SDRAM_ProgramRefreshRate             0x0800153d   Thumb Code    38  stm32f4xx_hal_sdram.o(.text.HAL_SDRAM_ProgramRefreshRate)
    HAL_SDRAM_SendCommand                    0x08001565   Thumb Code    50  stm32f4xx_hal_sdram.o(.text.HAL_SDRAM_SendCommand)
    HAL_SYSTICK_Config                       0x08001599   Thumb Code     8  stm32f4xx_hal_cortex.o(.text.HAL_SYSTICK_Config)
    HAL_TIMEx_BreakCallback                  0x080015a1   Thumb Code     2  stm32f4xx_hal_tim_ex.o(.text.HAL_TIMEx_BreakCallback)
    HAL_TIMEx_CommutCallback                 0x080015a5   Thumb Code     2  stm32f4xx_hal_tim_ex.o(.text.HAL_TIMEx_CommutCallback)
    HAL_TIM_IC_CaptureCallback               0x080015a9   Thumb Code   128  advancedtimer.o(.text.HAL_TIM_IC_CaptureCallback)
    HAL_TIM_IRQHandler                       0x08001629   Thumb Code   362  stm32f4xx_hal_tim.o(.text.HAL_TIM_IRQHandler)
    HAL_TIM_OC_DelayElapsedCallback          0x08001795   Thumb Code     2  stm32f4xx_hal_tim.o(.text.HAL_TIM_OC_DelayElapsedCallback)
    HAL_TIM_PWM_PulseFinishedCallback        0x08001799   Thumb Code     2  stm32f4xx_hal_tim.o(.text.HAL_TIM_PWM_PulseFinishedCallback)
    HAL_TIM_PeriodElapsedCallback            0x0800179d   Thumb Code    32  timer.o(.text.HAL_TIM_PeriodElapsedCallback)
    HAL_TIM_ReadCapturedValue                0x080017bd   Thumb Code    52  stm32f4xx_hal_tim.o(.text.HAL_TIM_ReadCapturedValue)
    HAL_TIM_TriggerCallback                  0x080017f1   Thumb Code     2  stm32f4xx_hal_tim.o(.text.HAL_TIM_TriggerCallback)
    HAL_UART_Init                            0x080017f5   Thumb Code    94  stm32f4xx_hal_uart.o(.text.HAL_UART_Init)
    HAL_UART_MspInit                         0x08001855   Thumb Code   106  uart.o(.text.HAL_UART_MspInit)
    HAL_UART_Transmit                        0x080018c1   Thumb Code   194  stm32f4xx_hal_uart.o(.text.HAL_UART_Transmit)
    HAL_WWDG_EarlyWakeupCallback             0x08001985   Thumb Code    28  wwdg.o(.text.HAL_WWDG_EarlyWakeupCallback)
    HAL_WWDG_IRQHandler                      0x080019a1   Thumb Code    30  stm32f4xx_hal_wwdg.o(.text.HAL_WWDG_IRQHandler)
    HardFault_Handler                        0x080019c1   Thumb Code     2  stm32f4xx_it.o(.text.HardFault_Handler)
    LCD_Clear                                0x080019c5   Thumb Code    64  lcd.o(.text.LCD_Clear)
    LCD_DisplayOn                            0x08001a05   Thumb Code    50  lcd.o(.text.LCD_DisplayOn)
    LCD_GetXSize                             0x08001ed9   Thumb Code    28  lcd.o(.text.LCD_GetXSize)
    LCD_GetYSize                             0x08001ef5   Thumb Code    28  lcd.o(.text.LCD_GetYSize)
    LCD_Init                                 0x08001f11   Thumb Code   296  lcd.o(.text.LCD_Init)
    LCD_LayerInit                            0x08002039   Thumb Code   140  lcd.o(.text.LCD_LayerInit)
    LCD_SelectLayer                          0x080020c5   Thumb Code    12  lcd.o(.text.LCD_SelectLayer)
    LCD_SetBackColor                         0x080020d1   Thumb Code    30  lcd.o(.text.LCD_SetBackColor)
    LCD_SetColors                            0x080020f1   Thumb Code    16  lcd.o(.text.LCD_SetColors)
    LCD_SetFont                              0x08002101   Thumb Code    30  lcd.o(.text.LCD_SetFont)
    LCD_SetTextColor                         0x08002121   Thumb Code    28  lcd.o(.text.LCD_SetTextColor)
    LCD_SetTransparency                      0x0800213d   Thumb Code    18  lcd.o(.text.LCD_SetTransparency)
    MemManage_Handler                        0x08002319   Thumb Code     2  stm32f4xx_it.o(.text.MemManage_Handler)
    NMI_Handler                              0x0800231d   Thumb Code     2  stm32f4xx_it.o(.text.NMI_Handler)
    PendSV_Handler                           0x0800234d   Thumb Code     2  stm32f4xx_it.o(.text.PendSV_Handler)
    RTC_CLK_Config                           0x08002351   Thumb Code   160  rtc.o(.text.RTC_CLK_Config)
    RTC_EnterInitMode                        0x080023f1   Thumb Code    52  stm32f4xx_hal_rtc.o(.text.RTC_EnterInitMode)
    SDRAM_Init                               0x0800297d   Thumb Code   136  sdram.o(.text.SDRAM_Init)
    SVC_Handler                              0x08002abd   Thumb Code     2  stm32f4xx_it.o(.text.SVC_Handler)
    SysTick_Handler                          0x08002af1   Thumb Code    96  stm32f4xx_it.o(.text.SysTick_Handler)
    SystemClock_Config                       0x08002b51   Thumb Code   160  rcc.o(.text.SystemClock_Config)
    SystemInit                               0x08002bf1   Thumb Code    26  system_stm32f4xx.o(.text.SystemInit)
    TIM6_DAC_IRQHandler                      0x08002c0d   Thumb Code    16  timer.o(.text.TIM6_DAC_IRQHandler)
    TIM8_CC_IRQHandler                       0x08002c1d   Thumb Code    16  advancedtimer.o(.text.TIM8_CC_IRQHandler)
    USART1_IRQHandler                        0x08002dfd   Thumb Code    26  uart.o(.text.USART1_IRQHandler)
    UsageFault_Handler                       0x08002e19   Thumb Code     2  stm32f4xx_it.o(.text.UsageFault_Handler)
    WWDG_IRQHandler                          0x08002e1d   Thumb Code    16  wwdg.o(.text.WWDG_IRQHandler)
    beeperInit                               0x08002e81   Thumb Code    64  beeper.o(.text.beeperInit)
    fputc                                    0x08002ec1   Thumb Code    32  uart.o(.text.fputc)
    led_init                                 0x08002ee1   Thumb Code   112  led.o(.text.led_init)
    main                                     0x08002f51   Thumb Code    26  main.o(.text.main)
    uart1_init                               0x08002f6d   Thumb Code    78  uart.o(.text.uart1_init)
    __scatterload_copy                       0x08002fbb   Thumb Code    14  handlers.o(i.__scatterload_copy)
    __scatterload_null                       0x08002fc9   Thumb Code     2  handlers.o(i.__scatterload_null)
    __scatterload_zeroinit                   0x08002fcb   Thumb Code    14  handlers.o(i.__scatterload_zeroinit)
    puts                                     0x08002fd9   Thumb Code    30  puts.o(i.puts)
    AHBPrescTable                            0x08002ffc   Data          16  system_stm32f4xx.o(.rodata.AHBPrescTable)
    APBPrescTable                            0x0800300c   Data           8  system_stm32f4xx.o(.rodata.APBPrescTable)
    Font24_Table                             0x08003014   Data        6840  lcd.o(.rodata.Font24_Table)
    Region$$Table$$Base                      0x08004acc   Number         0  anon$$obj.o(Region$$Table)
    Region$$Table$$Limit                     0x08004aec   Number         0  anon$$obj.o(Region$$Table)
    __stdout                                 0x20000000   Data           4  stdout.o(.data)
    Font24                                   0x20000004   Data           8  lcd.o(.data.Font24)
    SystemCoreClock                          0x2000000c   Data           4  system_stm32f4xx.o(.data.SystemCoreClock)
    uwTickFreq                               0x20000010   Data           1  stm32f4xx_hal.o(.data.uwTickFreq)
    uwTickPrio                               0x20000014   Data           4  stm32f4xx_hal.o(.data.uwTickPrio)
    DutyCycle                                0x20000084   Data           4  advancedtimer.o(.bss.DutyCycle)
    Frequency                                0x20000088   Data           4  advancedtimer.o(.bss.Frequency)
    IC1Value                                 0x2000008c   Data           4  advancedtimer.o(.bss.IC1Value)
    IC2Value                                 0x20000090   Data           4  advancedtimer.o(.bss.IC2Value)
    Rtc_Handle                               0x2000013c   Data          32  rtc.o(.bss.Rtc_Handle)
    TIM_PWMINPUT_Handle                      0x2000015c   Data          64  advancedtimer.o(.bss.TIM_PWMINPUT_Handle)
    TIM_TimeBaseStructure                    0x2000019c   Data          64  timer.o(.bss.TIM_TimeBaseStructure)
    UartHandle                               0x200001dc   Data          64  uart.o(.bss.UartHandle)
    WWDG_Handle                              0x2000021c   Data          20  wwdg.o(.bss.WWDG_Handle)
    debug                                    0x20000230   Data           4  stm32f4xx_hal_rcc.o(.bss.debug)
    delay                                    0x20000234   Data           1  stm32f4xx_it.o(.bss.delay)
    delay_cnt                                0x20000235   Data           1  stm32f4xx_it.o(.bss.delay_cnt)
    hsdram1                                  0x20000238   Data          52  sdram.o(.bss.hsdram1)
    shortBeep                                0x2000026c   Data           1  stm32f4xx_it.o(.bss.shortBeep)
    shortBeep_cnt                            0x2000026d   Data           1  stm32f4xx_it.o(.bss.shortBeep_cnt)
    uwTick                                   0x20000270   Data           4  stm32f4xx_hal.o(.bss.uwTick)
    __initial_sp                             0x20000678   Data           0  startup_stm32f429xx.o(STACK)



==============================================================================

Memory Map of the image

  Image Entry point : 0x080001ad

  Load Region LR_IROM1 (Base: 0x08000000, Size: 0x00004b08, Max: 0x00100000, ABSOLUTE)

    Execution Region ER_IROM1 (Exec base: 0x08000000, Load base: 0x08000000, Size: 0x00004aec, Max: 0x00100000, ABSOLUTE)

    Exec Addr    Load Addr    Size         Type   Attr      Idx    E Section Name        Object

    0x08000000   0x08000000   0x000001ac   Data   RO            3    RESET               startup_stm32f429xx.o
    0x080001ac   0x080001ac   0x00000000   Code   RO         2522  * .ARM.Collect$$$$00000000  mc_w.l(entry.o)
    0x080001ac   0x080001ac   0x00000004   Code   RO         2794    .ARM.Collect$$$$00000001  mc_w.l(entry2.o)
    0x080001b0   0x080001b0   0x00000004   Code   RO         2797    .ARM.Collect$$$$00000004  mc_w.l(entry5.o)
    0x080001b4   0x080001b4   0x00000000   Code   RO         2799    .ARM.Collect$$$$00000008  mc_w.l(entry7b.o)
    0x080001b4   0x080001b4   0x00000000   Code   RO         2801    .ARM.Collect$$$$0000000A  mc_w.l(entry8b.o)
    0x080001b4   0x080001b4   0x00000008   Code   RO         2802    .ARM.Collect$$$$0000000B  mc_w.l(entry9a.o)
    0x080001bc   0x080001bc   0x00000000   Code   RO         2804    .ARM.Collect$$$$0000000D  mc_w.l(entry10a.o)
    0x080001bc   0x080001bc   0x00000000   Code   RO         2806    .ARM.Collect$$$$0000000F  mc_w.l(entry11a.o)
    0x080001bc   0x080001bc   0x00000004   Code   RO         2795    .ARM.Collect$$$$00002712  mc_w.l(entry2.o)
    0x080001c0   0x080001c0   0x00000024   Code   RO            4    .text               startup_stm32f429xx.o
    0x080001e4   0x080001e4   0x00000062   Code   RO         2529    .text               mc_w.l(uldiv.o)
    0x08000246   0x08000246   0x00000024   Code   RO         2531    .text               mc_w.l(memseta.o)
    0x0800026a   0x0800026a   0x0000001e   Code   RO         2811    .text               mc_w.l(llshl.o)
    0x08000288   0x08000288   0x00000020   Code   RO         2813    .text               mc_w.l(llushr.o)
    0x080002a8   0x080002a8   0x00000024   Code   RO         2826    .text               mc_w.l(init.o)
    0x080002cc   0x080002cc   0x00000002   Code   RO         1879    .text.BusFault_Handler  stm32f4xx_it.o
    0x080002ce   0x080002ce   0x00000002   PAD
    0x080002d0   0x080002d0   0x000000ac   Code   RO         1152    .text.DMA2D_SetConfig  stm32f4xx_hal_dma2d.o
    0x0800037c   0x0800037c   0x00000002   Code   RO         1885    .text.DebugMon_Handler  stm32f4xx_it.o
    0x0800037e   0x0800037e   0x00000002   PAD
    0x08000380   0x08000380   0x00000026   Code   RO         1925    .text.EXTI0_IRQHandler  exti.o
    0x080003a6   0x080003a6   0x00000002   PAD
    0x080003a8   0x080003a8   0x00000028   Code   RO         1927    .text.EXTI15_10_IRQHandler  exti.o
    0x080003d0   0x080003d0   0x00000086   Code   RO          934    .text.FMC_SDRAM_Init  stm32f4xx_ll_fmc.o
    0x08000456   0x08000456   0x00000002   PAD
    0x08000458   0x08000458   0x0000000e   Code   RO          946    .text.FMC_SDRAM_ProgramRefreshRate  stm32f4xx_ll_fmc.o
    0x08000466   0x08000466   0x00000002   PAD
    0x08000468   0x08000468   0x0000005e   Code   RO          944    .text.FMC_SDRAM_SendCommand  stm32f4xx_ll_fmc.o
    0x080004c6   0x080004c6   0x00000002   PAD
    0x080004c8   0x080004c8   0x000000de   Code   RO          936    .text.FMC_SDRAM_Timing_Init  stm32f4xx_ll_fmc.o
    0x080005a6   0x080005a6   0x00000002   PAD
    0x080005a8   0x080005a8   0x00000096   Code   RO         1186    .text.HAL_DMA2D_ConfigLayer  stm32f4xx_hal_dma2d.o
    0x0800063e   0x0800063e   0x00000002   PAD
    0x08000640   0x08000640   0x00000056   Code   RO         1138    .text.HAL_DMA2D_Init  stm32f4xx_hal_dma2d.o
    0x08000696   0x08000696   0x00000002   PAD
    0x08000698   0x08000698   0x00000002   Code   RO         1140    .text.HAL_DMA2D_MspInit  stm32f4xx_hal_dma2d.o
    0x0800069a   0x0800069a   0x00000002   PAD
    0x0800069c   0x0800069c   0x00000134   Code   RO         1178    .text.HAL_DMA2D_PollForTransfer  stm32f4xx_hal_dma2d.o
    0x080007d0   0x080007d0   0x0000003a   Code   RO         1150    .text.HAL_DMA2D_Start  stm32f4xx_hal_dma2d.o
    0x0800080a   0x0800080a   0x00000002   PAD
    0x0800080c   0x0800080c   0x00000194   Code   RO           26    .text.HAL_GPIO_Init  stm32f4xx_hal_gpio.o
    0x080009a0   0x080009a0   0x0000000a   Code   RO           32    .text.HAL_GPIO_WritePin  stm32f4xx_hal_gpio.o
    0x080009aa   0x080009aa   0x00000002   PAD
    0x080009ac   0x080009ac   0x0000000c   Code   RO           62    .text.HAL_GetTick   stm32f4xx_hal.o
    0x080009b8   0x080009b8   0x0000001a   Code   RO           60    .text.HAL_IncTick   stm32f4xx_hal.o
    0x080009d2   0x080009d2   0x00000002   PAD
    0x080009d4   0x080009d4   0x00000050   Code   RO           52    .text.HAL_InitTick  stm32f4xx_hal.o
    0x08000a24   0x08000a24   0x00000076   Code   RO         1066    .text.HAL_LTDC_ConfigLayer  stm32f4xx_hal_ltdc.o
    0x08000a9a   0x08000a9a   0x00000002   PAD
    0x08000a9c   0x08000a9c   0x000000e4   Code   RO         1050    .text.HAL_LTDC_Init  stm32f4xx_hal_ltdc.o
    0x08000b80   0x08000b80   0x00000002   Code   RO         1052    .text.HAL_LTDC_MspInit  stm32f4xx_hal_ltdc.o
    0x08000b82   0x08000b82   0x00000002   PAD
    0x08000b84   0x08000b84   0x00000040   Code   RO         1092    .text.HAL_LTDC_SetAlpha  stm32f4xx_hal_ltdc.o
    0x08000bc4   0x08000bc4   0x00000008   Code   RO          131    .text.HAL_NVIC_EnableIRQ  stm32f4xx_hal_cortex.o
    0x08000bcc   0x08000bcc   0x0000001e   Code   RO          123    .text.HAL_NVIC_SetPriority  stm32f4xx_hal_cortex.o
    0x08000bea   0x08000bea   0x00000002   PAD
    0x08000bec   0x08000bec   0x0000007a   Code   RO          240    .text.HAL_PWREx_EnableOverDrive  stm32f4xx_hal_pwr_ex.o
    0x08000c66   0x08000c66   0x00000002   PAD
    0x08000c68   0x08000c68   0x0000000c   Code   RO          756    .text.HAL_PWR_EnableBkUpAccess  stm32f4xx_hal_pwr.o
    0x08000c74   0x08000c74   0x00000246   Code   RO          874    .text.HAL_RCCEx_PeriphCLKConfig  stm32f4xx_hal_rcc_ex.o
    0x08000eba   0x08000eba   0x00000002   PAD
    0x08000ebc   0x08000ebc   0x00000172   Code   RO          195    .text.HAL_RCC_ClockConfig  stm32f4xx_hal_rcc.o
    0x0800102e   0x0800102e   0x00000002   PAD
    0x08001030   0x08001030   0x0000000c   Code   RO          205    .text.HAL_RCC_GetHCLKFreq  stm32f4xx_hal_rcc.o
    0x0800103c   0x0800103c   0x00000022   Code   RO          207    .text.HAL_RCC_GetPCLK1Freq  stm32f4xx_hal_rcc.o
    0x0800105e   0x0800105e   0x00000002   PAD
    0x08001060   0x08001060   0x00000022   Code   RO          209    .text.HAL_RCC_GetPCLK2Freq  stm32f4xx_hal_rcc.o
    0x08001082   0x08001082   0x00000002   PAD
    0x08001084   0x08001084   0x00000068   Code   RO          197    .text.HAL_RCC_GetSysClockFreq  stm32f4xx_hal_rcc.o
    0x080010ec   0x080010ec   0x00000334   Code   RO          193    .text.HAL_RCC_OscConfig  stm32f4xx_hal_rcc.o
    0x08001420   0x08001420   0x000000a0   Code   RO          706    .text.HAL_RTC_Init  stm32f4xx_hal_rtc.o
    0x080014c0   0x080014c0   0x00000002   Code   RO          708    .text.HAL_RTC_MspInit  stm32f4xx_hal_rtc.o
    0x080014c2   0x080014c2   0x00000002   PAD
    0x080014c4   0x080014c4   0x00000030   Code   RO          712    .text.HAL_RTC_WaitForSynchro  stm32f4xx_hal_rtc.o
    0x080014f4   0x080014f4   0x00000042   Code   RO          960    .text.HAL_SDRAM_Init  stm32f4xx_hal_sdram.o
    0x08001536   0x08001536   0x00000002   PAD
    0x08001538   0x08001538   0x00000002   Code   RO          962    .text.HAL_SDRAM_MspInit  stm32f4xx_hal_sdram.o
    0x0800153a   0x0800153a   0x00000002   PAD
    0x0800153c   0x0800153c   0x00000026   Code   RO          998    .text.HAL_SDRAM_ProgramRefreshRate  stm32f4xx_hal_sdram.o
    0x08001562   0x08001562   0x00000002   PAD
    0x08001564   0x08001564   0x00000032   Code   RO          996    .text.HAL_SDRAM_SendCommand  stm32f4xx_hal_sdram.o
    0x08001596   0x08001596   0x00000002   PAD
    0x08001598   0x08001598   0x00000008   Code   RO          143    .text.HAL_SYSTICK_Config  stm32f4xx_hal_cortex.o
    0x080015a0   0x080015a0   0x00000002   Code   RO         1618    .text.HAL_TIMEx_BreakCallback  stm32f4xx_hal_tim_ex.o
    0x080015a2   0x080015a2   0x00000002   PAD
    0x080015a4   0x080015a4   0x00000002   Code   RO         1614    .text.HAL_TIMEx_CommutCallback  stm32f4xx_hal_tim_ex.o
    0x080015a6   0x080015a6   0x00000002   PAD
    0x080015a8   0x080015a8   0x00000080   Code   RO         2242    .text.HAL_TIM_IC_CaptureCallback  advancedtimer.o
    0x08001628   0x08001628   0x0000016a   Code   RO         1442    .text.HAL_TIM_IRQHandler  stm32f4xx_hal_tim.o
    0x08001792   0x08001792   0x00000002   PAD
    0x08001794   0x08001794   0x00000002   Code   RO         1446    .text.HAL_TIM_OC_DelayElapsedCallback  stm32f4xx_hal_tim.o
    0x08001796   0x08001796   0x00000002   PAD
    0x08001798   0x08001798   0x00000002   Code   RO         1448    .text.HAL_TIM_PWM_PulseFinishedCallback  stm32f4xx_hal_tim.o
    0x0800179a   0x0800179a   0x00000002   PAD
    0x0800179c   0x0800179c   0x00000020   Code   RO         2215    .text.HAL_TIM_PeriodElapsedCallback  timer.o
    0x080017bc   0x080017bc   0x00000034   Code   RO         1512    .text.HAL_TIM_ReadCapturedValue  stm32f4xx_hal_tim.o
    0x080017f0   0x080017f0   0x00000002   Code   RO         1452    .text.HAL_TIM_TriggerCallback  stm32f4xx_hal_tim.o
    0x080017f2   0x080017f2   0x00000002   PAD
    0x080017f4   0x080017f4   0x0000005e   Code   RO          254    .text.HAL_UART_Init  stm32f4xx_hal_uart.o
    0x08001852   0x08001852   0x00000002   PAD
    0x08001854   0x08001854   0x0000006a   Code   RO         1938    .text.HAL_UART_MspInit  uart.o
    0x080018be   0x080018be   0x00000002   PAD
    0x080018c0   0x080018c0   0x000000c2   Code   RO          270    .text.HAL_UART_Transmit  stm32f4xx_hal_uart.o
    0x08001982   0x08001982   0x00000002   PAD
    0x08001984   0x08001984   0x0000001c   Code   RO         2287    .text.HAL_WWDG_EarlyWakeupCallback  wwdg.o
    0x080019a0   0x080019a0   0x0000001e   Code   RO         1648    .text.HAL_WWDG_IRQHandler  stm32f4xx_hal_wwdg.o
    0x080019be   0x080019be   0x00000002   PAD
    0x080019c0   0x080019c0   0x00000002   Code   RO         1875    .text.HardFault_Handler  stm32f4xx_it.o
    0x080019c2   0x080019c2   0x00000002   PAD
    0x080019c4   0x080019c4   0x00000040   Code   RO         2103    .text.LCD_Clear     lcd.o
    0x08001a04   0x08001a04   0x00000032   Code   RO         2099    .text.LCD_DisplayOn  lcd.o
    0x08001a36   0x08001a36   0x00000002   PAD
    0x08001a38   0x08001a38   0x0000049e   Code   RO         2089    .text.LCD_GPIO_Config  lcd.o
    0x08001ed6   0x08001ed6   0x00000002   PAD
    0x08001ed8   0x08001ed8   0x0000001c   Code   RO         2095    .text.LCD_GetXSize  lcd.o
    0x08001ef4   0x08001ef4   0x0000001c   Code   RO         2097    .text.LCD_GetYSize  lcd.o
    0x08001f10   0x08001f10   0x00000128   Code   RO         2087    .text.LCD_Init      lcd.o
    0x08002038   0x08002038   0x0000008c   Code   RO         2093    .text.LCD_LayerInit  lcd.o
    0x080020c4   0x080020c4   0x0000000c   Code   RO         2101    .text.LCD_SelectLayer  lcd.o
    0x080020d0   0x080020d0   0x0000001e   Code   RO         2123    .text.LCD_SetBackColor  lcd.o
    0x080020ee   0x080020ee   0x00000002   PAD
    0x080020f0   0x080020f0   0x00000010   Code   RO         2107    .text.LCD_SetColors  lcd.o
    0x08002100   0x08002100   0x0000001e   Code   RO         2091    .text.LCD_SetFont   lcd.o
    0x0800211e   0x0800211e   0x00000002   PAD
    0x08002120   0x08002120   0x0000001c   Code   RO         2119    .text.LCD_SetTextColor  lcd.o
    0x0800213c   0x0800213c   0x00000012   Code   RO         2105    .text.LCD_SetTransparency  lcd.o
    0x0800214e   0x0800214e   0x00000002   PAD
    0x08002150   0x08002150   0x0000008e   Code   RO         2131    .text.LL_FillBuffer  lcd.o
    0x080021de   0x080021de   0x00000002   PAD
    0x080021e0   0x080021e0   0x00000138   Code   RO         1068    .text.LTDC_SetConfig  stm32f4xx_hal_ltdc.o
    0x08002318   0x08002318   0x00000002   Code   RO         1877    .text.MemManage_Handler  stm32f4xx_it.o
    0x0800231a   0x0800231a   0x00000002   PAD
    0x0800231c   0x0800231c   0x00000002   Code   RO         1873    .text.NMI_Handler   stm32f4xx_it.o
    0x0800231e   0x0800231e   0x00000002   PAD
    0x08002320   0x08002320   0x0000002c   Code   RO          129    .text.NVIC_EncodePriority  stm32f4xx_hal_cortex.o
    0x0800234c   0x0800234c   0x00000002   Code   RO         1887    .text.PendSV_Handler  stm32f4xx_it.o
    0x0800234e   0x0800234e   0x00000002   PAD
    0x08002350   0x08002350   0x000000a0   Code   RO         2038    .text.RTC_CLK_Config  rtc.o
    0x080023f0   0x080023f0   0x00000034   Code   RO          710    .text.RTC_EnterInitMode  stm32f4xx_hal_rtc.o
    0x08002424   0x08002424   0x00000558   Code   RO         2056    .text.SDRAM_GPIO_Config  sdram.o
    0x0800297c   0x0800297c   0x00000088   Code   RO         2054    .text.SDRAM_Init    sdram.o
    0x08002a04   0x08002a04   0x0000008c   Code   RO         2058    .text.SDRAM_InitSequence  sdram.o
    0x08002a90   0x08002a90   0x0000002c   Code   RO         2066    .text.SDRAM_delay   sdram.o
    0x08002abc   0x08002abc   0x00000002   Code   RO         1883    .text.SVC_Handler   stm32f4xx_it.o
    0x08002abe   0x08002abe   0x00000002   PAD
    0x08002ac0   0x08002ac0   0x0000002e   Code   RO          145    .text.SysTick_Config  stm32f4xx_hal_cortex.o
    0x08002aee   0x08002aee   0x00000002   PAD
    0x08002af0   0x08002af0   0x00000060   Code   RO         1889    .text.SysTick_Handler  stm32f4xx_it.o
    0x08002b50   0x08002b50   0x000000a0   Code   RO         2079    .text.SystemClock_Config  rcc.o
    0x08002bf0   0x08002bf0   0x0000001a   Code   RO           11    .text.SystemInit    system_stm32f4xx.o
    0x08002c0a   0x08002c0a   0x00000002   PAD
    0x08002c0c   0x08002c0c   0x00000010   Code   RO         2213    .text.TIM6_DAC_IRQHandler  timer.o
    0x08002c1c   0x08002c1c   0x00000010   Code   RO         2244    .text.TIM8_CC_IRQHandler  advancedtimer.o
    0x08002c2c   0x08002c2c   0x0000016c   Code   RO          258    .text.UART_SetConfig  stm32f4xx_hal_uart.o
    0x08002d98   0x08002d98   0x00000064   Code   RO          272    .text.UART_WaitOnFlagUntilTimeout  stm32f4xx_hal_uart.o
    0x08002dfc   0x08002dfc   0x0000001a   Code   RO         1942    .text.USART1_IRQHandler  uart.o
    0x08002e16   0x08002e16   0x00000002   PAD
    0x08002e18   0x08002e18   0x00000002   Code   RO         1881    .text.UsageFault_Handler  stm32f4xx_it.o
    0x08002e1a   0x08002e1a   0x00000002   PAD
    0x08002e1c   0x08002e1c   0x00000010   Code   RO         2285    .text.WWDG_IRQHandler  wwdg.o
    0x08002e2c   0x08002e2c   0x00000020   Code   RO          133    .text.__NVIC_EnableIRQ  stm32f4xx_hal_cortex.o
    0x08002e4c   0x08002e4c   0x00000010   Code   RO          125    .text.__NVIC_GetPriorityGrouping  stm32f4xx_hal_cortex.o
    0x08002e5c   0x08002e5c   0x00000022   Code   RO          127    .text.__NVIC_SetPriority  stm32f4xx_hal_cortex.o
    0x08002e7e   0x08002e7e   0x00000002   PAD
    0x08002e80   0x08002e80   0x00000040   Code   RO         2260    .text.beeperInit    beeper.o
    0x08002ec0   0x08002ec0   0x00000020   Code   RO         1944    .text.fputc         uart.o
    0x08002ee0   0x08002ee0   0x00000070   Code   RO         1902    .text.led_init      led.o
    0x08002f50   0x08002f50   0x0000001a   Code   RO         1860    .text.main          main.o
    0x08002f6a   0x08002f6a   0x00000002   PAD
    0x08002f6c   0x08002f6c   0x0000004e   Code   RO         1936    .text.uart1_init    uart.o
    0x08002fba   0x08002fba   0x0000000e   Code   RO         2834    i.__scatterload_copy  mc_w.l(handlers.o)
    0x08002fc8   0x08002fc8   0x00000002   Code   RO         2835    i.__scatterload_null  mc_w.l(handlers.o)
    0x08002fca   0x08002fca   0x0000000e   Code   RO         2836    i.__scatterload_zeroinit  mc_w.l(handlers.o)
    0x08002fd8   0x08002fd8   0x00000024   Code   RO         2525    i.puts              mc_w.l(puts.o)
    0x08002ffc   0x08002ffc   0x00000010   Data   RO           16    .rodata.AHBPrescTable  system_stm32f4xx.o
    0x0800300c   0x0800300c   0x00000008   Data   RO           17    .rodata.APBPrescTable  system_stm32f4xx.o
    0x08003014   0x08003014   0x00001ab8   Data   RO         2171    .rodata.Font24_Table  lcd.o
    0x08004acc   0x08004acc   0x00000020   Data   RO         2833    Region$$Table       anon$$obj.o


    Execution Region RW_IRAM1 (Exec base: 0x20000000, Load base: 0x08004af0, Size: 0x00000678, Max: 0x00030000, ABSOLUTE)

    Exec Addr    Load Addr    Size         Type   Attr      Idx    E Section Name        Object

    0x20000000   0x08004af0   0x00000004   Data   RW         2808    .data               mc_w.l(stdout.o)
    0x20000004   0x08004af4   0x00000008   Data   RW         2172    .data.Font24        lcd.o
    0x2000000c   0x08004afc   0x00000004   Data   RW           15    .data.SystemCoreClock  system_stm32f4xx.o
    0x20000010   0x08004b00   0x00000001   Data   RW          109    .data.uwTickFreq    stm32f4xx_hal.o
    0x20000011   0x08004b01   0x00000003   PAD
    0x20000014   0x08004b04   0x00000004   Data   RW          108    .data.uwTickPrio    stm32f4xx_hal.o
    0x20000018        -       0x00000004   Zero   RW         2183    .bss.ActiveLayer    lcd.o
    0x2000001c        -       0x00000010   Zero   RW         2069    .bss.Command        sdram.o
    0x2000002c        -       0x00000040   Zero   RW         2187    .bss.Dma2d_Handler  lcd.o
    0x2000006c        -       0x00000018   Zero   RW         2184    .bss.DrawProp       lcd.o
    0x20000084        -       0x00000004   Zero   RW         2249    .bss.DutyCycle      advancedtimer.o
    0x20000088        -       0x00000004   Zero   RW         2250    .bss.Frequency      advancedtimer.o
    0x2000008c        -       0x00000004   Zero   RW         2247    .bss.IC1Value       advancedtimer.o
    0x20000090        -       0x00000004   Zero   RW         2248    .bss.IC2Value       advancedtimer.o
    0x20000094        -       0x000000a8   Zero   RW         2182    .bss.Ltdc_Handler   lcd.o
    0x2000013c        -       0x00000020   Zero   RW         2044    .bss.Rtc_Handle     rtc.o
    0x2000015c        -       0x00000040   Zero   RW         2246    .bss.TIM_PWMINPUT_Handle  advancedtimer.o
    0x2000019c        -       0x00000040   Zero   RW         2223    .bss.TIM_TimeBaseStructure  timer.o
    0x200001dc        -       0x00000040   Zero   RW         1948    .bss.UartHandle     uart.o
    0x2000021c        -       0x00000014   Zero   RW         2291    .bss.WWDG_Handle    wwdg.o
    0x20000230        -       0x00000004   Zero   RW          219    .bss.debug          stm32f4xx_hal_rcc.o
    0x20000234        -       0x00000001   Zero   RW         1893    .bss.delay          stm32f4xx_it.o
    0x20000235        -       0x00000001   Zero   RW         1894    .bss.delay_cnt      stm32f4xx_it.o
    0x20000236   0x08004b08   0x00000002   PAD
    0x20000238        -       0x00000034   Zero   RW         2068    .bss.hsdram1        sdram.o
    0x2000026c        -       0x00000001   Zero   RW         1891    .bss.shortBeep      stm32f4xx_it.o
    0x2000026d        -       0x00000001   Zero   RW         1892    .bss.shortBeep_cnt  stm32f4xx_it.o
    0x2000026e   0x08004b08   0x00000002   PAD
    0x20000270        -       0x00000004   Zero   RW          110    .bss.uwTick         stm32f4xx_hal.o
    0x20000274   0x08004b08   0x00000004   PAD
    0x20000278        -       0x00000400   Zero   RW            1    STACK               startup_stm32f429xx.o


==============================================================================

Image component sizes


      Code (inc. data)   RO Data    RW Data    ZI Data      Debug   Object Name

       144          4          0          0         80       8420   advancedtimer.o
        64          0          0          0          0       2032   beeper.o
        78          0          0          0          0       4533   exti.o
      2064          0       6840          8        260      24821   lcd.o
       112          0          0          0          0       2057   led.o
        26          0          0          0          0        898   main.o
       160          0          0          0          0       2491   rcc.o
       160         24          0          0         32       4979   rtc.o
      1688          0          0          0         68       8184   sdram.o
        36          8        428          0       1024        964   startup_stm32f429xx.o
       118          0          0          5          4       7774   stm32f4xx_hal.o
       218          0          0          0          0      10573   stm32f4xx_hal_cortex.o
       776          4          0          0          0      12949   stm32f4xx_hal_dma2d.o
       414          0          0          0          0       5208   stm32f4xx_hal_gpio.o
       724         32          0          0          0      14070   stm32f4xx_hal_ltdc.o
        12          0          0          0          0       4560   stm32f4xx_hal_pwr.o
       122          0          0          0          0       4613   stm32f4xx_hal_pwr_ex.o
      1374          0          0          0          4       7386   stm32f4xx_hal_rcc.o
       582          0          0          0          0       5647   stm32f4xx_hal_rcc_ex.o
       262          0          0          0          0       9975   stm32f4xx_hal_rtc.o
       156          0          0          0          0       9662   stm32f4xx_hal_sdram.o
       420          4          0          0          0      36266   stm32f4xx_hal_tim.o
         4          0          0          0          0      14373   stm32f4xx_hal_tim_ex.o
       752          0          0          0          0      17276   stm32f4xx_hal_uart.o
        30          0          0          0          0       2050   stm32f4xx_hal_wwdg.o
       112          0          0          0          4       2006   stm32f4xx_it.o
       464          0          0          0          0      11757   stm32f4xx_ll_fmc.o
        26          0         24          4          0       2842   system_stm32f4xx.o
        48          0          0          0         64       6926   timer.o
       242          0          0          0         64       7652   uart.o
        44          0          0          0         20       4923   wwdg.o

    ----------------------------------------------------------------------
     11538         76       7324         20       1632     257867   Object Totals
         0          0         32          0          0          0   (incl. Generated)
       106          0          0          3          8          0   (incl. Padding)

    ----------------------------------------------------------------------

      Code (inc. data)   RO Data    RW Data    ZI Data      Debug   Library Member Name

         0          0          0          0          0          0   entry.o
         0          0          0          0          0          0   entry10a.o
         0          0          0          0          0          0   entry11a.o
         8          4          0          0          0          0   entry2.o
         4          0          0          0          0          0   entry5.o
         0          0          0          0          0          0   entry7b.o
         0          0          0          0          0          0   entry8b.o
         8          4          0          0          0          0   entry9a.o
        30          0          0          0          0          0   handlers.o
        36          8          0          0          0         68   init.o
        30          0          0          0          0         68   llshl.o
        32          0          0          0          0         68   llushr.o
        36          0          0          0          0        108   memseta.o
        36          6          0          0          0         80   puts.o
         0          0          0          4          0          0   stdout.o
        98          0          0          0          0         92   uldiv.o

    ----------------------------------------------------------------------
       318         22          0          4          0        484   Library Totals
         0          0          0          0          0          0   (incl. Padding)

    ----------------------------------------------------------------------

      Code (inc. data)   RO Data    RW Data    ZI Data      Debug   Library Name

       318         22          0          4          0        484   mc_w.l

    ----------------------------------------------------------------------
       318         22          0          4          0        484   Library Totals

    ----------------------------------------------------------------------

==============================================================================


      Code (inc. data)   RO Data    RW Data    ZI Data      Debug   

     11856         98       7324         24       1632     257935   Grand Totals
     11856         98       7324         24       1632     257935   ELF Image Totals
     11856         98       7324         24          0          0   ROM Totals

==============================================================================

    Total RO  Size (Code + RO Data)                19180 (  18.73kB)
    Total RW  Size (RW Data + ZI Data)              1656 (   1.62kB)
    Total ROM Size (Code + RO Data + RW Data)      19204 (  18.75kB)

==============================================================================

