Component: ARM Compiler 5.06 update 6 (build 750) Tool: armlink [4d35ed]

==============================================================================

Section Cross References

    startup_stm32f429xx.o(RESET) refers to startup_stm32f429xx.o(STACK) for __initial_sp
    startup_stm32f429xx.o(RESET) refers to startup_stm32f429xx.o(.text) for Reset_Handler
    startup_stm32f429xx.o(RESET) refers to stm32f4xx_it.o(i.NMI_Handler) for NMI_Handler
    startup_stm32f429xx.o(RESET) refers to stm32f4xx_it.o(i.HardFault_Handler) for HardFault_Handler
    startup_stm32f429xx.o(RESET) refers to stm32f4xx_it.o(i.MemManage_Handler) for MemManage_Handler
    startup_stm32f429xx.o(RESET) refers to stm32f4xx_it.o(i.BusFault_Handler) for BusFault_Handler
    startup_stm32f429xx.o(RESET) refers to stm32f4xx_it.o(i.UsageFault_Handler) for UsageFault_Handler
    startup_stm32f429xx.o(RESET) refers to stm32f4xx_it.o(i.SVC_Handler) for SVC_Handler
    startup_stm32f429xx.o(RESET) refers to stm32f4xx_it.o(i.DebugMon_Handler) for DebugMon_Handler
    startup_stm32f429xx.o(RESET) refers to stm32f4xx_it.o(i.PendSV_Handler) for PendSV_Handler
    startup_stm32f429xx.o(RESET) refers to stm32f4xx_it.o(i.SysTick_Handler) for SysTick_Handler
    startup_stm32f429xx.o(RESET) refers to wwdg.o(i.WWDG_IRQHandler) for WWDG_IRQHandler
    startup_stm32f429xx.o(RESET) refers to exti.o(i.EXTI0_IRQHandler) for EXTI0_IRQHandler
    startup_stm32f429xx.o(RESET) refers to uart.o(i.USART1_IRQHandler) for USART1_IRQHandler
    startup_stm32f429xx.o(RESET) refers to exti.o(i.EXTI15_10_IRQHandler) for EXTI15_10_IRQHandler
    startup_stm32f429xx.o(RESET) refers to advancedtimer.o(i.TIM8_CC_IRQHandler) for TIM8_CC_IRQHandler
    startup_stm32f429xx.o(RESET) refers to timer.o(i.TIM6_DAC_IRQHandler) for TIM6_DAC_IRQHandler
    startup_stm32f429xx.o(RESET) refers to stm32f4xx_it.o(i.LTDC_IRQHandler) for LTDC_IRQHandler
    startup_stm32f429xx.o(RESET) refers to stm32f4xx_it.o(i.DMA2D_IRQHandler) for DMA2D_IRQHandler
    startup_stm32f429xx.o(.text) refers to system_stm32f4xx.o(i.SystemInit) for SystemInit
    startup_stm32f429xx.o(.text) refers to entry.o(.ARM.Collect$$$$00000000) for __main
    system_stm32f4xx.o(i.SystemCoreClockUpdate) refers to system_stm32f4xx.o(.data) for SystemCoreClock
    system_stm32f4xx.o(i.SystemCoreClockUpdate) refers to system_stm32f4xx.o(.constdata) for AHBPrescTable
    stm32f4xx_hal_gpio.o(i.HAL_GPIO_EXTI_IRQHandler) refers to stm32f4xx_hal_gpio.o(i.HAL_GPIO_EXTI_Callback) for HAL_GPIO_EXTI_Callback
    stm32f4xx_hal.o(i.HAL_DeInit) refers to stm32f4xx_hal.o(i.HAL_MspDeInit) for HAL_MspDeInit
    stm32f4xx_hal.o(i.HAL_Delay) refers to stm32f4xx_hal.o(i.HAL_GetTick) for HAL_GetTick
    stm32f4xx_hal.o(i.HAL_Delay) refers to stm32f4xx_hal.o(.data) for uwTickFreq
    stm32f4xx_hal.o(i.HAL_GetTick) refers to stm32f4xx_hal.o(.data) for uwTick
    stm32f4xx_hal.o(i.HAL_GetTickFreq) refers to stm32f4xx_hal.o(.data) for uwTickFreq
    stm32f4xx_hal.o(i.HAL_GetTickPrio) refers to stm32f4xx_hal.o(.data) for uwTickPrio
    stm32f4xx_hal.o(i.HAL_IncTick) refers to stm32f4xx_hal.o(.data) for uwTick
    stm32f4xx_hal.o(i.HAL_Init) refers to stm32f4xx_hal_cortex.o(i.HAL_NVIC_SetPriorityGrouping) for HAL_NVIC_SetPriorityGrouping
    stm32f4xx_hal.o(i.HAL_Init) refers to stm32f4xx_hal.o(i.HAL_InitTick) for HAL_InitTick
    stm32f4xx_hal.o(i.HAL_Init) refers to stm32f4xx_hal.o(i.HAL_MspInit) for HAL_MspInit
    stm32f4xx_hal.o(i.HAL_InitTick) refers to stm32f4xx_hal_cortex.o(i.HAL_SYSTICK_Config) for HAL_SYSTICK_Config
    stm32f4xx_hal.o(i.HAL_InitTick) refers to stm32f4xx_hal_cortex.o(i.HAL_NVIC_SetPriority) for HAL_NVIC_SetPriority
    stm32f4xx_hal.o(i.HAL_InitTick) refers to stm32f4xx_hal.o(.data) for uwTickFreq
    stm32f4xx_hal.o(i.HAL_InitTick) refers to system_stm32f4xx.o(.data) for SystemCoreClock
    stm32f4xx_hal.o(i.HAL_SetTickFreq) refers to stm32f4xx_hal.o(i.HAL_InitTick) for HAL_InitTick
    stm32f4xx_hal.o(i.HAL_SetTickFreq) refers to stm32f4xx_hal.o(.data) for uwTickFreq
    stm32f4xx_hal_cortex.o(i.HAL_NVIC_GetPriorityGrouping) refers to stm32f4xx_hal_cortex.o(i.__NVIC_GetPriorityGrouping) for __NVIC_GetPriorityGrouping
    stm32f4xx_hal_cortex.o(i.HAL_NVIC_SetPriority) refers to stm32f4xx_hal_cortex.o(i.__NVIC_GetPriorityGrouping) for __NVIC_GetPriorityGrouping
    stm32f4xx_hal_cortex.o(i.HAL_NVIC_SetPriority) refers to stm32f4xx_hal_cortex.o(i.__NVIC_SetPriority) for __NVIC_SetPriority
    stm32f4xx_hal_cortex.o(i.HAL_SYSTICK_Config) refers to stm32f4xx_hal_cortex.o(i.__NVIC_SetPriority) for __NVIC_SetPriority
    stm32f4xx_hal_cortex.o(i.HAL_SYSTICK_IRQHandler) refers to stm32f4xx_hal_cortex.o(i.HAL_SYSTICK_Callback) for HAL_SYSTICK_Callback
    stm32f4xx_hal_rcc.o(i.HAL_RCC_ClockConfig) refers to stm32f4xx_hal.o(i.HAL_GetTick) for HAL_GetTick
    stm32f4xx_hal_rcc.o(i.HAL_RCC_ClockConfig) refers to stm32f4xx_hal_rcc.o(i.HAL_RCC_GetSysClockFreq) for HAL_RCC_GetSysClockFreq
[...]
    0x080001ac   0x080001ac   0x00000000   Code   RO         8678  * .ARM.Collect$$$$00000000  mc_w.l(entry.o)
    0x080001ac   0x080001ac   0x00000004   Code   RO         8962    .ARM.Collect$$$$00000001  mc_w.l(entry2.o)
    0x080001b0   0x080001b0   0x00000004   Code   RO         8965    .ARM.Collect$$$$00000004  mc_w.l(entry5.o)
    0x080001b4   0x080001b4   0x00000000   Code   RO         8967    .ARM.Collect$$$$00000008  mc_w.l(entry7b.o)
    0x080001b4   0x080001b4   0x00000000   Code   RO         8969    .ARM.Collect$$$$0000000A  mc_w.l(entry8b.o)
    0x080001b4   0x080001b4   0x00000008   Code   RO         8970    .ARM.Collect$$$$0000000B  mc_w.l(entry9a.o)
    0x080001bc   0x080001bc   0x00000000   Code   RO         8972    .ARM.Collect$$$$0000000D  mc_w.l(entry10a.o)
    0x080001bc   0x080001bc   0x00000000   Code   RO         8974    .ARM.Collect$$$$0000000F  mc_w.l(entry11a.o)
    0x080001bc   0x080001bc   0x00000004   Code   RO         8963    .ARM.Collect$$$$00002712  mc_w.l(entry2.o)
    0x080001c0   0x080001c0   0x00000024   Code   RO            4    .text               startup_stm32f429xx.o
    0x080001e4   0x080001e4   0x00000062   Code   RO         8681    .text               mc_w.l(uldiv.o)
    0x08000246   0x08000246   0x00000042   Code   RO         8687    .text               mc_w.l(memmove.o)
    0x08000288   0x08000288   0x00000024   Code   RO         8691    .text               mc_w.l(memseta.o)
    0x080002ac   0x080002ac   0x0000001e   Code   RO         8979    .text               mc_w.l(llshl.o)
    0x080002ca   0x080002ca   0x00000020   Code   RO         8981    .text               mc_w.l(llushr.o)
    0x080002ea   0x080002ea   0x00000002   PAD
    0x080002ec   0x080002ec   0x00000024   Code   RO         8994    .text               mc_w.l(init.o)
    0x08000310   0x08000310   0x00000044   Code   RO         7685    .text.GL_SetDefault  STemWin_CM4_wc16_ot_ARGB.a(GUI_Common.o)
    0x08000354   0x08000354   0x0000000c   Code   RO         7533    .text.GUICC_M1555I_SetCustColorConv  STemWin_CM4_wc16_ot_ARGB.a(GUICC_M1555I.o)
    0x08000360   0x08000360   0x0000000c   Code   RO         7543    .text.GUICC_M4444I_SetCustColorConv  STemWin_CM4_wc16_ot_ARGB.a(GUICC_M4444I.o)
    0x0800036c   0x0800036c   0x0000000c   Code   RO         7562    .text.GUICC_M565_SetCustColorConv  STemWin_CM4_wc16_ot_ARGB.a(GUICC_M565.o)
    0x08000378   0x08000378   0x00000004   Code   RO         7552    .text.GUICC_M8888I_SetCustColorConv  STemWin_CM4_wc16_ot_ARGB.a(GUICC_M8888I.o)
    0x0800037c   0x0800037c   0x00000004   Code   RO         7571    .text.GUICC_M888_SetCustColorConv  STemWin_CM4_wc16_ot_ARGB.a(GUICC_M888.o)
    0x08000380   0x08000380   0x00000148   Code   RO         8416    .text.GUIMONO_DispChar  STemWin_CM4_wc16_ot_ARGB.a(GUI_CharM.o)
    0x080004c8   0x080004c8   0x00000018   Code   RO         8417    .text.GUIMONO_GetCharDistX  STemWin_CM4_wc16_ot_ARGB.a(GUI_CharM.o)
    0x080004e0   0x080004e0   0x00000008   Code   RO         8418    .text.GUIMONO_GetFontInfo  STemWin_CM4_wc16_ot_ARGB.a(GUI_CharM.o)
    0x080004e8   0x080004e8   0x00000038   Code   RO         8419    .text.GUIMONO_IsInFont  STemWin_CM4_wc16_ot_ARGB.a(GUI_CharM.o)
    0x08000520   0x08000520   0x00000104   Code   RO         8032    .text.GUIPROP_DispChar  STemWin_CM4_wc16_ot_ARGB.a(GUI_CharP.o)
    0x08000624   0x08000624   0x0000004c   Code   RO         8033    .text.GUIPROP_GetCharDistX  STemWin_CM4_wc16_ot_ARGB.a(GUI_CharP.o)
    0x08000670   0x08000670   0x00000008   Code   RO         8034    .text.GUIPROP_GetFontInfo  STemWin_CM4_wc16_ot_ARGB.a(GUI_CharP.o)
    0x08000678   0x08000678   0x0000001c   Code   RO         8035    .text.GUIPROP_IsInFont  STemWin_CM4_wc16_ot_ARGB.a(GUI_CharP.o)
    0x08000694   0x08000694   0x00000008   Code   RO         7584    .text.GUI_ALLOC_AllocNoInit  STemWin_CM4_wc16_ot_ARGB.a(GUI_Alloc.o)
    0x0800069c   0x0800069c   0x00000070   Code   RO         7607    .text.GUI_ALLOC_AllocZero  STemWin_CM4_wc16_ot_ARGB.a(GUI_Alloc.o)
    0x0800070c   0x0800070c   0x00000010   Code   RO         7599    .text.GUI_ALLOC_AssignMemory  STemWin_CM4_wc16_ot_ARGB.a(GUI_Alloc.o)
    0x0800071c   0x0800071c   0x00000034   Code   RO         7602    .text.GUI_ALLOC_Free  STemWin_CM4_wc16_ot_ARGB.a(GUI_Alloc.o)
    0x08000750   0x08000750   0x00000014   Code   RO         7582    .text.GUI_ALLOC_FreeFixedBlock  STemWin_CM4_wc16_ot_ARGB.a(GUI_Alloc.o)
    0x08000764   0x08000764   0x00000230   Code   RO         7583    .text.GUI_ALLOC_GetFixedBlock  STemWin_CM4_wc16_ot_ARGB.a(GUI_Alloc.o)
    0x08000994   0x08000994   0x00000134   Code   RO         7595    .text.GUI_ALLOC_GetMaxSize  STemWin_CM4_wc16_ot_ARGB.a(GUI_Alloc.o)
    0x08000ac8   0x08000ac8   0x00000024   Code   RO         7586    .text.GUI_ALLOC_LockH  STemWin_CM4_wc16_ot_ARGB.a(GUI_Alloc.o)
    0x08000aec   0x08000aec   0x00000160   Code   RO         7596    .text.GUI_ALLOC_RequestSize  STemWin_CM4_wc16_ot_ARGB.a(GUI_Alloc.o)
    0x08000c4c   0x08000c4c   0x00000034   Code   RO         7587    .text.GUI_ALLOC_UnlockH  STemWin_CM4_wc16_ot_ARGB.a(GUI_Alloc.o)
    0x08000c80   0x08000c80   0x00000014   Code   RO         7585    .text.GUI_ALLOC_h2p  STemWin_CM4_wc16_ot_ARGB.a(GUI_Alloc.o)
    0x08000c94   0x08000c94   0x0000010c   Code   RO         7733    .text.GUI_CURSOR_SelectEx  STemWin_CM4_wc16_ot_ARGB.a(GUI_Cursor.o)
    0x08000da0   0x08000da0   0x00000054   Code   RO         7742    .text.GUI_CURSOR_Show  STemWin_CM4_wc16_ot_ARGB.a(GUI_Cursor.o)
    0x08000df4   0x08000df4   0x00000050   Code   RO         7622    .text.GUI_CalcColorDist  STemWin_CM4_wc16_ot_ARGB.a(GUI_Common.o)
    0x08000e44   0x08000e44   0x00000074   Code   RO         7712    .text.GUI_Clear     STemWin_CM4_wc16_ot_ARGB.a(GUI_Core.o)
    0x08000eb8   0x08000eb8   0x00000024   Code   RO         7722    .text.GUI_DCACHE_Clear  STemWin_CM4_wc16_ot_ARGB.a(GUI_Core.o)
    0x08000edc   0x08000edc   0x00000050   Code   RO         7753    .text.GUI_DEVICE_Create  STemWin_CM4_wc16_ot_ARGB.a(GUI_Device.o)
    0x08000f2c   0x08000f2c   0x00000130   Code   RO         7756    .text.GUI_DEVICE_CreateAndLink  STemWin_CM4_wc16_ot_ARGB.a(GUI_Device.o)
    0x0800105c   0x0800105c   0x00000004   Code   RO         7752    .text.GUI_DEVICE_Delete  STemWin_CM4_wc16_ot_ARGB.a(GUI_Device.o)
    0x08001060   0x08001060   0x00000098   Code   RO         7755    .text.GUI_DEVICE_Link  STemWin_CM4_wc16_ot_ARGB.a(GUI_Device.o)
    0x080010f8   0x080010f8   0x00000044   Code   RO         7754    .text.GUI_DEVICE_Unlink  STemWin_CM4_wc16_ot_ARGB.a(GUI_Device.o)
    0x0800113c   0x0800113c   0x0000002c   Code   RO         7751    .text.GUI_DEVICE__GetpDriver  STemWin_CM4_wc16_ot_ARGB.a(GUI_Device.o)
    0x08001168   0x08001168   0x00000030   Code   RO         7813    .text.GUI_Delay     STemWin_CM4_wc16_ot_ARGB.a(GUI_Time.o)
    0x08001198   0x08001198   0x00000008   Code   RO         7764    .text.GUI_DispString  STemWin_CM4_wc16_ot_ARGB.a(GUI_DispString.o)
    0x080011a0   0x080011a0   0x00000120   Code   RO         7762    .text.GUI_DispString.part.0  STemWin_CM4_wc16_ot_ARGB.a(GUI_DispString.o)
    0x080012c0   0x080012c0   0x000000f8   Code   RO         8057    .text.GUI_DrawBitmap  STemWin_CM4_wc16_ot_ARGB.a(GUI_DrawBitmap.o)
    0x080013b8   0x080013b8   0x0000005c   Code   RO         7656    .text.GUI_Exec      STemWin_CM4_wc16_ot_ARGB.a(GUI_Common.o)
    0x08001414   0x08001414   0x000000a8   Code   RO         7658    .text.GUI_GetBitmapPixelIndex  STemWin_CM4_wc16_ot_ARGB.a(GUI_Common.o)
    0x080014bc   0x080014bc   0x000000b8   Code   RO         7657    .text.GUI_GetBitmapPixelIndexEx  STemWin_CM4_wc16_ot_ARGB.a(GUI_Common.o)
    0x08001574   0x08001574   0x00000014   Code   RO         7888    .text.GUI_GetBitsPerPixelEx  STemWin_CM4_wc16_ot_ARGB.a(LCD_GetEx.o)
    0x08001588   0x08001588   0x00000010   Code   RO         7634    .text.GUI_GetBkColor  STemWin_CM4_wc16_ot_ARGB.a(GUI_Common.o)
    0x08001598   0x08001598   0x00000010   Code   RO         8017    .text.GUI_GetCharDistX  STemWin_CM4_wc16_ot_ARGB.a(GUI_Char.o)
    0x080015a8   0x080015a8   0x00000010   Code   RO         8018    .text.GUI_GetCharDistXEx  STemWin_CM4_wc16_ot_ARGB.a(GUI_Char.o)
    0x080015b8   0x080015b8   0x00000010   Code   RO         7636    .text.GUI_GetColor  STemWin_CM4_wc16_ot_ARGB.a(GUI_Common.o)
    0x080015c8   0x080015c8   0x00000014   Code   RO         7799    .text.GUI_GetCursorLayer  STemWin_CM4_wc16_ot_ARGB.a(GUI_SelectLayer.o)
    0x080015dc   0x080015dc   0x0000000c   Code   RO         7639    .text.GUI_GetDrawMode  STemWin_CM4_wc16_ot_ARGB.a(GUI_Common.o)
    0x080015e8   0x080015e8   0x00000010   Code   RO         8016    .text.GUI_GetFontDistY  STemWin_CM4_wc16_ot_ARGB.a(GUI_Char.o)
    0x080015f8   0x080015f8   0x00000014   Code   RO         7800    .text.GUI_GetLayerPosEx  STemWin_CM4_wc16_ot_ARGB.a(GUI_SelectLayer.o)
    0x0800160c   0x0800160c   0x0000001c   Code   RO         7645    .text.GUI_GetOrg    STemWin_CM4_wc16_ot_ARGB.a(GUI_Common.o)
    0x08001628   0x08001628   0x00000018   Code   RO         7649    .text.GUI_GetVersionString  STemWin_CM4_wc16_ot_ARGB.a(GUI_Common.o)
    0x08001640   0x08001640   0x00000030   Code   RO         8015    .text.GUI_GetYAdjust  STemWin_CM4_wc16_ot_ARGB.a(GUI_Char.o)
    0x08001670   0x08001670   0x00000010   Code   RO         7895    .text.GUI_GetpfColor2IndexEx  STemWin_CM4_wc16_ot_ARGB.a(LCD_GetEx.o)
    0x08001680   0x08001680   0x00000010   Code   RO         7893    .text.GUI_GetpfIndex2ColorEx  STemWin_CM4_wc16_ot_ARGB.a(LCD_GetEx.o)
    0x08001690   0x08001690   0x00000010   Code   RO         7662    .text.GUI_GotoXY    STemWin_CM4_wc16_ot_ARGB.a(GUI_Common.o)
    0x080016a0   0x080016a0   0x000000f8   Code   RO         7714    .text.GUI_Init      STemWin_CM4_wc16_ot_ARGB.a(GUI_Core.o)
    0x08001798   0x08001798   0x00000048   Code   RO         8609    .text.GUI_MEMDEV_Clear  STemWin_CM4_wc16_ot_ARGB.a(GUIDEV_Clear.o)
    0x080017e0   0x080017e0   0x00000010   Code   RO         8488    .text.GUI_MEMDEV_CopyToLCD  STemWin_CM4_wc16_ot_ARGB.a(GUIDEV.o)
    0x080017f0   0x080017f0   0x000000f8   Code   RO         8479    .text.GUI_MEMDEV_CopyToLCDAt.part.0  STemWin_CM4_wc16_ot_ARGB.a(GUIDEV.o)
    0x080018e8   0x080018e8   0x00000088   Code   RO         8484    .text.GUI_MEMDEV_CreateEx  STemWin_CM4_wc16_ot_ARGB.a(GUIDEV.o)
    0x08001970   0x08001970   0x0000004c   Code   RO         8483    .text.GUI_MEMDEV_Delete  STemWin_CM4_wc16_ot_ARGB.a(GUIDEV.o)
    0x080019bc   0x080019bc   0x00000168   Code   RO         8494    .text.GUI_MEMDEV_Draw  STemWin_CM4_wc16_ot_ARGB.a(GUIDEV_Banding.o)
    0x08001b24   0x08001b24   0x00000034   Code   RO         8482    .text.GUI_MEMDEV_GetBitsPerPixel  STemWin_CM4_wc16_ot_ARGB.a(GUIDEV.o)
    0x08001b58   0x08001b58   0x00000024   Code   RO         8618    .text.GUI_MEMDEV_GetDataPtr  STemWin_CM4_wc16_ot_ARGB.a(GUIDEV_GetDataPtr.o)
    0x08001b7c   0x08001b7c   0x00000038   Code   RO         8631    .text.GUI_MEMDEV_GetYSize  STemWin_CM4_wc16_ot_ARGB.a(GUIDEV_GetYSize.o)
    0x08001bb4   0x08001bb4   0x00000198   Code   RO         8500    .text.GUI_MEMDEV_Paint1Static  STemWin_CM4_wc16_ot_ARGB.a(GUIDEV_StaticDevices.o)
    0x08001d4c   0x08001d4c   0x00000034   Code   RO         8635    .text.GUI_MEMDEV_ReduceYSize  STemWin_CM4_wc16_ot_ARGB.a(GUIDEV_ReduceYSize.o)
    0x08001d80   0x08001d80   0x00000054   Code   RO         8486    .text.GUI_MEMDEV_Select  STemWin_CM4_wc16_ot_ARGB.a(GUIDEV.o)
    0x08001dd4   0x08001dd4   0x00000068   Code   RO         8639    .text.GUI_MEMDEV_SetOrg  STemWin_CM4_wc16_ot_ARGB.a(GUIDEV_SetOrg.o)
    0x08001e3c   0x08001e3c   0x0000005c   Code   RO         8654    .text.GUI_MEMDEV_Write  STemWin_CM4_wc16_ot_ARGB.a(GUIDEV_Write.o)
    0x08001e98   0x08001e98   0x00000138   Code   RO         8481    .text.GUI_MEMDEV__CreateFixed  STemWin_CM4_wc16_ot_ARGB.a(GUIDEV.o)
    0x08001fd0   0x08001fd0   0x00000180   Code   RO         8516    .text.GUI_MEMDEV__WriteToActiveAlpha  STemWin_CM4_wc16_ot_ARGB.a(GUIDEV_WriteToActiveAlpha.o)
    0x08002150   0x08002150   0x0000003c   Code   RO         8480    .text.GUI_MEMDEV__WriteToActiveAt  STemWin_CM4_wc16_ot_ARGB.a(GUIDEV.o)
    0x0800218c   0x0800218c   0x0000097c   Code   RO         8660    .text.GUI_MEMDEV__WriteToActiveOpaque  STemWin_CM4_wc16_ot_ARGB.a(GUIDEV_WriteToActiveOpaque.o)
    0x08002b08   0x08002b08   0x0000006c   Code   RO         7780    .text.GUI_MULTIBUF_BeginEx  STemWin_CM4_wc16_ot_ARGB.a(GUI_MULTIBUF.o)
    0x08002b74   0x08002b74   0x00000040   Code   RO         7787    .text.GUI_MULTIBUF_ConfigEx  STemWin_CM4_wc16_ot_ARGB.a(GUI_MULTIBUF.o)
    0x08002bb4   0x08002bb4   0x0000002c   Code   RO         7786    .text.GUI_MULTIBUF_ConfirmEx  STemWin_CM4_wc16_ot_ARGB.a(GUI_MULTIBUF.o)
    0x08002be0   0x08002be0   0x00000064   Code   RO         7781    .text.GUI_MULTIBUF_EndEx  STemWin_CM4_wc16_ot_ARGB.a(GUI_MULTIBUF.o)
    0x08002c44   0x08002c44   0x0000005c   Code   RO         7653    .text.GUI_MergeRect  STemWin_CM4_wc16_ot_ARGB.a(GUI_Common.o)
    0x08002ca0   0x08002ca0   0x00000024   Code   RO         7654    .text.GUI_MoveRect  STemWin_CM4_wc16_ot_ARGB.a(GUI_Common.o)
    0x08002cc4   0x08002cc4   0x00000030   Code   RO         8065    .text.GUI_PollKeyMsg  STemWin_CM4_wc16_ot_ARGB.a(GUI_OnKey.o)
    0x08002cf4   0x08002cf4   0x00000060   Code   RO         8214    .text.GUI_ReadRectEx  STemWin_CM4_wc16_ot_ARGB.a(LCD_ReadRect.o)
    0x08002d54   0x08002d54   0x0000003c   Code   RO         7670    .text.GUI_RectsIntersect  STemWin_CM4_wc16_ot_ARGB.a(GUI_Common.o)
    0x08002d90   0x08002d90   0x00000014   Code   RO         7672    .text.GUI_RestoreContext  STemWin_CM4_wc16_ot_ARGB.a(GUI_Common.o)
    0x08002da4   0x08002da4   0x00000054   Code   RO         8096    .text.GUI_SPRITE_Delete  STemWin_CM4_wc16_ot_ARGB.a(GUI_SPRITE.o)
    0x08002df8   0x08002df8   0x00000064   Code   RO         8101    .text.GUI_SPRITE_Show  STemWin_CM4_wc16_ot_ARGB.a(GUI_SPRITE.o)
    0x08002e5c   0x08002e5c   0x000000e0   Code   RO         8090    .text.GUI_SPRITE__CreateEx  STemWin_CM4_wc16_ot_ARGB.a(GUI_SPRITE.o)
    0x08002f3c   0x08002f3c   0x00000014   Code   RO         7671    .text.GUI_SaveContext_W  STemWin_CM4_wc16_ot_ARGB.a(GUI_Common.o)
    0x08002f50   0x08002f50   0x00000014   Code   RO         7677    .text.GUI_SelectLCD  STemWin_CM4_wc16_ot_ARGB.a(GUI_Common.o)
    0x08002f64   0x08002f64   0x00000034   Code   RO         7802    .text.GUI_SelectLayer  STemWin_CM4_wc16_ot_ARGB.a(GUI_SelectLayer.o)
    0x08002f98   0x08002f98   0x00000004   Code   RO         7679    .text.GUI_SetBkColor  STemWin_CM4_wc16_ot_ARGB.a(GUI_Common.o)
    0x08002f9c   0x08002f9c   0x00000004   Code   RO         7680    .text.GUI_SetColor  STemWin_CM4_wc16_ot_ARGB.a(GUI_Common.o)
    0x08002fa0   0x08002fa0   0x00000004   Code   RO         7687    .text.GUI_SetDrawMode  STemWin_CM4_wc16_ot_ARGB.a(GUI_Common.o)
    0x08002fa4   0x08002fa4   0x00000014   Code   RO         7688    .text.GUI_SetFont   STemWin_CM4_wc16_ot_ARGB.a(GUI_Common.o)
    0x08002fb8   0x08002fb8   0x00000010   Code   RO         7824    .text.GUI_SetFuncAlphaBlending  STemWin_CM4_wc16_ot_ARGB.a(GUI__Alpha.o)
    0x08002fc8   0x08002fc8   0x0000000c   Code   RO         7703    .text.GUI_SetFuncGetpPalConvTable  STemWin_CM4_wc16_ot_ARGB.a(GUI_Core.o)
    0x08002fd4   0x08002fd4   0x00000010   Code   RO         7825    .text.GUI_SetFuncMixColors  STemWin_CM4_wc16_ot_ARGB.a(GUI__Alpha.o)
    0x08002fe4   0x08002fe4   0x00000010   Code   RO         7826    .text.GUI_SetFuncMixColorsBulk  STemWin_CM4_wc16_ot_ARGB.a(GUI__Alpha.o)
    0x08002ff4   0x08002ff4   0x00000004   Code   RO         7805    .text.GUI_SetLayerSizeEx  STemWin_CM4_wc16_ot_ARGB.a(GUI_SelectLayer.o)
    0x08002ff8   0x08002ff8   0x00000004   Code   RO         7806    .text.GUI_SetLayerVisEx  STemWin_CM4_wc16_ot_ARGB.a(GUI_SelectLayer.o)
    0x08002ffc   0x08002ffc   0x00000038   Code   RO         7691    .text.GUI_SetOrg    STemWin_CM4_wc16_ot_ARGB.a(GUI_Common.o)
    0x08003034   0x08003034   0x00000010   Code   RO         8140    .text.GUI_SignalEvent  STemWin_CM4_wc16_ot_ARGB.a(GUI_WaitEvent.o)
    0x08003044   0x08003044   0x00000010   Code   RO         8062    .text.GUI_StoreKey  STemWin_CM4_wc16_ot_ARGB.a(GUI_OnKey.o)
    0x08003054   0x08003054   0x000000c4   Code   RO         8432    .text.GUI_TIMER_Delete  STemWin_CM4_wc16_ot_ARGB.a(GUI_Timer.o)
    0x08003118   0x08003118   0x00000030   Code   RO         8438    .text.GUI_TIMER_GetFlag  STemWin_CM4_wc16_ot_ARGB.a(GUI_Timer.o)
    0x08003148   0x08003148   0x00000030   Code   RO         8429    .text.GUI_TIMER__GetFirstTimer  STemWin_CM4_wc16_ot_ARGB.a(GUI_Timer.o)
    0x08003178   0x08003178   0x00000040   Code   RO         8430    .text.GUI_TIMER__GetNextTimerLin  STemWin_CM4_wc16_ot_ARGB.a(GUI_Timer.o)
    0x080031b8   0x080031b8   0x00000028   Code   RO         8121    .text.GUI_UC__GetCharCodeInc  STemWin_CM4_wc16_ot_ARGB.a(GUI_UC.o)
    0x080031e0   0x080031e0   0x00000028   Code   RO         8122    .text.GUI_UC__NumChars2NumBytes  STemWin_CM4_wc16_ot_ARGB.a(GUI_UC.o)
    0x08003208   0x08003208   0x00000024   Code   RO         8511    .text.GUI_USAGE_AddRect  STemWin_CM4_wc16_ot_ARGB.a(GUIDEV_Usage.o)
    0x0800322c   0x0800322c   0x00000074   Code   RO         8647    .text.GUI_USAGE_BM_AddHLine  STemWin_CM4_wc16_ot_ARGB.a(GUIDEV_UsageBM.o)
    0x080032a0   0x080032a0   0x00000030   Code   RO         8643    .text.GUI_USAGE_BM_AddPixel  STemWin_CM4_wc16_ot_ARGB.a(GUIDEV_UsageBM.o)
    0x080032d0   0x080032d0   0x00000014   Code   RO         8646    .text.GUI_USAGE_BM_Clear  STemWin_CM4_wc16_ot_ARGB.a(GUIDEV_UsageBM.o)
    0x080032e4   0x080032e4   0x00000058   Code   RO         8648    .text.GUI_USAGE_BM_Create  STemWin_CM4_wc16_ot_ARGB.a(GUIDEV_UsageBM.o)
    0x0800333c   0x0800333c   0x000000c4   Code   RO         8644    .text.GUI_USAGE_BM_GetNextDirty  STemWin_CM4_wc16_ot_ARGB.a(GUIDEV_UsageBM.o)
    0x08003400   0x08003400   0x0000002c   Code   RO         8510    .text.GUI_USAGE_DecUseCnt  STemWin_CM4_wc16_ot_ARGB.a(GUIDEV_Usage.o)
    0x0800342c   0x0800342c   0x0000009c   Code   RO         7822    .text.GUI__AllocAlphaBuffer  STemWin_CM4_wc16_ot_ARGB.a(GUI__Alpha.o)
    0x080034c8   0x080034c8   0x0000002c   Code   RO         8604    .text.GUI__AlphaPreserveTrans  STemWin_CM4_wc16_ot_ARGB.a(GUI_SetAlpha.o)
    0x080034f4   0x080034f4   0x00000190   Code   RO         8442    .text.GUI__CompactPixelIndices  STemWin_CM4_wc16_ot_ARGB.a(GUI__CompactPixelIndices.o)
    0x08003684   0x08003684   0x0000018c   Code   RO         8444    .text.GUI__CompactPixelIndicesEx  STemWin_CM4_wc16_ot_ARGB.a(GUI__CompactPixelIndices.o)
    0x08003810   0x08003810   0x0000007c   Code   RO         7713    .text.GUI__Config   STemWin_CM4_wc16_ot_ARGB.a(GUI_Core.o)
    0x0800388c   0x0800388c   0x000000b4   Code   RO         8027    .text.GUI__DispLine  STemWin_CM4_wc16_ot_ARGB.a(GUI_CharLine.o)
    0x08003940   0x08003940   0x00000280   Code   RO         7820    .text.GUI__DoAlphaBlending  STemWin_CM4_wc16_ot_ARGB.a(GUI__Alpha.o)
    0x08003bc0   0x08003bc0   0x00000198   Code   RO         8150    .text.GUI__ExpandPixelIndicesEx  STemWin_CM4_wc16_ot_ARGB.a(GUI__ExpandPixelIndices.o)
    0x08003d58   0x08003d58   0x00000084   Code   RO         8026    .text.GUI__GetLineDistX  STemWin_CM4_wc16_ot_ARGB.a(GUI_CharLine.o)
    0x08003ddc   0x08003ddc   0x00000054   Code   RO         8024    .text.GUI__GetLineNumChars  STemWin_CM4_wc16_ot_ARGB.a(GUI_CharLine.o)
    0x08003e30   0x08003e30   0x0000003c   Code   RO         8159    .text.GUI__IntersectRect  STemWin_CM4_wc16_ot_ARGB.a(GUI__Private.o)
    0x08003e6c   0x08003e6c   0x00000058   Code   RO         8160    .text.GUI__IntersectRects  STemWin_CM4_wc16_ot_ARGB.a(GUI__Private.o)
    0x08003ec4   0x08003ec4   0x000000f4   Code   RO         8450    .text.GUI__ManageCache  STemWin_CM4_wc16_ot_ARGB.a(GUI__ManageCache.o)
    0x08003fb8   0x08003fb8   0x00000058   Code   RO         7818    .text.GUI__MixColors  STemWin_CM4_wc16_ot_ARGB.a(GUI__Alpha.o)
    0x08004010   0x08004010   0x00000094   Code   RO         7817    .text.GUI__MixColorsBulk  STemWin_CM4_wc16_ot_ARGB.a(GUI__Alpha.o)
    0x080040a4   0x080040a4   0x00000028   Code   RO         7716    .text.GUI__RegisterExit  STemWin_CM4_wc16_ot_ARGB.a(GUI_Core.o)
    0x080040cc   0x080040cc   0x00000084   Code   RO         8162    .text.GUI__memset   STemWin_CM4_wc16_ot_ARGB.a(GUI__Private.o)
    0x08004150   0x08004150   0x00000048   Code   RO         8459    .text.LCD_AA_MixColors16  STemWin_CM4_wc16_ot_ARGB.a(LCD_AA.o)
    0x08004198   0x08004198   0x00000010   Code   RO         8462    .text.LCD_AA_SetOrMask  STemWin_CM4_wc16_ot_ARGB.a(LCD_AA.o)
    0x080041a8   0x080041a8   0x0000001c   Code   RO         7843    .text.LCD_Color2Index  STemWin_CM4_wc16_ot_ARGB.a(LCD.o)
    0x080041c4   0x080041c4   0x0000006c   Code   RO         7512    .text.LCD_Color2Index_8666  STemWin_CM4_wc16_ot_ARGB.a(GUICC_8666.o)
    0x08004230   0x08004230   0x0000030c   Code   RO         7840    .text.LCD_DrawBitmap  STemWin_CM4_wc16_ot_ARGB.a(LCD.o)
    0x0800453c   0x0800453c   0x00000054   Code   RO         7836    .text.LCD_DrawHLine  STemWin_CM4_wc16_ot_ARGB.a(LCD.o)
    0x08004590   0x08004590   0x0000006c   Code   RO         7835    .text.LCD_DrawPixel  STemWin_CM4_wc16_ot_ARGB.a(LCD.o)
    0x080045fc   0x080045fc   0x00000060   Code   RO         7838    .text.LCD_FillRect  STemWin_CM4_wc16_ot_ARGB.a(LCD.o)
    0x0800465c   0x0800465c   0x00000020   Code   RO         7870    .text.LCD_GetBitsPerPixelEx  STemWin_CM4_wc16_ot_ARGB.a(LCD_GetEx.o)
    0x0800467c   0x0800467c   0x00000010   Code   RO         8195    .text.LCD_GetBkColorIndex  STemWin_CM4_wc16_ot_ARGB.a(LCD_GetColorIndex.o)
    0x0800468c   0x0800468c   0x00000010   Code   RO         8196    .text.LCD_GetColorIndex  STemWin_CM4_wc16_ot_ARGB.a(LCD_GetColorIndex.o)
    0x0800469c   0x0800469c   0x00000014   Code   RO         7889    .text.LCD_GetDevFunc  STemWin_CM4_wc16_ot_ARGB.a(LCD_GetEx.o)
    0x080046b0   0x080046b0   0x00000020   Code   RO         7874    .text.LCD_GetMirrorXEx  STemWin_CM4_wc16_ot_ARGB.a(LCD_GetEx.o)
    0x080046d0   0x080046d0   0x00000020   Code   RO         7875    .text.LCD_GetMirrorYEx  STemWin_CM4_wc16_ot_ARGB.a(LCD_GetEx.o)
    0x080046f0   0x080046f0   0x0000002c   Code   RO         7882    .text.LCD_GetNumColors  STemWin_CM4_wc16_ot_ARGB.a(LCD_GetEx.o)
    0x0800471c   0x0800471c   0x00000020   Code   RO         7871    .text.LCD_GetNumColorsEx  STemWin_CM4_wc16_ot_ARGB.a(LCD_GetEx.o)
    0x0800473c   0x0800473c   0x00000020   Code   RO         8200    .text.LCD_GetNumLayers  STemWin_CM4_wc16_ot_ARGB.a(LCD_GetNumDisplays.o)
    0x0800475c   0x0800475c   0x00000020   Code   RO         7891    .text.LCD_GetPalette  STemWin_CM4_wc16_ot_ARGB.a(LCD_GetEx.o)
    0x0800477c   0x0800477c   0x00000034   Code   RO         7909    .text.LCD_GetPosEx  STemWin_CM4_wc16_ot_ARGB.a(LCD_Set.o)
    0x080047b0   0x080047b0   0x00000020   Code   RO         7876    .text.LCD_GetSwapXYEx  STemWin_CM4_wc16_ot_ARGB.a(LCD_GetEx.o)
    0x080047d0   0x080047d0   0x00000020   Code   RO         7868    .text.LCD_GetVXSizeEx  STemWin_CM4_wc16_ot_ARGB.a(LCD_GetEx.o)
    0x080047f0   0x080047f0   0x00000034   Code   RO         7898    .text.LCD_GetVXSizeMax  STemWin_CM4_wc16_ot_ARGB.a(LCD_GetEx.o)
    0x08004824   0x08004824   0x00000020   Code   RO         7869    .text.LCD_GetVYSizeEx  STemWin_CM4_wc16_ot_ARGB.a(LCD_GetEx.o)
    0x08004844   0x08004844   0x0000002c   Code   RO         7877    .text.LCD_GetXSize  STemWin_CM4_wc16_ot_ARGB.a(LCD_GetEx.o)
    0x08004870   0x08004870   0x0000000c   Code   RO         7902    .text.LCD_GetXSizeDisplay  STemWin_CM4_wc16_ot_ARGB.a(LCD_GetEx.o)
    0x0800487c   0x0800487c   0x00000020   Code   RO         7866    .text.LCD_GetXSizeEx  STemWin_CM4_wc16_ot_ARGB.a(LCD_GetEx.o)
    0x0800489c   0x0800489c   0x00000034   Code   RO         7896    .text.LCD_GetXSizeMax  STemWin_CM4_wc16_ot_ARGB.a(LCD_GetEx.o)
    0x080048d0   0x080048d0   0x0000002c   Code   RO         7878    .text.LCD_GetYSize  STemWin_CM4_wc16_ot_ARGB.a(LCD_GetEx.o)
    0x080048fc   0x080048fc   0x0000000c   Code   RO         7903    .text.LCD_GetYSizeDisplay  STemWin_CM4_wc16_ot_ARGB.a(LCD_GetEx.o)
    0x08004908   0x08004908   0x00000020   Code   RO         7867    .text.LCD_GetYSizeEx  STemWin_CM4_wc16_ot_ARGB.a(LCD_GetEx.o)
    0x08004928   0x08004928   0x00000034   Code   RO         7897    .text.LCD_GetYSizeMax  STemWin_CM4_wc16_ot_ARGB.a(LCD_GetEx.o)
    0x0800495c   0x0800495c   0x00000074   Code   RO         7858    .text.LCD_GetpPalConvTable  STemWin_CM4_wc16_ot_ARGB.a(LCD_Color.o)
    0x080049d0   0x080049d0   0x00000074   Code   RO         7859    .text.LCD_GetpPalConvTableBM  STemWin_CM4_wc16_ot_ARGB.a(LCD_Color.o)
    0x08004a44   0x08004a44   0x0000001c   Code   RO         7844    .text.LCD_Index2Color  STemWin_CM4_wc16_ot_ARGB.a(LCD.o)
    0x08004a60   0x08004a60   0x00000084   Code   RO         7514    .text.LCD_Index2Color_8666  STemWin_CM4_wc16_ot_ARGB.a(GUICC_8666.o)
    0x08004ae4   0x08004ae4   0x00000034   Code   RO         7557    .text.LCD_Index2Color_M565  STemWin_CM4_wc16_ot_ARGB.a(GUICC_M565.o)
    0x08004b18   0x08004b18   0x00000008   Code   RO         8009    .text.LCD_Index2Color_M888  STemWin_CM4_wc16_ot_ARGB.a(GUICC_M888_Index2Color.o)
    0x08004b20   0x08004b20   0x00000004   Code   RO         8005    .text.LCD_Index2Color_M8888I  STemWin_CM4_wc16_ot_ARGB.a(GUICC_M8888I_Index2Color.o)
    0x08004b24   0x08004b24   0x00000040   Code   RO         7856    .text.LCD_InitColors  STemWin_CM4_wc16_ot_ARGB.a(LCD_Color.o)
    0x08004b64   0x08004b64   0x00000080   Code   RO         7860    .text.LCD_InitLUT   STemWin_CM4_wc16_ot_ARGB.a(LCD_Color.o)
    0x08004be4   0x08004be4   0x000001f4   Code   RO         8213    .text.LCD_ReadRectEx  STemWin_CM4_wc16_ot_ARGB.a(LCD_ReadRect.o)
    0x08004dd8   0x08004dd8   0x00000044   Code   RO         8241    .text.LCD_SelectLCD  STemWin_CM4_wc16_ot_ARGB.a(LCD_SelectLCD.o)
    0x08004e1c   0x08004e1c   0x0000000c   Code   RO         7847    .text.LCD_SetBkColor  STemWin_CM4_wc16_ot_ARGB.a(LCD.o)
    0x08004e28   0x08004e28   0x00000018   Code   RO         7846    .text.LCD_SetBkColorIndex  STemWin_CM4_wc16_ot_ARGB.a(LCD.o)
    0x08004e40   0x08004e40   0x00000034   Code   RO         8475    .text.LCD_SetClipRectEx  STemWin_CM4_wc16_ot_ARGB.a(LCD_SetClipRectEx.o)
    0x08004e74   0x08004e74   0x0000001c   Code   RO         7841    .text.LCD_SetClipRectMax  STemWin_CM4_wc16_ot_ARGB.a(LCD.o)
    0x08004e90   0x08004e90   0x0000000c   Code   RO         7848    .text.LCD_SetColor  STemWin_CM4_wc16_ot_ARGB.a(LCD.o)
    0x08004e9c   0x08004e9c   0x00000018   Code   RO         7845    .text.LCD_SetColorIndex  STemWin_CM4_wc16_ot_ARGB.a(LCD.o)
    0x08004eb4   0x08004eb4   0x00000034   Code   RO         7918    .text.LCD_SetDevFunc  STemWin_CM4_wc16_ot_ARGB.a(LCD_Set.o)
    0x08004ee8   0x08004ee8   0x0000000c   Code   RO         7901    .text.LCD_SetDisplaySize  STemWin_CM4_wc16_ot_ARGB.a(LCD_GetEx.o)
    0x08004ef4   0x08004ef4   0x0000000c   Code   RO         7834    .text.LCD_SetDrawMode  STemWin_CM4_wc16_ot_ARGB.a(LCD.o)
    0x08004f00   0x08004f00   0x00000034   Code   RO         7919    .text.LCD_SetLUTEntryEx  STemWin_CM4_wc16_ot_ARGB.a(LCD_Set.o)
    0x08004f34   0x08004f34   0x00000034   Code   RO         7921    .text.LCD_SetSizeEx  STemWin_CM4_wc16_ot_ARGB.a(LCD_Set.o)
    0x08004f68   0x08004f68   0x00000030   Code   RO         7923    .text.LCD_SetVRAMAddrEx  STemWin_CM4_wc16_ot_ARGB.a(LCD_Set.o)
    0x08004f98   0x08004f98   0x00000034   Code   RO         7924    .text.LCD_SetVSizeEx  STemWin_CM4_wc16_ot_ARGB.a(LCD_Set.o)
    0x08004fcc   0x08004fcc   0x00000030   Code   RO         7922    .text.LCD_SetVisEx  STemWin_CM4_wc16_ot_ARGB.a(LCD_Set.o)
    0x08004ffc   0x08004ffc   0x00000024   Code   RO         8245    .text.LCD_UpdateColorIndices  STemWin_CM4_wc16_ot_ARGB.a(LCD_UpdateColorIndices.o)
    0x08005020   0x08005020   0x0000021c   Code   RO         7839    .text.LCD__DrawBitmap_1bpp  STemWin_CM4_wc16_ot_ARGB.a(LCD.o)
    0x0800523c   0x0800523c   0x00000064   Code   RO         7905    .text.LCD__GetBPPDevice  STemWin_CM4_wc16_ot_ARGB.a(LCD_GetEx.o)
    0x080052a0   0x080052a0   0x00000010   Code   RO         8322    .text.WM_Activate   STemWin_CM4_wc16_ot_ARGB.a(WM.o)
    0x080052b0   0x080052b0   0x0000008c   Code   RO         8352    .text.WM_BringToBottom  STemWin_CM4_wc16_ot_ARGB.a(WM_Lib.o)
    0x0800533c   0x0800533c   0x000001c8   Code   RO         8307    .text.WM_CreateWindowAsChild  STemWin_CM4_wc16_ot_ARGB.a(WM.o)
    0x08005504   0x08005504   0x00000014   Code   RO         8323    .text.WM_Deactivate  STemWin_CM4_wc16_ot_ARGB.a(WM.o)
    0x08005518   0x08005518   0x00000060   Code   RO         8324    .text.WM_DefaultProc  STemWin_CM4_wc16_ot_ARGB.a(WM.o)
    0x08005578   0x08005578   0x00000228   Code   RO         8297    .text.WM_DeleteWindow.part.3  STemWin_CM4_wc16_ot_ARGB.a(WM.o)
    0x080057a0   0x080057a0   0x00000284   Code   RO         8321    .text.WM_Exec       STemWin_CM4_wc16_ot_ARGB.a(WM.o)
    0x08005a24   0x08005a24   0x00000018   Code   RO         8348    .text.WM_GetDesktopWindow  STemWin_CM4_wc16_ot_ARGB.a(WM_Lib.o)
    0x08005a3c   0x08005a3c   0x00000014   Code   RO         8357    .text.WM_GetFirstChild  STemWin_CM4_wc16_ot_ARGB.a(WM_Lib.o)
    0x08005a50   0x08005a50   0x00000014   Code   RO         8370    .text.WM_GetParent  STemWin_CM4_wc16_ot_ARGB.a(WM_Lib.o)
    0x08005a64   0x08005a64   0x00000010   Code   RO         8366    .text.WM_GetWindowOrgX  STemWin_CM4_wc16_ot_ARGB.a(WM_Lib.o)
    0x08005a74   0x08005a74   0x00000154   Code   RO         8325    .text.WM_Init       STemWin_CM4_wc16_ot_ARGB.a(WM.o)
    0x08005bc8   0x08005bc8   0x000000d4   Code   RO         8295    .text.WM_InvalidateRect.part.2  STemWin_CM4_wc16_ot_ARGB.a(WM.o)
    0x08005c9c   0x08005c9c   0x00000364   Code   RO         8292    .text.WM_InvalidateWindowAndDescsEx  STemWin_CM4_wc16_ot_ARGB.a(WM.o)
    0x08006000   0x08006000   0x00000020   Code   RO         7983    .text.WM_MULTIBUF_Enable  STemWin_CM4_wc16_ot_ARGB.a(WM_MULTIBUF.o)
    0x08006020   0x08006020   0x000000a8   Code   RO         8523    .text.WM_MoveWindow  STemWin_CM4_wc16_ot_ARGB.a(WM_Move.o)
    0x080060c8   0x080060c8   0x00000028   Code   RO         8386    .text.WM_NotifyParent  STemWin_CM4_wc16_ot_ARGB.a(WM_Lib.o)
    0x080060f0   0x080060f0   0x0000003c   Code   RO         8387    .text.WM_OnKey      STemWin_CM4_wc16_ot_ARGB.a(WM_Lib.o)
    0x0800612c   0x0800612c   0x00000018   Code   RO         8390    .text.WM_ResizeWindow  STemWin_CM4_wc16_ot_ARGB.a(WM_Lib.o)
    0x08006144   0x08006144   0x000000f8   Code   RO         8330    .text.WM_ResizeWindow.part.11  STemWin_CM4_wc16_ot_ARGB.a(WM_Lib.o)
    0x0800623c   0x0800623c   0x00000004   Code   RO         8391    .text.WM_SendMessageNoPara  STemWin_CM4_wc16_ot_ARGB.a(WM_Lib.o)
    0x08006240   0x08006240   0x00000024   Code   RO         8392    .text.WM_SendToParent  STemWin_CM4_wc16_ot_ARGB.a(WM_Lib.o)
    0x08006264   0x08006264   0x00000058   Code   RO         8403    .text.WM_SetSize    STemWin_CM4_wc16_ot_ARGB.a(WM_Lib.o)
    0x080062bc   0x080062bc   0x00000128   Code   RO         8286    .text.WM__ActivateClipRect  STemWin_CM4_wc16_ot_ARGB.a(WM.o)
    0x080063e4   0x080063e4   0x00000010   Code   RO         8566    .text.WM__AddCriticalHandle  STemWin_CM4_wc16_ot_ARGB.a(WM__Private.o)
    0x080063f4   0x080063f4   0x0000006c   Code   RO         8529    .text.WM__DeleteAssocTimer  STemWin_CM4_wc16_ot_ARGB.a(WM_Timer.o)
    0x08006460   0x08006460   0x00000028   Code   RO         8568    .text.WM__GetClientRectEx  STemWin_CM4_wc16_ot_ARGB.a(WM__Private.o)
    0x08006488   0x08006488   0x0000001c   Code   RO         8304    .text.WM__GetClientRectWin  STemWin_CM4_wc16_ot_ARGB.a(WM.o)
    0x080064a4   0x080064a4   0x0000024c   Code   RO         8314    .text.WM__GetNextIVR  STemWin_CM4_wc16_ot_ARGB.a(WM.o)
    0x080066f0   0x080066f0   0x00000038   Code   RO         8555    .text.WM__GetPrevSibling  STemWin_CM4_wc16_ot_ARGB.a(WM__Private.o)
    0x08006728   0x08006728   0x00000198   Code   RO         8315    .text.WM__InitIVRSearch  STemWin_CM4_wc16_ot_ARGB.a(WM.o)
    0x080068c0   0x080068c0   0x000000dc   Code   RO         8287    .text.WM__InsertWindowIntoList  STemWin_CM4_wc16_ot_ARGB.a(WM.o)
    0x0800699c   0x0800699c   0x000002a4   Code   RO         8291    .text.WM__InvalidateDrawAndDescs  STemWin_CM4_wc16_ot_ARGB.a(WM.o)
    0x08006c40   0x08006c40   0x000000f0   Code   RO         8299    .text.WM__InvalidateParent  STemWin_CM4_wc16_ot_ARGB.a(WM.o)
    0x08006d30   0x08006d30   0x000000d0   Code   RO         8293    .text.WM__InvalidateRect  STemWin_CM4_wc16_ot_ARGB.a(WM.o)
    0x08006e00   0x08006e00   0x000000cc   Code   RO         8300    .text.WM__InvalidateRectEx  STemWin_CM4_wc16_ot_ARGB.a(WM.o)
    0x08006ecc   0x08006ecc   0x000000b8   Code   RO         8316    .text.WM__Paint1    STemWin_CM4_wc16_ot_ARGB.a(WM.o)
    0x08006f84   0x08006f84   0x000000a0   Code   RO         8281    .text.WM__PaintWinAndOverlays  STemWin_CM4_wc16_ot_ARGB.a(WM.o)
    0x08007024   0x08007024   0x0000003c   Code   RO         8562    .text.WM__SendMessage  STemWin_CM4_wc16_ot_ARGB.a(WM__Private.o)
    0x08007060   0x08007060   0x00000028   Code   RO         8564    .text.WM__SendMessageNoPara  STemWin_CM4_wc16_ot_ARGB.a(WM__Private.o)
    0x08007088   0x08007088   0x00000018   Code   RO         8303    .text.WM__SendMsgNoData  STemWin_CM4_wc16_ot_ARGB.a(WM.o)
    0x080070a0   0x080070a0   0x00000100   Code   RO         8565    .text.WM__UpdateChildPositions  STemWin_CM4_wc16_ot_ARGB.a(WM__Private.o)
    0x080071a0   0x080071a0   0x0000035c   Code   RO         7576    .text._AddFreeMemory  STemWin_CM4_wc16_ot_ARGB.a(GUI_Alloc.o)
    0x080074fc   0x080074fc   0x00000374   Code   RO         7578    .text._Alloc        STemWin_CM4_wc16_ot_ARGB.a(GUI_Alloc.o)
    0x08007870   0x08007870   0x00000004   Code   RO         8130    .text._CalcSizeOfChar  STemWin_CM4_wc16_ot_ARGB.a(GUI_UC_EncodeNone.o)
    0x08007874   0x08007874   0x00000058   Code   RO         7560    .text._Color2IndexBulk  STemWin_CM4_wc16_ot_ARGB.a(GUICC_M565.o)
    0x080078cc   0x080078cc   0x00000018   Code   RO         7569    .text._Color2IndexBulk  STemWin_CM4_wc16_ot_ARGB.a(GUICC_M888.o)
    0x080078e4   0x080078e4   0x00000040   Code   RO         7506    .text._Color2IndexBulk_1616I  STemWin_CM4_wc16_ot_ARGB.a(GUICC_1616I.o)
    0x08007924   0x08007924   0x00000038   Code   RO         7522    .text._Color2IndexBulk_88666I  STemWin_CM4_wc16_ot_ARGB.a(GUICC_88666I.o)
    0x0800795c   0x0800795c   0x00000058   Code   RO         7531    .text._Color2IndexBulk_M1555I  STemWin_CM4_wc16_ot_ARGB.a(GUICC_M1555I.o)
    0x080079b4   0x080079b4   0x00000070   Code   RO         7541    .text._Color2IndexBulk_M4444I  STemWin_CM4_wc16_ot_ARGB.a(GUICC_M4444I.o)
    0x08007a24   0x08007a24   0x00000014   Code   RO         7550    .text._Color2IndexBulk_M8888I  STemWin_CM4_wc16_ot_ARGB.a(GUICC_M8888I.o)
    0x08007a38   0x08007a38   0x00000058   Code   RO         7998    .text._Color2Index_0  STemWin_CM4_wc16_ot_ARGB.a(GUICC_0.o)
    0x08007a90   0x08007a90   0x0000006c   Code   RO         7989    .text._Color2Index_16  STemWin_CM4_wc16_ot_ARGB.a(GUICC_16.o)
    0x08007afc   0x08007afc   0x00000024   Code   RO         7503    .text._Color2Index_1616I  STemWin_CM4_wc16_ot_ARGB.a(GUICC_1616I.o)
    0x08007b20   0x08007b20   0x0000001c   Code   RO         7519    .text._Color2Index_88666I  STemWin_CM4_wc16_ot_ARGB.a(GUICC_88666I.o)
    0x08007b3c   0x08007b3c   0x0000002c   Code   RO         7528    .text._Color2Index_M1555I  STemWin_CM4_wc16_ot_ARGB.a(GUICC_M1555I.o)
    0x08007b68   0x08007b68   0x00000044   Code   RO         7538    .text._Color2Index_M4444I  STemWin_CM4_wc16_ot_ARGB.a(GUICC_M4444I.o)
    0x08007bac   0x08007bac   0x0000002c   Code   RO         7558    .text._Color2Index_M565  STemWin_CM4_wc16_ot_ARGB.a(GUICC_M565.o)
    0x08007bd8   0x08007bd8   0x00000008   Code   RO         7567    .text._Color2Index_M888  STemWin_CM4_wc16_ot_ARGB.a(GUICC_M888.o)
    0x08007be0   0x08007be0   0x00000004   Code   RO         7548    .text._Color2Index_M8888I  STemWin_CM4_wc16_ot_ARGB.a(GUICC_M8888I.o)
    0x08007be4   0x08007be4   0x00000088   Code   RO         7969    .text._CopyBuffer   STemWin_CM4_wc16_ot_ARGB.a(GUIDRV_Lin_24.o)
    0x08007c6c   0x08007c6c   0x000000b4   Code   RO         8080    .text._CreateBuffer.isra.4  STemWin_CM4_wc16_ot_ARGB.a(GUI_SPRITE.o)
    0x08007d20   0x08007d20   0x0000009c   Code   RO         8023    .text._DispLine     STemWin_CM4_wc16_ot_ARGB.a(GUI_CharLine.o)
    0x08007dbc   0x08007dbc   0x000000a0   Code   RO         8079    .text._DoColorConversion.isra.3  STemWin_CM4_wc16_ot_ARGB.a(GUI_SPRITE.o)
    0x08007e5c   0x08007e5c   0x00000f20   Code   RO         7970    .text._DrawBitmap   STemWin_CM4_wc16_ot_ARGB.a(GUIDRV_Lin_24.o)
    0x08008d7c   0x08008d7c   0x000007d8   Code   RO         8089    .text._DrawBitmap   STemWin_CM4_wc16_ot_ARGB.a(GUI_SPRITE.o)
    0x08009554   0x08009554   0x000009d4   Code   RO         8262    .text._DrawBitmap   STemWin_CM4_wc16_ot_ARGB.a(GUIDEV_32.o)
    0x08009f28   0x08009f28   0x00000010   Code   RO         7957    .text._DrawHLine    STemWin_CM4_wc16_ot_ARGB.a(GUIDRV_Lin_24.o)
    0x08009f38   0x08009f38   0x000002fc   Code   RO         8088    .text._DrawHLine    STemWin_CM4_wc16_ot_ARGB.a(GUI_SPRITE.o)
    0x0800a234   0x0800a234   0x00000010   Code   RO         8267    .text._DrawHLine    STemWin_CM4_wc16_ot_ARGB.a(GUIDEV_32.o)
    0x0800a244   0x0800a244   0x00000014   Code   RO         7958    .text._DrawVLine    STemWin_CM4_wc16_ot_ARGB.a(GUIDRV_Lin_24.o)
    0x0800a258   0x0800a258   0x000002f0   Code   RO         8087    .text._DrawVLine    STemWin_CM4_wc16_ot_ARGB.a(GUI_SPRITE.o)
    0x0800a548   0x0800a548   0x000000e0   Code   RO         8268    .text._DrawVLine    STemWin_CM4_wc16_ot_ARGB.a(GUIDEV_32.o)
    0x0800a628   0x0800a628   0x00000008   Code   RO         8131    .text._Encode       STemWin_CM4_wc16_ot_ARGB.a(GUI_UC_EncodeNone.o)
    0x0800a630   0x0800a630   0x000000d0   Code   RO         7579    .text._EnlargeBlocks  STemWin_CM4_wc16_ot_ARGB.a(GUI_Alloc.o)
    0x0800a700   0x0800a700   0x0000008c   Code   RO         8298    .text._Exec1Input   STemWin_CM4_wc16_ot_ARGB.a(WM.o)
    0x0800a78c   0x0800a78c   0x00000630   Code   RO         7956    .text._FillRect     STemWin_CM4_wc16_ot_ARGB.a(GUIDRV_Lin_24.o)
    0x0800adbc   0x0800adbc   0x00000340   Code   RO         8078    .text._FillRect     STemWin_CM4_wc16_ot_ARGB.a(GUI_SPRITE.o)
    0x0800b0fc   0x0800b0fc   0x000000f0   Code   RO         8266    .text._FillRect     STemWin_CM4_wc16_ot_ARGB.a(GUIDEV_32.o)
    0x0800b1ec   0x0800b1ec   0x000000a8   Code   RO         8275    .text._Findx0       STemWin_CM4_wc16_ot_ARGB.a(WM.o)
    0x0800b294   0x0800b294   0x0000008c   Code   RO         8279    .text._Findx0.constprop.10  STemWin_CM4_wc16_ot_ARGB.a(WM.o)
    0x0800b320   0x0800b320   0x00000090   Code   RO         8276    .text._Findx1       STemWin_CM4_wc16_ot_ARGB.a(WM.o)
    0x0800b3b0   0x0800b3b0   0x000000d0   Code   RO         8274    .text._Findy1       STemWin_CM4_wc16_ot_ARGB.a(WM.o)
    0x0800b480   0x0800b480   0x000000a8   Code   RO         8280    .text._Findy1.constprop.11  STemWin_CM4_wc16_ot_ARGB.a(WM.o)
    0x0800b528   0x0800b528   0x00000004   Code   RO         8645    .text._GUI_USAGE_BM_Delete  STemWin_CM4_wc16_ot_ARGB.a(GUIDEV_UsageBM.o)
    0x0800b52c   0x0800b52c   0x00000004   Code   RO         8128    .text._GetCharCode  STemWin_CM4_wc16_ot_ARGB.a(GUI_UC_EncodeNone.o)
    0x0800b530   0x0800b530   0x00000004   Code   RO         8129    .text._GetCharSize  STemWin_CM4_wc16_ot_ARGB.a(GUI_UC_EncodeNone.o)
    0x0800b534   0x0800b534   0x00000010   Code   RO         7948    .text._GetDevData   STemWin_CM4_wc16_ot_ARGB.a(GUIDRV_Lin_24.o)
    0x0800b544   0x0800b544   0x00000004   Code   RO         8072    .text._GetDevData   STemWin_CM4_wc16_ot_ARGB.a(GUI_SPRITE.o)
    0x0800b548   0x0800b548   0x00000010   Code   RO         8257    .text._GetDevData   STemWin_CM4_wc16_ot_ARGB.a(GUIDEV_32.o)
    0x0800b558   0x0800b558   0x000000e0   Code   RO         7949    .text._GetDevFunc   STemWin_CM4_wc16_ot_ARGB.a(GUIDRV_Lin_24.o)
    0x0800b638   0x0800b638   0x00000028   Code   RO         8074    .text._GetDevFunc   STemWin_CM4_wc16_ot_ARGB.a(GUI_SPRITE.o)
    0x0800b660   0x0800b660   0x00000010   Code   RO         8258    .text._GetDevFunc   STemWin_CM4_wc16_ot_ARGB.a(GUIDEV_32.o)
    0x0800b670   0x0800b670   0x0000003c   Code   RO         7947    .text._GetDevProp   STemWin_CM4_wc16_ot_ARGB.a(GUIDRV_Lin_24.o)
    0x0800b6ac   0x0800b6ac   0x0000000c   Code   RO         8075    .text._GetDevProp   STemWin_CM4_wc16_ot_ARGB.a(GUI_SPRITE.o)
    0x0800b6b8   0x0800b6b8   0x0000000c   Code   RO         8259    .text._GetDevProp   STemWin_CM4_wc16_ot_ARGB.a(GUIDEV_32.o)
    0x0800b6c4   0x0800b6c4   0x0000004c   Code   RO         7996    .text._GetIndexMask_0  STemWin_CM4_wc16_ot_ARGB.a(GUICC_0.o)
    0x0800b710   0x0800b710   0x00000004   Code   RO         7991    .text._GetIndexMask_16  STemWin_CM4_wc16_ot_ARGB.a(GUICC_16.o)
    0x0800b714   0x0800b714   0x00000004   Code   RO         7505    .text._GetIndexMask_1616I  STemWin_CM4_wc16_ot_ARGB.a(GUICC_1616I.o)
    0x0800b718   0x0800b718   0x00000004   Code   RO         7513    .text._GetIndexMask_8666  STemWin_CM4_wc16_ot_ARGB.a(GUICC_8666.o)
    0x0800b71c   0x0800b71c   0x00000008   Code   RO         7521    .text._GetIndexMask_88666I  STemWin_CM4_wc16_ot_ARGB.a(GUICC_88666I.o)
    0x0800b724   0x0800b724   0x00000008   Code   RO         7530    .text._GetIndexMask_M1555I  STemWin_CM4_wc16_ot_ARGB.a(GUICC_M1555I.o)
    0x0800b72c   0x0800b72c   0x00000008   Code   RO         7540    .text._GetIndexMask_M4444I  STemWin_CM4_wc16_ot_ARGB.a(GUICC_M4444I.o)
    0x0800b734   0x0800b734   0x00000008   Code   RO         7559    .text._GetIndexMask_M565  STemWin_CM4_wc16_ot_ARGB.a(GUICC_M565.o)
    0x0800b73c   0x0800b73c   0x00000008   Code   RO         7568    .text._GetIndexMask_M888  STemWin_CM4_wc16_ot_ARGB.a(GUICC_M888.o)
    0x0800b744   0x0800b744   0x00000008   Code   RO         7549    .text._GetIndexMask_M8888I  STemWin_CM4_wc16_ot_ARGB.a(GUICC_M8888I.o)
    0x0800b74c   0x0800b74c   0x0000006c   Code   RO         7946    .text._GetPixelIndex  STemWin_CM4_wc16_ot_ARGB.a(GUIDRV_Lin_24.o)
    0x0800b7b8   0x0800b7b8   0x00000094   Code   RO         8083    .text._GetPixelIndex  STemWin_CM4_wc16_ot_ARGB.a(GUI_SPRITE.o)
    0x0800b84c   0x0800b84c   0x00000040   Code   RO         8263    .text._GetPixelIndex  STemWin_CM4_wc16_ot_ARGB.a(GUIDEV_32.o)
    0x0800b88c   0x0800b88c   0x00000030   Code   RO         7961    .text._GetPos       STemWin_CM4_wc16_ot_ARGB.a(GUIDRV_Lin_24.o)
    0x0800b8bc   0x0800b8bc   0x00000018   Code   RO         7944    .text._GetRect      STemWin_CM4_wc16_ot_ARGB.a(GUIDRV_Lin_24.o)
    0x0800b8d4   0x0800b8d4   0x0000000c   Code   RO         8076    .text._GetRect      STemWin_CM4_wc16_ot_ARGB.a(GUI_SPRITE.o)
    0x0800b8e0   0x0800b8e0   0x00000038   Code   RO         8261    .text._GetRect      STemWin_CM4_wc16_ot_ARGB.a(GUIDEV_32.o)
    0x0800b918   0x0800b918   0x00000070   Code   RO         7561    .text._Index2ColorBulk  STemWin_CM4_wc16_ot_ARGB.a(GUICC_M565.o)
    0x0800b988   0x0800b988   0x00000018   Code   RO         7570    .text._Index2ColorBulk  STemWin_CM4_wc16_ot_ARGB.a(GUICC_M888.o)
    0x0800b9a0   0x0800b9a0   0x0000004c   Code   RO         7507    .text._Index2ColorBulk_1616I  STemWin_CM4_wc16_ot_ARGB.a(GUICC_1616I.o)
    0x0800b9ec   0x0800b9ec   0x00000044   Code   RO         7523    .text._Index2ColorBulk_88666I  STemWin_CM4_wc16_ot_ARGB.a(GUICC_88666I.o)
    0x0800ba30   0x0800ba30   0x00000064   Code   RO         7532    .text._Index2ColorBulk_M1555I  STemWin_CM4_wc16_ot_ARGB.a(GUICC_M1555I.o)
    0x0800ba94   0x0800ba94   0x00000068   Code   RO         7542    .text._Index2ColorBulk_M4444I  STemWin_CM4_wc16_ot_ARGB.a(GUICC_M4444I.o)
    0x0800bafc   0x0800bafc   0x00000014   Code   RO         7551    .text._Index2ColorBulk_M8888I  STemWin_CM4_wc16_ot_ARGB.a(GUICC_M8888I.o)
    0x0800bb10   0x0800bb10   0x00000020   Code   RO         7997    .text._Index2Color_0  STemWin_CM4_wc16_ot_ARGB.a(GUICC_0.o)
    0x0800bb30   0x0800bb30   0x00000040   Code   RO         7990    .text._Index2Color_16  STemWin_CM4_wc16_ot_ARGB.a(GUICC_16.o)
    0x0800bb70   0x0800bb70   0x00000020   Code   RO         7504    .text._Index2Color_1616I  STemWin_CM4_wc16_ot_ARGB.a(GUICC_1616I.o)
    0x0800bb90   0x0800bb90   0x0000001c   Code   RO         7520    .text._Index2Color_88666I  STemWin_CM4_wc16_ot_ARGB.a(GUICC_88666I.o)
    0x0800bbac   0x0800bbac   0x00000030   Code   RO         7529    .text._Index2Color_M1555I  STemWin_CM4_wc16_ot_ARGB.a(GUICC_M1555I.o)
    0x0800bbdc   0x0800bbdc   0x00000034   Code   RO         7539    .text._Index2Color_M4444I  STemWin_CM4_wc16_ot_ARGB.a(GUICC_M4444I.o)
    0x0800bc10   0x0800bc10   0x00000030   Code   RO         7959    .text._Init         STemWin_CM4_wc16_ot_ARGB.a(GUIDRV_Lin_24.o)
    0x0800bc40   0x0800bc40   0x00000080   Code   RO         7701    .text._InitContext  STemWin_CM4_wc16_ot_ARGB.a(GUI_Core.o)
    0x0800bcc0   0x0800bcc0   0x000000ec   Code   RO         8283    .text._Invalidate1Abs  STemWin_CM4_wc16_ot_ARGB.a(WM.o)
    0x0800bdac   0x0800bdac   0x00000004   Code   RO         8022    .text._Log2VisBuffered  STemWin_CM4_wc16_ot_ARGB.a(GUI_CharLine.o)
    0x0800bdb0   0x0800bdb0   0x00000034   Code   RO         7982    .text._MULTIBUF_Begin  STemWin_CM4_wc16_ot_ARGB.a(WM_MULTIBUF.o)
    0x0800bde4   0x0800bde4   0x00000034   Code   RO         7981    .text._MULTIBUF_End  STemWin_CM4_wc16_ot_ARGB.a(WM_MULTIBUF.o)
    0x0800be18   0x0800be18   0x0000024c   Code   RO         8520    .text._MoveDescendents  STemWin_CM4_wc16_ot_ARGB.a(WM_Move.o)
    0x0800c064   0x0800c064   0x0000000c   Code   RO         7953    .text._Off          STemWin_CM4_wc16_ot_ARGB.a(GUIDRV_Lin_24.o)
    0x0800c070   0x0800c070   0x0000000c   Code   RO         7954    .text._On           STemWin_CM4_wc16_ot_ARGB.a(GUIDRV_Lin_24.o)
    0x0800c07c   0x0800c07c   0x00000044   Code   RO         7702    .text._OnExit       STemWin_CM4_wc16_ot_ARGB.a(GUI_Core.o)
    0x0800c0c0   0x0800c0c0   0x00000018   Code   RO         7730    .text._OnExit       STemWin_CM4_wc16_ot_ARGB.a(GUI_Cursor.o)
    0x0800c0d8   0x0800c0d8   0x00000048   Code   RO         7779    .text._OnExit       STemWin_CM4_wc16_ot_ARGB.a(GUI_MULTIBUF.o)
    0x0800c120   0x0800c120   0x00000028   Code   RO         7819    .text._OnExit       STemWin_CM4_wc16_ot_ARGB.a(GUI__Alpha.o)
    0x0800c148   0x0800c148   0x0000001c   Code   RO         7854    .text._OnExit       STemWin_CM4_wc16_ot_ARGB.a(LCD_Color.o)
    0x0800c164   0x0800c164   0x000000a8   Code   RO         8273    .text._OnExit       STemWin_CM4_wc16_ot_ARGB.a(WM.o)
    0x0800c20c   0x0800c20c   0x000000bc   Code   RO         8277    .text._Paint1Trans  STemWin_CM4_wc16_ot_ARGB.a(WM.o)
    0x0800c2c8   0x0800c2c8   0x000000d8   Code   RO         8278    .text._PaintTransChildren  STemWin_CM4_wc16_ot_ARGB.a(WM.o)
    0x0800c3a0   0x0800c3a0   0x0000008c   Code   RO         8082    .text._ReleaseBuffer.isra.7  STemWin_CM4_wc16_ot_ARGB.a(GUI_SPRITE.o)
    0x0800c42c   0x0800c42c   0x000001b0   Code   RO         7577    .text._RemoveHoles  STemWin_CM4_wc16_ot_ARGB.a(GUI_Alloc.o)
    0x0800c5dc   0x0800c5dc   0x00000040   Code   RO         7963    .text._SetAlpha     STemWin_CM4_wc16_ot_ARGB.a(GUIDRV_Lin_24.o)
    0x0800c61c   0x0800c61c   0x00000018   Code   RO         7952    .text._SetAlphaMode  STemWin_CM4_wc16_ot_ARGB.a(GUIDRV_Lin_24.o)
    0x0800c634   0x0800c634   0x00000038   Code   RO         7831    .text._SetBkColor   STemWin_CM4_wc16_ot_ARGB.a(LCD.o)
    0x0800c66c   0x0800c66c   0x000000c8   Code   RO         8081    .text._SetBkIndexBuffered  STemWin_CM4_wc16_ot_ARGB.a(GUI_SPRITE.o)
    0x0800c734   0x0800c734   0x00000018   Code   RO         7950    .text._SetChroma    STemWin_CM4_wc16_ot_ARGB.a(GUIDRV_Lin_24.o)
    0x0800c74c   0x0800c74c   0x00000018   Code   RO         7951    .text._SetChromaMode  STemWin_CM4_wc16_ot_ARGB.a(GUIDRV_Lin_24.o)
    0x0800c764   0x0800c764   0x00000038   Code   RO         7832    .text._SetColor     STemWin_CM4_wc16_ot_ARGB.a(LCD.o)
    0x0800c79c   0x0800c79c   0x0000006c   Code   RO         7967    .text._SetDevFunc   STemWin_CM4_wc16_ot_ARGB.a(GUIDRV_Lin_24.o)
    0x0800c808   0x0800c808   0x00000030   Code   RO         7833    .text._SetDrawMode  STemWin_CM4_wc16_ot_ARGB.a(LCD.o)
    0x0800c838   0x0800c838   0x000000d0   Code   RO         7955    .text._SetOrg       STemWin_CM4_wc16_ot_ARGB.a(GUIDRV_Lin_24.o)
    0x0800c908   0x0800c908   0x0000000c   Code   RO         8073    .text._SetOrg       STemWin_CM4_wc16_ot_ARGB.a(GUI_SPRITE.o)
    0x0800c914   0x0800c914   0x00000008   Code   RO         8260    .text._SetOrg       STemWin_CM4_wc16_ot_ARGB.a(GUIDEV_32.o)
    0x0800c91c   0x0800c91c   0x00000090   Code   RO         7945    .text._SetPixelIndex  STemWin_CM4_wc16_ot_ARGB.a(GUIDRV_Lin_24.o)
    0x0800c9ac   0x0800c9ac   0x00000108   Code   RO         8084    .text._SetPixelIndex  STemWin_CM4_wc16_ot_ARGB.a(GUI_SPRITE.o)
    0x0800cab4   0x0800cab4   0x00000078   Code   RO         8264    .text._SetPixelIndex  STemWin_CM4_wc16_ot_ARGB.a(GUIDEV_32.o)
    0x0800cb2c   0x0800cb2c   0x00000170   Code   RO         7971    .text._SetPos       STemWin_CM4_wc16_ot_ARGB.a(GUIDRV_Lin_24.o)
    0x0800cc9c   0x0800cc9c   0x0000005c   Code   RO         7968    .text._SetSize      STemWin_CM4_wc16_ot_ARGB.a(GUIDRV_Lin_24.o)
    0x0800ccf8   0x0800ccf8   0x00000040   Code   RO         7965    .text._SetVRAMAddr  STemWin_CM4_wc16_ot_ARGB.a(GUIDRV_Lin_24.o)
    0x0800cd38   0x0800cd38   0x0000002c   Code   RO         7960    .text._SetVRAM_BufferPTR  STemWin_CM4_wc16_ot_ARGB.a(GUIDRV_Lin_24.o)
    0x0800cd64   0x0800cd64   0x00000038   Code   RO         7966    .text._SetVSize     STemWin_CM4_wc16_ot_ARGB.a(GUIDRV_Lin_24.o)
    0x0800cd9c   0x0800cd9c   0x00000040   Code   RO         7964    .text._SetVis       STemWin_CM4_wc16_ot_ARGB.a(GUIDRV_Lin_24.o)
    0x0800cddc   0x0800cddc   0x0000003c   Code   RO         7962    .text._ShowBuffer   STemWin_CM4_wc16_ot_ARGB.a(GUIDRV_Lin_24.o)
    0x0800ce18   0x0800ce18   0x000003f4   Code   RO         8086    .text._SpriteDraw   STemWin_CM4_wc16_ot_ARGB.a(GUI_SPRITE.o)
    0x0800d20c   0x0800d20c   0x00000210   Code   RO         8085    .text._Undraw       STemWin_CM4_wc16_ot_ARGB.a(GUI_SPRITE.o)
    0x0800d41c   0x0800d41c   0x00000188   Code   RO         8515    .text._WriteToActiveAlpha  STemWin_CM4_wc16_ot_ARGB.a(GUIDEV_WriteToActiveAlpha.o)
    0x0800d5a4   0x0800d5a4   0x000000ec   Code   RO         7972    .text._XorPixel     STemWin_CM4_wc16_ot_ARGB.a(GUIDRV_Lin_24.o)
    0x0800d690   0x0800d690   0x0000010c   Code   RO         8077    .text._XorPixel     STemWin_CM4_wc16_ot_ARGB.a(GUI_SPRITE.o)
    0x0800d79c   0x0800d79c   0x00000084   Code   RO         8265    .text._XorPixel     STemWin_CM4_wc16_ot_ARGB.a(GUIDEV_32.o)
    0x0800d820   0x0800d820   0x000000b0   Code   RO         8296    .text._cbBackWin    STemWin_CM4_wc16_ot_ARGB.a(WM.o)
    0x0800d8d0   0x0800d8d0   0x00000070   Code   RO         8282    .text._cbPaintMemDev  STemWin_CM4_wc16_ot_ARGB.a(WM.o)
    0x0800d940   0x0800d940   0x00000110   Code   RO         7842    .text.emWin_LCD_Init  STemWin_CM4_wc16_ot_ARGB.a(LCD.o)
    0x0800da50   0x0800da50   0x00000004   Code   RO         5663    i.BusFault_Handler  stm32f4xx_it.o
    0x0800da54   0x0800da54   0x00000008   Code   RO         5664    i.DMA2D_IRQHandler  stm32f4xx_it.o
    0x0800da5c   0x0800da5c   0x0000000c   Code   RO         7220    i.DMA2D_ISR_Handler  guidrv_wf.o
    0x0800da68   0x0800da68   0x00000002   Code   RO         5665    i.DebugMon_Handler  stm32f4xx_it.o
    0x0800da6a   0x0800da6a   0x00000002   PAD
    0x0800da6c   0x0800da6c   0x00000028   Code   RO         5820    i.EXTI0_IRQHandler  exti.o
    0x0800da94   0x0800da94   0x00000028   Code   RO         5821    i.EXTI15_10_IRQHandler  exti.o
    0x0800dabc   0x0800dabc   0x00000002   Code   RO         6235    i.Error_Handler     rcc.o
    0x0800dabe   0x0800dabe   0x00000074   Code   RO         2602    i.FMC_SDRAM_Init    stm32f4xx_ll_fmc.o
    0x0800db32   0x0800db32   0x0000000e   Code   RO         2603    i.FMC_SDRAM_ProgramRefreshRate  stm32f4xx_ll_fmc.o
    0x0800db40   0x0800db40   0x00000052   Code   RO         2604    i.FMC_SDRAM_SendCommand  stm32f4xx_ll_fmc.o
    0x0800db92   0x0800db92   0x00000002   PAD
    0x0800db94   0x0800db94   0x0000009c   Code   RO         2606    i.FMC_SDRAM_Timing_Init  stm32f4xx_ll_fmc.o
    0x0800dc30   0x0800dc30   0x00000014   Code   RO         7196    i.GUI_X_Config      guiconf.o
    0x0800dc44   0x0800dc44   0x00000018   Code   RO         7145    i.GUI_X_Delay       gui_x.o
    0x0800dc5c   0x0800dc5c   0x0000000c   Code   RO         7148    i.GUI_X_GetTime     gui_x.o
    0x0800dc68   0x0800dc68   0x0000000c   Code   RO         7149    i.GUI_X_Init        gui_x.o
    0x0800dc74   0x0800dc74   0x0000021c   Code   RO          197    i.HAL_GPIO_Init     stm32f4xx_hal_gpio.o
    0x0800de90   0x0800de90   0x0000000c   Code   RO          201    i.HAL_GPIO_WritePin  stm32f4xx_hal_gpio.o
    0x0800de9c   0x0800de9c   0x0000000c   Code   RO          279    i.HAL_GetTick       stm32f4xx_hal.o
    0x0800dea8   0x0800dea8   0x00000018   Code   RO          285    i.HAL_IncTick       stm32f4xx_hal.o
    0x0800dec0   0x0800dec0   0x0000003c   Code   RO          286    i.HAL_Init          stm32f4xx_hal.o
    0x0800defc   0x0800defc   0x0000004c   Code   RO          287    i.HAL_InitTick      stm32f4xx_hal.o
    0x0800df48   0x0800df48   0x0000005e   Code   RO         3023    i.HAL_LTDC_ConfigLayer  stm32f4xx_hal_ltdc.o
    0x0800dfa6   0x0800dfa6   0x00000002   PAD
    0x0800dfa8   0x0800dfa8   0x00000118   Code   RO         3040    i.HAL_LTDC_Init     stm32f4xx_hal_ltdc.o
    0x0800e0c0   0x0800e0c0   0x00000002   Code   RO         3043    i.HAL_LTDC_MspInit  stm32f4xx_hal_ltdc.o
    0x0800e0c2   0x0800e0c2   0x00000002   Code   RO          289    i.HAL_MspInit       stm32f4xx_hal.o
    0x0800e0c4   0x0800e0c4   0x00000020   Code   RO          467    i.HAL_NVIC_EnableIRQ  stm32f4xx_hal_cortex.o
    0x0800e0e4   0x0800e0e4   0x0000007c   Code   RO          473    i.HAL_NVIC_SetPriority  stm32f4xx_hal_cortex.o
    0x0800e160   0x0800e160   0x00000028   Code   RO          474    i.HAL_NVIC_SetPriorityGrouping  stm32f4xx_hal_cortex.o
    0x0800e188   0x0800e188   0x0000008c   Code   RO          713    i.HAL_PWREx_EnableOverDrive  stm32f4xx_hal_pwr_ex.o
    0x0800e214   0x0800e214   0x0000000c   Code   RO         2175    i.HAL_PWR_EnableBkUpAccess  stm32f4xx_hal_pwr.o
    0x0800e220   0x0800e220   0x00000304   Code   RO         2522    i.HAL_RCCEx_PeriphCLKConfig  stm32f4xx_hal_rcc_ex.o
    0x0800e524   0x0800e524   0x000001c0   Code   RO          603    i.HAL_RCC_ClockConfig  stm32f4xx_hal_rcc.o
    0x0800e6e4   0x0800e6e4   0x0000000c   Code   RO          608    i.HAL_RCC_GetHCLKFreq  stm32f4xx_hal_rcc.o
    0x0800e6f0   0x0800e6f0   0x00000020   Code   RO          610    i.HAL_RCC_GetPCLK1Freq  stm32f4xx_hal_rcc.o
    0x0800e710   0x0800e710   0x00000020   Code   RO          611    i.HAL_RCC_GetPCLK2Freq  stm32f4xx_hal_rcc.o
    0x0800e730   0x0800e730   0x000000b0   Code   RO          612    i.HAL_RCC_GetSysClockFreq  stm32f4xx_hal_rcc.o
    0x0800e7e0   0x0800e7e0   0x00000488   Code   RO          615    i.HAL_RCC_OscConfig  stm32f4xx_hal_rcc.o
    0x0800ec68   0x0800ec68   0x000000d8   Code   RO         2038    i.HAL_RTC_Init      stm32f4xx_hal_rtc.o
    0x0800ed40   0x0800ed40   0x00000002   Code   RO         2040    i.HAL_RTC_MspInit   stm32f4xx_hal_rtc.o
    0x0800ed42   0x0800ed42   0x0000003a   Code   RO         2046    i.HAL_RTC_WaitForSynchro  stm32f4xx_hal_rtc.o
    0x0800ed7c   0x0800ed7c   0x00000040   Code   RO         2768    i.HAL_SDRAM_Init    stm32f4xx_hal_sdram.o
    0x0800edbc   0x0800edbc   0x00000002   Code   RO         2770    i.HAL_SDRAM_MspInit  stm32f4xx_hal_sdram.o
    0x0800edbe   0x0800edbe   0x00000028   Code   RO         2771    i.HAL_SDRAM_ProgramRefreshRate  stm32f4xx_hal_sdram.o
    0x0800ede6   0x0800ede6   0x0000003a   Code   RO         2777    i.HAL_SDRAM_SendCommand  stm32f4xx_hal_sdram.o
    0x0800ee20   0x0800ee20   0x00000034   Code   RO          478    i.HAL_SYSTICK_Config  stm32f4xx_hal_cortex.o
    0x0800ee54   0x0800ee54   0x00000002   Code   RO         4449    i.HAL_TIMEx_BreakCallback  stm32f4xx_hal_tim_ex.o
    0x0800ee56   0x0800ee56   0x00000002   Code   RO         4450    i.HAL_TIMEx_CommutCallback  stm32f4xx_hal_tim_ex.o
    0x0800ee58   0x0800ee58   0x00000088   Code   RO         6409    i.HAL_TIM_IC_CaptureCallback  advancedtimer.o
    0x0800eee0   0x0800eee0   0x00000196   Code   RO         3806    i.HAL_TIM_IRQHandler  stm32f4xx_hal_tim.o
    0x0800f076   0x0800f076   0x00000002   Code   RO         3809    i.HAL_TIM_OC_DelayElapsedCallback  stm32f4xx_hal_tim.o
    0x0800f078   0x0800f078   0x00000002   Code   RO         3836    i.HAL_TIM_PWM_PulseFinishedCallback  stm32f4xx_hal_tim.o
    0x0800f07a   0x0800f07a   0x00000002   PAD
    0x0800f07c   0x0800f07c   0x0000001c   Code   RO         6360    i.HAL_TIM_PeriodElapsedCallback  timer.o
    0x0800f098   0x0800f098   0x00000032   Code   RO         3846    i.HAL_TIM_ReadCapturedValue  stm32f4xx_hal_tim.o
    0x0800f0ca   0x0800f0ca   0x00000002   Code   RO         3849    i.HAL_TIM_TriggerCallback  stm32f4xx_hal_tim.o
    0x0800f0cc   0x0800f0cc   0x00000072   Code   RO          804    i.HAL_UART_Init     stm32f4xx_hal_uart.o
    0x0800f13e   0x0800f13e   0x00000002   PAD
    0x0800f140   0x0800f140   0x0000006c   Code   RO         5856    i.HAL_UART_MspInit  uart.o
    0x0800f1ac   0x0800f1ac   0x000000d8   Code   RO          812    i.HAL_UART_Transmit  stm32f4xx_hal_uart.o
    0x0800f284   0x0800f284   0x00000018   Code   RO         6530    i.HAL_WWDG_EarlyWakeupCallback  wwdg.o
    0x0800f29c   0x0800f29c   0x00000028   Code   RO         4731    i.HAL_WWDG_IRQHandler  stm32f4xx_hal_wwdg.o
    0x0800f2c4   0x0800f2c4   0x00000004   Code   RO         5666    i.HardFault_Handler  stm32f4xx_it.o
    0x0800f2c8   0x0800f2c8   0x000005d4   Code   RO         6264    i.LCD_GPIO_Config   lcd.o
    0x0800f89c   0x0800f89c   0x000000b4   Code   RO         6265    i.LCD_Init          lcd.o
    0x0800f950   0x0800f950   0x00000168   Code   RO         7221    i.LCD_X_Config      guidrv_wf.o
    0x0800fab8   0x0800fab8   0x00000148   Code   RO         7222    i.LCD_X_DisplayDriver  guidrv_wf.o
    0x0800fc00   0x0800fc00   0x00000024   Code   RO         7223    i.LTDC_Cmd          guidrv_wf.o
    0x0800fc24   0x0800fc24   0x00000008   Code   RO         5667    i.LTDC_IRQHandler   stm32f4xx_it.o
    0x0800fc2c   0x0800fc2c   0x00000098   Code   RO         7224    i.LTDC_ISR_Handler  guidrv_wf.o
    0x0800fcc4   0x0800fcc4   0x00000016   Code   RO         7225    i.LTDC_LayerCmd     guidrv_wf.o
    0x0800fcda   0x0800fcda   0x00000002   PAD
    0x0800fcdc   0x0800fcdc   0x0000000c   Code   RO         7226    i.LTDC_ReloadConfig  guidrv_wf.o
    0x0800fce8   0x0800fce8   0x00000210   Code   RO         3059    i.LTDC_SetConfig    stm32f4xx_hal_ltdc.o
    0x0800fef8   0x0800fef8   0x00000060   Code   RO         7479    i.MainTask          maintask.o
    0x0800ff58   0x0800ff58   0x00000004   Code   RO         5668    i.MemManage_Handler  stm32f4xx_it.o
    0x0800ff5c   0x0800ff5c   0x00000002   Code   RO         5669    i.NMI_Handler       stm32f4xx_it.o
    0x0800ff5e   0x0800ff5e   0x00000002   Code   RO         5670    i.PendSV_Handler    stm32f4xx_it.o
    0x0800ff60   0x0800ff60   0x000000ac   Code   RO         6139    i.RTC_CLK_Config    rtc.o
    0x0801000c   0x0801000c   0x0000003e   Code   RO         2049    i.RTC_EnterInitMode  stm32f4xx_hal_rtc.o
    0x0801004a   0x0801004a   0x00000002   PAD
    0x0801004c   0x0801004c   0x000006c8   Code   RO         6175    i.SDRAM_GPIO_Config  sdram.o
    0x08010714   0x08010714   0x00000094   Code   RO         6176    i.SDRAM_Init        sdram.o
    0x080107a8   0x080107a8   0x00000094   Code   RO         6177    i.SDRAM_InitSequence  sdram.o
    0x0801083c   0x0801083c   0x00000024   Code   RO         6181    i.SDRAM_delay       sdram.o
    0x08010860   0x08010860   0x00000002   Code   RO         5671    i.SVC_Handler       stm32f4xx_it.o
    0x08010862   0x08010862   0x00000002   PAD
    0x08010864   0x08010864   0x00000068   Code   RO         5672    i.SysTick_Handler   stm32f4xx_it.o
    0x080108cc   0x080108cc   0x000000c0   Code   RO         6236    i.SystemClock_Config  rcc.o
    0x0801098c   0x0801098c   0x0000001c   Code   RO           14    i.SystemInit        system_stm32f4xx.o
    0x080109a8   0x080109a8   0x00000010   Code   RO         6361    i.TIM6_DAC_IRQHandler  timer.o
    0x080109b8   0x080109b8   0x00000010   Code   RO         6410    i.TIM8_CC_IRQHandler  advancedtimer.o
    0x080109c8   0x080109c8   0x000003e8   Code   RO          831    i.UART_SetConfig    stm32f4xx_hal_uart.o
    0x08010db0   0x08010db0   0x0000006c   Code   RO          833    i.UART_WaitOnFlagUntilTimeout  stm32f4xx_hal_uart.o
    0x08010e1c   0x08010e1c   0x00000024   Code   RO         5857    i.USART1_IRQHandler  uart.o
    0x08010e40   0x08010e40   0x00000004   Code   RO         5673    i.UsageFault_Handler  stm32f4xx_it.o
    0x08010e44   0x08010e44   0x00000010   Code   RO         6533    i.WWDG_IRQHandler   wwdg.o
    0x08010e54   0x08010e54   0x0000001c   Code   RO         7227    i._Color2IndexBulk_M1555I_DMA2D  guidrv_wf.o
    0x08010e70   0x08010e70   0x0000001c   Code   RO         7228    i._Color2IndexBulk_M4444I_DMA2D  guidrv_wf.o
    0x08010e8c   0x08010e8c   0x0000001c   Code   RO         7229    i._Color2IndexBulk_M565_DMA2D  guidrv_wf.o
    0x08010ea8   0x08010ea8   0x0000001c   Code   RO         7230    i._Color2IndexBulk_M8888I_DMA2D  guidrv_wf.o
    0x08010ec4   0x08010ec4   0x0000001c   Code   RO         7231    i._Color2IndexBulk_M888_DMA2D  guidrv_wf.o
    0x08010ee0   0x08010ee0   0x00000048   Code   RO         7232    i._DMA_AlphaBlendingBulk  guidrv_wf.o
    0x08010f28   0x08010f28   0x00000020   Code   RO         7233    i._DMA_Color2IndexBulk  guidrv_wf.o
    0x08010f48   0x08010f48   0x00000044   Code   RO         7234    i._DMA_ConvertColor  guidrv_wf.o
    0x08010f8c   0x08010f8c   0x00000060   Code   RO         7235    i._DMA_Copy         guidrv_wf.o
    0x08010fec   0x08010fec   0x00000050   Code   RO         7236    i._DMA_DrawBitmapL8  guidrv_wf.o
    0x0801103c   0x0801103c   0x0000005c   Code   RO         7237    i._DMA_Fill         guidrv_wf.o
    0x08011098   0x08011098   0x00000020   Code   RO         7238    i._DMA_Index2ColorBulk  guidrv_wf.o
    0x080110b8   0x080110b8   0x00000024   Code   RO         7239    i._DMA_LoadLUT      guidrv_wf.o
    0x080110dc   0x080110dc   0x0000006c   Code   RO         7240    i._DMA_MixColors    guidrv_wf.o
    0x08011148   0x08011148   0x00000058   Code   RO         7241    i._DMA_MixColorsBulk  guidrv_wf.o
    0x080111a0   0x080111a0   0x00000028   Code   RO         7242    i._GetBufferSize    guidrv_wf.o
    0x080111c8   0x080111c8   0x00000088   Code   RO         7244    i._GetPixelformat   guidrv_wf.o
    0x08011250   0x08011250   0x0000001c   Code   RO         7245    i._Index2ColorBulk_M1555I_DMA2D  guidrv_wf.o
    0x0801126c   0x0801126c   0x0000001c   Code   RO         7246    i._Index2ColorBulk_M4444I_DMA2D  guidrv_wf.o
    0x08011288   0x08011288   0x0000001c   Code   RO         7247    i._Index2ColorBulk_M565_DMA2D  guidrv_wf.o
    0x080112a4   0x080112a4   0x0000001c   Code   RO         7248    i._Index2ColorBulk_M8888I_DMA2D  guidrv_wf.o
    0x080112c0   0x080112c0   0x0000001c   Code   RO         7249    i._Index2ColorBulk_M888_DMA2D  guidrv_wf.o
    0x080112dc   0x080112dc   0x00000060   Code   RO         7250    i._LCD_CopyBuffer   guidrv_wf.o
    0x0801133c   0x0801133c   0x000000a4   Code   RO         7251    i._LCD_CopyRect     guidrv_wf.o
    0x080113e0   0x080113e0   0x0000000a   Code   RO         7252    i._LCD_DisplayOff   guidrv_wf.o
    0x080113ea   0x080113ea   0x0000000a   Code   RO         7253    i._LCD_DisplayOn    guidrv_wf.o
    0x080113f4   0x080113f4   0x00000084   Code   RO         7254    i._LCD_DrawBitmap16bpp  guidrv_wf.o
    0x08011478   0x08011478   0x00000088   Code   RO         7255    i._LCD_DrawBitmap32bpp  guidrv_wf.o
    0x08011500   0x08011500   0x00000084   Code   RO         7256    i._LCD_DrawBitmap8bpp  guidrv_wf.o
    0x08011584   0x08011584   0x000000a8   Code   RO         7257    i._LCD_FillRect     guidrv_wf.o
    0x0801162c   0x0801162c   0x0000005c   Code   RO         7258    i._LCD_GetpPalConvTable  guidrv_wf.o
    0x08011688   0x08011688   0x0000007c   Code   RO         7259    i._LCD_InitController  guidrv_wf.o
    0x08011704   0x08011704   0x0000004c   Code   RO         7260    i._LCD_MixColorsBulk  guidrv_wf.o
    0x08011750   0x08011750   0x00000020   Code   RO         7261    i._LTDC_LayerEnableColorKeying  guidrv_wf.o
    0x08011770   0x08011770   0x00000050   Code   RO         7263    i._LTDC_SetLUTEntry  guidrv_wf.o
    0x080117c0   0x080117c0   0x00000030   Code   RO         7264    i._LTDC_SetLayerAlpha  guidrv_wf.o
    0x080117f0   0x080117f0   0x00000084   Code   RO         7265    i._LTDC_SetLayerPos  guidrv_wf.o
    0x08011874   0x08011874   0x00000020   Code   RO         8908    i.__0printf$8       mc_w.l(printf8.o)
    0x08011894   0x08011894   0x00000010   Code   RO          480    i.__NVIC_GetPriorityGrouping  stm32f4xx_hal_cortex.o
    0x080118a4   0x080118a4   0x00000028   Code   RO          481    i.__NVIC_SetPriority  stm32f4xx_hal_cortex.o
    0x080118cc   0x080118cc   0x0000000e   Code   RO         9053    i.__scatterload_copy  mc_w.l(handlers.o)
    0x080118da   0x080118da   0x00000002   Code   RO         9054    i.__scatterload_null  mc_w.l(handlers.o)
    0x080118dc   0x080118dc   0x0000000e   Code   RO         9055    i.__scatterload_zeroinit  mc_w.l(handlers.o)
    0x080118ea   0x080118ea   0x00000002   PAD
    0x080118ec   0x080118ec   0x00000410   Code   RO         8915    i._printf_core      mc_w.l(printf8.o)
    0x08011cfc   0x08011cfc   0x00000024   Code   RO         8916    i._printf_post_padding  mc_w.l(printf8.o)
    0x08011d20   0x08011d20   0x0000002e   Code   RO         8917    i._printf_pre_padding  mc_w.l(printf8.o)
    0x08011d4e   0x08011d4e   0x00000002   PAD
    0x08011d50   0x08011d50   0x00000044   Code   RO         6473    i.beeperInit        beeper.o
    0x08011d94   0x08011d94   0x0000001c   Code   RO         5859    i.fputc             uart.o
    0x08011db0   0x08011db0   0x00000074   Code   RO         5759    i.led_init          led.o
    0x08011e24   0x08011e24   0x00000058   Code   RO         5402    i.main              main.o
    0x08011e7c   0x08011e7c   0x00000050   Code   RO         5860    i.uart1_init        uart.o
    0x08011ecc   0x08011ecc   0x00000018   Data   RO           15    .constdata          system_stm32f4xx.o
    0x08011ee4   0x08011ee4   0x00000008   Data   RO         7266    .constdata          guidrv_wf.o
    0x08011eec   0x08011eec   0x00000018   Data   RO         7508    .rodata             STemWin_CM4_wc16_ot_ARGB.a(GUICC_1616I.o)
    0x08011f04   0x08011f04   0x00000018   Data   RO         7515    .rodata             STemWin_CM4_wc16_ot_ARGB.a(GUICC_8666.o)
    0x08011f1c   0x08011f1c   0x00000018   Data   RO         7524    .rodata             STemWin_CM4_wc16_ot_ARGB.a(GUICC_88666I.o)
    0x08011f34   0x08011f34   0x00000018   Data   RO         7534    .rodata             STemWin_CM4_wc16_ot_ARGB.a(GUICC_M1555I.o)
    0x08011f4c   0x08011f4c   0x00000018   Data   RO         7544    .rodata             STemWin_CM4_wc16_ot_ARGB.a(GUICC_M4444I.o)
    0x08011f64   0x08011f64   0x00000018   Data   RO         7553    .rodata             STemWin_CM4_wc16_ot_ARGB.a(GUICC_M8888I.o)
    0x08011f7c   0x08011f7c   0x00000018   Data   RO         7563    .rodata             STemWin_CM4_wc16_ot_ARGB.a(GUICC_M565.o)
    0x08011f94   0x08011f94   0x00000018   Data   RO         7572    .rodata             STemWin_CM4_wc16_ot_ARGB.a(GUICC_M888.o)
    0x08011fac   0x08011fac   0x00000017   Data   RO         7726    .rodata             STemWin_CM4_wc16_ot_ARGB.a(GUI_Core.o)
    0x08011fc3   0x08011fc3   0x00000001   PAD
    0x08011fc4   0x08011fc4   0x0000000c   Data   RO         7850    .rodata             STemWin_CM4_wc16_ot_ARGB.a(LCD.o)
    0x08011fd0   0x08011fd0   0x00000034   Data   RO         7973    .rodata             STemWin_CM4_wc16_ot_ARGB.a(GUIDRV_Lin_24.o)
    0x08012004   0x08012004   0x00001398   Data   RO         7977    .rodata             STemWin_CM4_wc16_ot_ARGB.a(F24_1.o)
    0x0801339c   0x0801339c   0x00000008   Data   RO         7985    .rodata             STemWin_CM4_wc16_ot_ARGB.a(WM_MULTIBUF.o)
    0x080133a4   0x080133a4   0x00000018   Data   RO         7992    .rodata             STemWin_CM4_wc16_ot_ARGB.a(GUICC_16.o)
    0x080133bc   0x080133bc   0x00000018   Data   RO         8001    .rodata             STemWin_CM4_wc16_ot_ARGB.a(GUICC_0.o)
    0x080133d4   0x080133d4   0x000014a0   Data   RO         8039    .rodata             STemWin_CM4_wc16_ot_ARGB.a(GUI_CursorResource.o)
    0x08014874   0x08014874   0x00000034   Data   RO         8103    .rodata             STemWin_CM4_wc16_ot_ARGB.a(GUI_SPRITE.o)
    0x080148a8   0x080148a8   0x00000010   Data   RO         8133    .rodata             STemWin_CM4_wc16_ot_ARGB.a(GUI_UC_EncodeNone.o)
    0x080148b8   0x080148b8   0x00000370   Data   RO         8145    .rodata             STemWin_CM4_wc16_ot_ARGB.a(GUI__DivTbl.o)
    0x08014c28   0x08014c28   0x00000100   Data   RO         8209    .rodata             STemWin_CM4_wc16_ot_ARGB.a(LCD_Mirror.o)
    0x08014d28   0x08014d28   0x000012b8   Data   RO         8249    .rodata             STemWin_CM4_wc16_ot_ARGB.a(F24_ASCII.o)
    0x08015fe0   0x08015fe0   0x0000073c   Data   RO         8253    .rodata             STemWin_CM4_wc16_ot_ARGB.a(F6x8.o)
    0x0801671c   0x0801671c   0x00000074   Data   RO         8269    .rodata             STemWin_CM4_wc16_ot_ARGB.a(GUIDEV_32.o)
    0x08016790   0x08016790   0x00000018   Data   RO         8649    .rodata             STemWin_CM4_wc16_ot_ARGB.a(GUIDEV_UsageBM.o)
    0x080167a8   0x080167a8   0x00000020   Data   RO         9051    Region$$Table       anon$$obj.o


    Execution Region RW_IRAM1 (Exec base: 0x20000000, Load base: 0x080167c8, Size: 0x00000b68, Max: 0x00030000, ABSOLUTE)

    Exec Addr    Load Addr    Size         Type   Attr      Idx    E Section Name        Object

    0x20000000   0x080167c8   0x00000004   Data   RW           16    .data               system_stm32f4xx.o
    0x20000004   0x080167cc   0x00000009   Data   RW          293    .data               stm32f4xx_hal.o
    0x2000000d   0x080167d5   0x00000003   PAD
    0x20000010   0x080167d8   0x00000004   Data   RW          616    .data               stm32f4xx_hal_rcc.o
    0x20000014   0x080167dc   0x00000004   Data   RW         5674    .data               stm32f4xx_it.o
    0x20000018   0x080167e0   0x00000010   Data   RW         6417    .data               advancedtimer.o
    0x20000028   0x080167f0   0x00000004   Data   RW         7152    .data               gui_x.o
    0x2000002c   0x080167f4   0x00000020   Data   RW         7267    .data               guidrv_wf.o
    0x2000004c   0x08016814   0x00000007   Data   RW         7610    .data               STemWin_CM4_wc16_ot_ARGB.a(GUI_Common.o)
    0x20000053   0x0801681b   0x00000001   PAD
    0x20000054   0x0801681c   0x00000014   Data   RW         7699    .data               STemWin_CM4_wc16_ot_ARGB.a(GUI_Core.o)
    0x20000068   0x08016830   0x00000004   Data   RW         7808    .data               STemWin_CM4_wc16_ot_ARGB.a(GUI_Time.o)
    0x2000006c   0x08016834   0x00000008   Data   RW         7815    .data               STemWin_CM4_wc16_ot_ARGB.a(GUI__Alpha.o)
    0x20000074   0x0801683c   0x00000004   Data   RW         7829    .data               STemWin_CM4_wc16_ot_ARGB.a(LCD.o)
    0x20000078   0x08016840   0x00000004   Data   RW         7852    .data               STemWin_CM4_wc16_ot_ARGB.a(LCD_Color.o)
    0x2000007c   0x08016844   0x00000004   Data   RW         8020    .data               STemWin_CM4_wc16_ot_ARGB.a(GUI_CharLine.o)
    0x20000080   0x08016848   0x0000003c   Data   RW         8037    .data               STemWin_CM4_wc16_ot_ARGB.a(GUI_CursorResource.o)
    0x200000bc   0x08016884   0x00000008   Data   RW         8059    .data               STemWin_CM4_wc16_ot_ARGB.a(GUI_OnKey.o)
    0x200000c4   0x0801688c   0x00000008   Data   RW         8152    .data               STemWin_CM4_wc16_ot_ARGB.a(GUI__Private.o)
    0x200000cc   0x08016894   0x00000018   Data   RW         8454    .data               STemWin_CM4_wc16_ot_ARGB.a(LCD_AA.o)
    0x200000e4   0x080168ac   0x00000004   Data   RW         8976    .data               mc_w.l(stdout.o)
    0x200000e8        -       0x00000040   Zero   RW         5862    .bss                uart.o
    0x20000128        -       0x00000020   Zero   RW         6141    .bss                rtc.o
    0x20000148        -       0x00000044   Zero   RW         6182    .bss                sdram.o
    0x2000018c        -       0x00000100   Zero   RW         6266    .bss                lcd.o
    0x2000028c        -       0x00000040   Zero   RW         6365    .bss                timer.o
    0x200002cc        -       0x000000a0   Zero   RW         6416    .bss                advancedtimer.o
    0x2000036c        -       0x00000014   Zero   RW         6535    .bss                wwdg.o
    0x20000380        -       0x00000008   Zero   RW         7527    .bss                STemWin_CM4_wc16_ot_ARGB.a(GUICC_M1555I.o)
    0x20000388        -       0x00000008   Zero   RW         7537    .bss                STemWin_CM4_wc16_ot_ARGB.a(GUICC_M4444I.o)
    0x20000390        -       0x00000008   Zero   RW         7556    .bss                STemWin_CM4_wc16_ot_ARGB.a(GUICC_M565.o)
    0x20000398        -       0x0000000c   Zero   RW         7575    .bss                STemWin_CM4_wc16_ot_ARGB.a(GUI_Alloc.o)
    0x200003a4        -       0x000000a4   Zero   RW         7700    .bss                STemWin_CM4_wc16_ot_ARGB.a(GUI_Core.o)
    0x20000448        -       0x0000004c   Zero   RW         7729    .bss                STemWin_CM4_wc16_ot_ARGB.a(GUI_Cursor.o)
    0x20000494        -       0x0000002c   Zero   RW         7778    .bss                STemWin_CM4_wc16_ot_ARGB.a(GUI_MULTIBUF.o)
    0x200004c0        -       0x00000008   Zero   RW         7797    .bss                STemWin_CM4_wc16_ot_ARGB.a(GUI_SelectLayer.o)
    0x200004c8        -       0x00000020   Zero   RW         7816    .bss                STemWin_CM4_wc16_ot_ARGB.a(GUI__Alpha.o)
    0x200004e8        -       0x0000000c   Zero   RW         7853    .bss                STemWin_CM4_wc16_ot_ARGB.a(LCD_Color.o)
    0x200004f4        -       0x00000008   Zero   RW         7865    .bss                STemWin_CM4_wc16_ot_ARGB.a(LCD_GetEx.o)
    0x200004fc        -       0x00000060   Zero   RW         8060    .bss                STemWin_CM4_wc16_ot_ARGB.a(GUI_OnKey.o)
    0x2000055c        -       0x00000008   Zero   RW         8136    .bss                STemWin_CM4_wc16_ot_ARGB.a(GUI_WaitEvent.o)
    0x20000564        -       0x00000030   Zero   RW         8272    .bss                STemWin_CM4_wc16_ot_ARGB.a(WM.o)
    0x20000594        -       0x00000014   Zero   RW         8422    .bss                STemWin_CM4_wc16_ot_ARGB.a(GUI_Timer.o)
    0x200005a8        -       0x00000018   Zero   RW         8447    .bss                STemWin_CM4_wc16_ot_ARGB.a(GUI__ManageCache.o)
    0x200005c0        -       0x00000004   Zero   RW         8492    .bss                STemWin_CM4_wc16_ot_ARGB.a(GUIDEV_Banding.o)
    0x200005c4        -       0x00000001   Zero   RW         8497    .bss                STemWin_CM4_wc16_ot_ARGB.a(GUIDEV_StaticDevices.o)
    0x200005c5   0x080168b0   0x00000003   PAD
    0x200005c8        -       0x00000004   Zero   RW         8547    .bss                STemWin_CM4_wc16_ot_ARGB.a(WM__Private.o)
    0x200005cc        -       0x00000004   Zero   RW         9014    GUI_AA__ClipX0      anon$$obj.o
    0x200005d0        -       0x000000c0   Zero   RW         9000    GUI_ALLOC__Context  anon$$obj.o
    0x20000690        -       0x00000004   Zero   RW         9021    GUI_DCACHE__pfClearCacheHook  anon$$obj.o
    0x20000694        -       0x00000001   Zero   RW         9001    GUI_DecChar         anon$$obj.o
    0x20000695   0x080168b0   0x00000001   PAD
    0x20000696        -       0x00000002   Zero   RW         9002    GUI_OrgX            anon$$obj.o
    0x20000698        -       0x00000002   Zero   RW         9003    GUI_OrgY            anon$$obj.o
    0x2000069a   0x080168b0   0x00000002   PAD
    0x2000069c        -       0x00000004   Zero   RW         9013    GUI__BufferSize     anon$$obj.o
    0x200006a0        -       0x00000001   Zero   RW         9017    GUI__IsInitialized  anon$$obj.o
    0x200006a1   0x080168b0   0x00000003   PAD
    0x200006a4        -       0x00000004   Zero   RW         9019    GUI__LayerMask      anon$$obj.o
    0x200006a8        -       0x00000001   Zero   RW         9018    GUI__NumLayersInUse  anon$$obj.o
    0x200006a9        -       0x00000001   Zero   RW         9016    GUI__PreserveTrans  anon$$obj.o
    0x200006aa   0x080168b0   0x00000002   PAD
    0x200006ac        -       0x00000002   Zero   RW         9015    GUI__aNumBuffers    anon$$obj.o
    0x200006ae   0x080168b0   0x00000002   PAD
    0x200006b0        -       0x00000008   Zero   RW         9007    GUI__apDevice       anon$$obj.o
    0x200006b8        -       0x00000004   Zero   RW         9026    GUI__pfDrawAlphaBitmapFunc  anon$$obj.o
    0x200006bc        -       0x00000004   Zero   RW         9027    GUI__pfDrawAlphaMemdevFunc  anon$$obj.o
    0x200006c0        -       0x00000004   Zero   RW         9020    GUI_pLCD_APIList    anon$$obj.o
    0x200006c4        -       0x00000004   Zero   RW         9011    GUI_pUC_API         anon$$obj.o
    0x200006c8        -       0x00000004   Zero   RW         9008    GUI_pfDispCharLine  anon$$obj.o
    0x200006cc        -       0x00000004   Zero   RW         9009    GUI_pfDispCharStyle  anon$$obj.o
    0x200006d0        -       0x00000004   Zero   RW         9006    GUI_pfExecAnimations  anon$$obj.o
    0x200006d4        -       0x00000004   Zero   RW         9004    GUI_pfTimerExec     anon$$obj.o
    0x200006d8        -       0x00000004   Zero   RW         9005    GUI_pfUpdateSoftLayer  anon$$obj.o
    0x200006dc        -       0x00000004   Zero   RW         9028    LCD__aConvTable     anon$$obj.o
    0x200006e0        -       0x00000400   Zero   RW            1    STACK               startup_stm32f429xx.o
    0x20000ae0        -       0x00000004   Zero   RW         9030    WM_MULTIBUF__pAPI   anon$$obj.o
    0x20000ae4        -       0x00000004   Zero   RW         9035    WM__CreateFlags     anon$$obj.o
    0x20000ae8        -       0x00000004   Zero   RW         9044    WM__FirstWin        anon$$obj.o
    0x20000aec        -       0x00000004   Zero   RW         9029    WM__InvalidLayerMask  anon$$obj.o
    0x20000af0        -       0x00000002   Zero   RW         9043    WM__NumInvalidWindows  anon$$obj.o
    0x20000af2        -       0x00000002   Zero   RW         9047    WM__NumWindows      anon$$obj.o
    0x20000af4        -       0x00000001   Zero   RW         9049    WM__PaintCallbackCnt  anon$$obj.o
    0x20000af5   0x080168b0   0x00000003   PAD
    0x20000af8        -       0x00000004   Zero   RW         9025    WM__TouchedLayer    anon$$obj.o
    0x20000afc        -       0x00000004   Zero   RW         9041    WM__TransWindowCnt  anon$$obj.o
    0x20000b00        -       0x00000008   Zero   RW         9046    WM__aBkColor        anon$$obj.o
    0x20000b08        -       0x00000010   Zero   RW         9039    WM__aCHWinLast      anon$$obj.o
    0x20000b18        -       0x00000010   Zero   RW         9038    WM__aCHWinModal     anon$$obj.o
    0x20000b28        -       0x00000010   Zero   RW         9040    WM__aCHWinMouseOver  anon$$obj.o
    0x20000b38        -       0x00000008   Zero   RW         9034    WM__ahCapture       anon$$obj.o
    0x20000b40        -       0x00000008   Zero   RW         9036    WM__ahDesktopWin    anon$$obj.o
    0x20000b48        -       0x00000008   Zero   RW         9033    WM__ahWinFocus      anon$$obj.o
    0x20000b50        -       0x00000004   Zero   RW         9032    WM__hATransWindow   anon$$obj.o
    0x20000b54        -       0x00000004   Zero   RW         9045    WM__hCreateStatic   anon$$obj.o
    0x20000b58        -       0x00000004   Zero   RW         9037    WM__pExecGestures   anon$$obj.o
    0x20000b5c        -       0x00000004   Zero   RW         9042    WM__pFirstCriticalHandle  anon$$obj.o
    0x20000b60        -       0x00000004   Zero   RW         9012    WM_pfHandlePID      anon$$obj.o
    0x20000b64        -       0x00000004   Zero   RW         9048    WM_pfPollPID        anon$$obj.o



  Load Region LR$$.ARM.__AT_0xD1800000 (Base: 0xd1800000, Size: 0x00000000, Max: 0x00800000, ABSOLUTE)

    Execution Region ER$$.ARM.__AT_0xD1800000 (Exec base: 0xd1800000, Load base: 0xd1800000, Size: 0x00800000, Max: 0x00800000, ABSOLUTE, UNINIT)

    Exec Addr    Load Addr    Size         Type   Attr      Idx    E Section Name        Object

    0xd1800000        -       0x00800000   Zero   RW         7198    .ARM.__AT_0xD1800000  guiconf.o


==============================================================================

Image component sizes


      Code (inc. data)   RO Data    RW Data    ZI Data      Debug   Object Name

       152         30          0         16        160       1947   advancedtimer.o
        68          8          0          0          0        893   beeper.o
        80         18          0          0          0        974   exti.o
        48         14          0          4          0       1731   gui_x.o
        20          6          0          0    8388608       1129   guiconf.o
      3514        434          8         32          0      34464   guidrv_wf.o
      1672         64          0          0        256      12188   lcd.o
       116         10          0          0          0        895   led.o
        88          4          0          0          0      51988   main.o
        96         38          0          0          0        515   maintask.o
       194         10          0          0          0       1453   rcc.o
       172         44          0          0         32       1214   rtc.o
      2068         58          0          0         68       4863   sdram.o
        36          8        428          0       1024        980   startup_stm32f429xx.o
       174         32          0          9          0       9583   stm32f4xx_hal.o
       304         22          0          0          0      34627   stm32f4xx_hal_cortex.o
       552         54          0          0          0       2388   stm32f4xx_hal_gpio.o
       904          6          0          0          0       3502   stm32f4xx_hal_ltdc.o
        12          4          0          0          0        567   stm32f4xx_hal_pwr.o
       140         12          0          0          0       1328   stm32f4xx_hal_pwr_ex.o
      1860         88          0          4          0       6072   stm32f4xx_hal_rcc.o
       772         26          0          0          0       1644   stm32f4xx_hal_rcc_ex.o
       338          4          0          0          0       3290   stm32f4xx_hal_rtc.o
       164          0          0          0          0       3404   stm32f4xx_hal_sdram.o
       462          0          0          0          0       3925   stm32f4xx_hal_tim.o
         4          0          0          0          0       1633   stm32f4xx_hal_tim_ex.o
      1438          8          0          0          0       3912   stm32f4xx_hal_uart.o
        40          0          0          0          0       1038   stm32f4xx_hal_wwdg.o
       144         22          0          4          0       5701   stm32f4xx_it.o
       368          4          0          0          0       3636   stm32f4xx_ll_fmc.o
        28          4         24          4          0     781619   system_stm32f4xx.o
        44         14          0          0         64       1614   timer.o
       252         34          0          0         64       2853   uart.o
        40         12          0          0         20       1571   wwdg.o

    ----------------------------------------------------------------------
     16380       1092        492         76    8390708     989141   Object Totals
         0          0         32          0        399          0   (incl. Generated)
        16          0          0          3         13          0   (incl. Padding)

    ----------------------------------------------------------------------

      Code (inc. data)   RO Data    RW Data    ZI Data      Debug   Library Member Name

         0          0       5016          0          0          0   F24_1.o
         0          0       4792          0          0          0   F24_ASCII.o
         0          0       1852          0          0          0   F6x8.o
       196          0         24          0          0          0   GUICC_0.o
       176          0         24          0          0          0   GUICC_16.o
       212         32         24          0          0          0   GUICC_1616I.o
       244         16         24          0          0          0   GUICC_8666.o
       188         16         24          0          0          0   GUICC_88666I.o
       300         28         24          0          8          0   GUICC_M1555I.o
       356         28         24          0          8          0   GUICC_M4444I.o
       316         44         24          0          8          0   GUICC_M565.o
        68          0         24          0          0          0   GUICC_M888.o
        56          0         24          0          0          0   GUICC_M8888I.o
         4          0          0          0          0          0   GUICC_M8888I_Index2Color.o
         8          0          0          0          0          0   GUICC_M888_Index2Color.o
       984         36          0          0          0          0   GUIDEV.o
      3420         60        116          0          0          0   GUIDEV_32.o
       360         12          0          0          4          0   GUIDEV_Banding.o
        72          4          0          0          0          0   GUIDEV_Clear.o
        36          0          0          0          0          0   GUIDEV_GetDataPtr.o
        56          4          0          0          0          0   GUIDEV_GetYSize.o
        52          4          0          0          0          0   GUIDEV_ReduceYSize.o
       104          4          0          0          0          0   GUIDEV_SetOrg.o
       408         24          0          0          1          0   GUIDEV_StaticDevices.o
        80          0          0          0          0          0   GUIDEV_Usage.o
       472          4         24          0          0          0   GUIDEV_UsageBM.o
        92          0          0          0          0          0   GUIDEV_Write.o
       776         32          0          0          0          0   GUIDEV_WriteToActiveAlpha.o
      2428          8          0          0          0          0   GUIDEV_WriteToActiveOpaque.o
      7760        262         52          0          0          0   GUIDRV_Lin_24.o
      3920         88          0          0         12          0   GUI_Alloc.o
        96         16          0          0          0          0   GUI_Char.o
       556         36          0          4          0          0   GUI_CharLine.o
       416          8          0          0          0          0   GUI_CharM.o
       372          8          0          0          0          0   GUI_CharP.o
      1040        140          0          7          0          0   GUI_Common.o
       772        116         23         20        164          0   GUI_Core.o
       376         28          0          0         76          0   GUI_Cursor.o
         0          0       5280         60          0          0   GUI_CursorResource.o
       652         32          0          0          0          0   GUI_Device.o
       296          4          0          0          0          0   GUI_DispString.o
       248          8          0          0          0          0   GUI_DrawBitmap.o
       388         44          0          0         44          0   GUI_MULTIBUF.o
        64         12          0          8         96          0   GUI_OnKey.o
      7744        196         52          0          0          0   GUI_SPRITE.o
       100         12          0          0          8          0   GUI_SelectLayer.o
        44          4          0          0          0          0   GUI_SetAlpha.o
        48          4          0          4          0          0   GUI_Time.o
       356          8          0          0         20          0   GUI_Timer.o
        80          8          0          0          0          0   GUI_UC.o
        20          0         16          0          0          0   GUI_UC_EncodeNone.o
        16          4          0          0          8          0   GUI_WaitEvent.o
      1120         72          0          8         32          0   GUI__Alpha.o
       796          8          0          0          0          0   GUI__CompactPixelIndices.o
         0          0        880          0          0          0   GUI__DivTbl.o
       408          8          0          0          0          0   GUI__ExpandPixelIndices.o
       244          8          0          0         24          0   GUI__ManageCache.o
       280          0          0          8          0          0   GUI__Private.o
      2208        256         12          4          0          0   LCD.o
        88         12          0         24          0          0   LCD_AA.o
       452         60          0          4         12          0   LCD_Color.o
        32          8          0          0          0          0   LCD_GetColorIndex.o
       816         44          0          0          8          0   LCD_GetEx.o
        32          0          0          0          0          0   LCD_GetNumDisplays.o
         0          0        256          0          0          0   LCD_Mirror.o
       596         16          0          0          0          0   LCD_ReadRect.o
        68          8          0          0          0          0   LCD_SelectLCD.o
       356          0          0          0          0          0   LCD_Set.o
        52          8          0          0          0          0   LCD_SetClipRectEx.o
        36          4          0          0          0          0   LCD_UpdateColorIndices.o
      8504        424          0          0         48          0   WM.o
       720         16          0          0          0          0   WM_Lib.o
       136         24          8          0          0          0   WM_MULTIBUF.o
       756          0          0          0          0          0   WM_Move.o
       108          0          0          0          0          0   WM_Timer.o
       468          8          0          0          4          0   WM__Private.o
         0          0          0          0          0          0   entry.o
         0          0          0          0          0          0   entry10a.o
         0          0          0          0          0          0   entry11a.o
         8          4          0          0          0          0   entry2.o
         4          0          0          0          0          0   entry5.o
         0          0          0          0          0          0   entry7b.o
         0          0          0          0          0          0   entry8b.o
         8          4          0          0          0          0   entry9a.o
        30          0          0          0          0          0   handlers.o
        36          8          0          0          0         68   init.o
        30          0          0          0          0         68   llshl.o
        32          0          0          0          0         68   llushr.o
        66          0          0          0          0         76   memmove.o
        36          0          0          0          0        108   memseta.o
      1154         54          0          0          0        352   printf8.o
         0          0          0          4          0          0   stdout.o
        98          0          0          0          0         92   uldiv.o

    ----------------------------------------------------------------------
     56612       2448      18620        156        588        832   Library Totals
         6          0          1          1          3          0   (incl. Padding)

    ----------------------------------------------------------------------

      Code (inc. data)   RO Data    RW Data    ZI Data      Debug   Library Name

     55104       2378      18619        151        585          0   STemWin_CM4_wc16_ot_ARGB.a
      1502         70          0          4          0        832   mc_w.l

    ----------------------------------------------------------------------
     56612       2448      18620        156        588        832   Library Totals

    ----------------------------------------------------------------------

==============================================================================


      Code (inc. data)   RO Data    RW Data    ZI Data      Debug   

     72992       3540      19112        232    8391296     976913   Grand Totals
     72992       3540      19112        232    8391296     976913   ELF Image Totals
     72992       3540      19112        232          0          0   ROM Totals

==============================================================================

    Total RO  Size (Code + RO Data)                92104 (  89.95kB)
    Total RW  Size (RW Data + ZI Data)           8391528 (8194.85kB)
    Total ROM Size (Code + RO Data + RW Data)      92336 (  90.17kB)

==============================================================================

